Archive member included to satisfy reference by file (symbol)

c:/st/stm32cubeide_1.7.0/stm32cubeide/plugins/com.st.stm32cube.ide.mcu.externaltools.gnu-tools-for-stm32.10.3-2021.10.win32_1.0.0.202111181127/tools/bin/../lib/gcc/arm-none-eabi/10.3.1/../../../../arm-none-eabi/lib/thumb/v7e-m+fp/hard\libstdc++_nano.a(pure.o)
                              ./Core/Src/mainpp.o (__cxa_pure_virtual)
c:/st/stm32cubeide_1.7.0/stm32cubeide/plugins/com.st.stm32cube.ide.mcu.externaltools.gnu-tools-for-stm32.10.3-2021.10.win32_1.0.0.202111181127/tools/bin/../lib/gcc/arm-none-eabi/10.3.1/../../../../arm-none-eabi/lib/thumb/v7e-m+fp/hard\libstdc++_nano.a(eh_terminate.o)
                              c:/st/stm32cubeide_1.7.0/stm32cubeide/plugins/com.st.stm32cube.ide.mcu.externaltools.gnu-tools-for-stm32.10.3-2021.10.win32_1.0.0.202111181127/tools/bin/../lib/gcc/arm-none-eabi/10.3.1/../../../../arm-none-eabi/lib/thumb/v7e-m+fp/hard\libstdc++_nano.a(pure.o) (std::terminate())
c:/st/stm32cubeide_1.7.0/stm32cubeide/plugins/com.st.stm32cube.ide.mcu.externaltools.gnu-tools-for-stm32.10.3-2021.10.win32_1.0.0.202111181127/tools/bin/../lib/gcc/arm-none-eabi/10.3.1/../../../../arm-none-eabi/lib/thumb/v7e-m+fp/hard\libstdc++_nano.a(eh_unex_handler.o)
                              c:/st/stm32cubeide_1.7.0/stm32cubeide/plugins/com.st.stm32cube.ide.mcu.externaltools.gnu-tools-for-stm32.10.3-2021.10.win32_1.0.0.202111181127/tools/bin/../lib/gcc/arm-none-eabi/10.3.1/../../../../arm-none-eabi/lib/thumb/v7e-m+fp/hard\libstdc++_nano.a(eh_terminate.o) (__cxxabiv1::__unexpected_handler)
c:/st/stm32cubeide_1.7.0/stm32cubeide/plugins/com.st.stm32cube.ide.mcu.externaltools.gnu-tools-for-stm32.10.3-2021.10.win32_1.0.0.202111181127/tools/bin/../lib/gcc/arm-none-eabi/10.3.1/../../../../arm-none-eabi/lib/thumb/v7e-m+fp/hard\libstdc++_nano.a(eh_term_handler.o)
                              c:/st/stm32cubeide_1.7.0/stm32cubeide/plugins/com.st.stm32cube.ide.mcu.externaltools.gnu-tools-for-stm32.10.3-2021.10.win32_1.0.0.202111181127/tools/bin/../lib/gcc/arm-none-eabi/10.3.1/../../../../arm-none-eabi/lib/thumb/v7e-m+fp/hard\libstdc++_nano.a(eh_terminate.o) (__cxxabiv1::__terminate_handler)
c:/st/stm32cubeide_1.7.0/stm32cubeide/plugins/com.st.stm32cube.ide.mcu.externaltools.gnu-tools-for-stm32.10.3-2021.10.win32_1.0.0.202111181127/tools/bin/../lib/gcc/arm-none-eabi/10.3.1/../../../../arm-none-eabi/lib/thumb/v7e-m+fp/hard\libc_nano.a(lib_a-abort.o)
                              c:/st/stm32cubeide_1.7.0/stm32cubeide/plugins/com.st.stm32cube.ide.mcu.externaltools.gnu-tools-for-stm32.10.3-2021.10.win32_1.0.0.202111181127/tools/bin/../lib/gcc/arm-none-eabi/10.3.1/../../../../arm-none-eabi/lib/thumb/v7e-m+fp/hard\libstdc++_nano.a(eh_terminate.o) (abort)
c:/st/stm32cubeide_1.7.0/stm32cubeide/plugins/com.st.stm32cube.ide.mcu.externaltools.gnu-tools-for-stm32.10.3-2021.10.win32_1.0.0.202111181127/tools/bin/../lib/gcc/arm-none-eabi/10.3.1/../../../../arm-none-eabi/lib/thumb/v7e-m+fp/hard\libc_nano.a(lib_a-errno.o)
                              ./Core/Src/syscalls.o (__errno)
c:/st/stm32cubeide_1.7.0/stm32cubeide/plugins/com.st.stm32cube.ide.mcu.externaltools.gnu-tools-for-stm32.10.3-2021.10.win32_1.0.0.202111181127/tools/bin/../lib/gcc/arm-none-eabi/10.3.1/../../../../arm-none-eabi/lib/thumb/v7e-m+fp/hard\libc_nano.a(lib_a-exit.o)
                              c:/st/stm32cubeide_1.7.0/stm32cubeide/plugins/com.st.stm32cube.ide.mcu.externaltools.gnu-tools-for-stm32.10.3-2021.10.win32_1.0.0.202111181127/tools/bin/../lib/gcc/arm-none-eabi/10.3.1/../../../../arm-none-eabi/lib/thumb/v7e-m+fp/hard/crt0.o (exit)
c:/st/stm32cubeide_1.7.0/stm32cubeide/plugins/com.st.stm32cube.ide.mcu.externaltools.gnu-tools-for-stm32.10.3-2021.10.win32_1.0.0.202111181127/tools/bin/../lib/gcc/arm-none-eabi/10.3.1/../../../../arm-none-eabi/lib/thumb/v7e-m+fp/hard\libc_nano.a(lib_a-impure.o)
                              c:/st/stm32cubeide_1.7.0/stm32cubeide/plugins/com.st.stm32cube.ide.mcu.externaltools.gnu-tools-for-stm32.10.3-2021.10.win32_1.0.0.202111181127/tools/bin/../lib/gcc/arm-none-eabi/10.3.1/../../../../arm-none-eabi/lib/thumb/v7e-m+fp/hard\libc_nano.a(lib_a-exit.o) (_global_impure_ptr)
c:/st/stm32cubeide_1.7.0/stm32cubeide/plugins/com.st.stm32cube.ide.mcu.externaltools.gnu-tools-for-stm32.10.3-2021.10.win32_1.0.0.202111181127/tools/bin/../lib/gcc/arm-none-eabi/10.3.1/../../../../arm-none-eabi/lib/thumb/v7e-m+fp/hard\libc_nano.a(lib_a-init.o)
                              c:/st/stm32cubeide_1.7.0/stm32cubeide/plugins/com.st.stm32cube.ide.mcu.externaltools.gnu-tools-for-stm32.10.3-2021.10.win32_1.0.0.202111181127/tools/bin/../lib/gcc/arm-none-eabi/10.3.1/../../../../arm-none-eabi/lib/thumb/v7e-m+fp/hard/crt0.o (__libc_init_array)
[...]
Memory Configuration

Name             Origin             Length             Attributes
RAM              0x0000000020000000 0x0000000000020000 xrw
FLASH            0x0000000008000000 0x0000000000080000 xr
*default*        0x0000000000000000 0xffffffffffffffff

Linker script and memory map

LOAD c:/st/stm32cubeide_1.7.0/stm32cubeide/plugins/com.st.stm32cube.ide.mcu.externaltools.gnu-tools-for-stm32.10.3-2021.10.win32_1.0.0.202111181127/tools/bin/../lib/gcc/arm-none-eabi/10.3.1/thumb/v7e-m+fp/hard/crti.o
LOAD c:/st/stm32cubeide_1.7.0/stm32cubeide/plugins/com.st.stm32cube.ide.mcu.externaltools.gnu-tools-for-stm32.10.3-2021.10.win32_1.0.0.202111181127/tools/bin/../lib/gcc/arm-none-eabi/10.3.1/thumb/v7e-m+fp/hard/crtbegin.o
LOAD c:/st/stm32cubeide_1.7.0/stm32cubeide/plugins/com.st.stm32cube.ide.mcu.externaltools.gnu-tools-for-stm32.10.3-2021.10.win32_1.0.0.202111181127/tools/bin/../lib/gcc/arm-none-eabi/10.3.1/../../../../arm-none-eabi/lib/thumb/v7e-m+fp/hard/crt0.o
LOAD ./Core/Inc/ros_lib/BufferedSerial.o
LOAD ./Core/Inc/ros_lib/duration.o
LOAD ./Core/Inc/ros_lib/time.o
LOAD ./Core/Src/main.o
LOAD ./Core/Src/mainpp.o
LOAD ./Core/Src/stm32f4xx_hal_msp.o
LOAD ./Core/Src/stm32f4xx_it.o
LOAD ./Core/Src/syscalls.o
LOAD ./Core/Src/sysmem.o
LOAD ./Core/Src/system_stm32f4xx.o
LOAD ./Core/Startup/startup_stm32f446retx.o
LOAD ./Drivers/STM32F4xx_HAL_Driver/Src/stm32f4xx_hal.o
LOAD ./Drivers/STM32F4xx_HAL_Driver/Src/stm32f4xx_hal_adc.o
LOAD ./Drivers/STM32F4xx_HAL_Driver/Src/stm32f4xx_hal_adc_ex.o
LOAD ./Drivers/STM32F4xx_HAL_Driver/Src/stm32f4xx_hal_cortex.o
LOAD ./Drivers/STM32F4xx_HAL_Driver/Src/stm32f4xx_hal_dma.o
LOAD ./Drivers/STM32F4xx_HAL_Driver/Src/stm32f4xx_hal_dma_ex.o
LOAD ./Drivers/STM32F4xx_HAL_Driver/Src/stm32f4xx_hal_exti.o
LOAD ./Drivers/STM32F4xx_HAL_Driver/Src/stm32f4xx_hal_flash.o
LOAD ./Drivers/STM32F4xx_HAL_Driver/Src/stm32f4xx_hal_flash_ex.o
LOAD ./Drivers/STM32F4xx_HAL_Driver/Src/stm32f4xx_hal_flash_ramfunc.o
LOAD ./Drivers/STM32F4xx_HAL_Driver/Src/stm32f4xx_hal_gpio.o
LOAD ./Drivers/STM32F4xx_HAL_Driver/Src/stm32f4xx_hal_pwr.o
LOAD ./Drivers/STM32F4xx_HAL_Driver/Src/stm32f4xx_hal_pwr_ex.o
LOAD ./Drivers/STM32F4xx_HAL_Driver/Src/stm32f4xx_hal_rcc.o
LOAD ./Drivers/STM32F4xx_HAL_Driver/Src/stm32f4xx_hal_rcc_ex.o
LOAD ./Drivers/STM32F4xx_HAL_Driver/Src/stm32f4xx_hal_tim.o
LOAD ./Drivers/STM32F4xx_HAL_Driver/Src/stm32f4xx_hal_tim_ex.o
LOAD ./Drivers/STM32F4xx_HAL_Driver/Src/stm32f4xx_hal_uart.o
LOAD ./Drivers/STM32F4xx_HAL_Driver/Src/stm32f4xx_ll_adc.o
START GROUP
LOAD c:/st/stm32cubeide_1.7.0/stm32cubeide/plugins/com.st.stm32cube.ide.mcu.externaltools.gnu-tools-for-stm32.10.3-2021.10.win32_1.0.0.202111181127/tools/bin/../lib/gcc/arm-none-eabi/10.3.1/../../../../arm-none-eabi/lib/thumb/v7e-m+fp/hard\libstdc++_nano.a
LOAD c:/st/stm32cubeide_1.7.0/stm32cubeide/plugins/com.st.stm32cube.ide.mcu.externaltools.gnu-tools-for-stm32.10.3-2021.10.win32_1.0.0.202111181127/tools/bin/../lib/gcc/arm-none-eabi/10.3.1/../../../../arm-none-eabi/lib/thumb/v7e-m+fp/hard\libsupc++_nano.a
END GROUP
LOAD c:/st/stm32cubeide_1.7.0/stm32cubeide/plugins/com.st.stm32cube.ide.mcu.externaltools.gnu-tools-for-stm32.10.3-2021.10.win32_1.0.0.202111181127/tools/bin/../lib/gcc/arm-none-eabi/10.3.1/../../../../arm-none-eabi/lib/thumb/v7e-m+fp/hard\libstdc++_nano.a
LOAD c:/st/stm32cubeide_1.7.0/stm32cubeide/plugins/com.st.stm32cube.ide.mcu.externaltools.gnu-tools-for-stm32.10.3-2021.10.win32_1.0.0.202111181127/tools/bin/../lib/gcc/arm-none-eabi/10.3.1/../../../../arm-none-eabi/lib/thumb/v7e-m+fp/hard\libm.a
LOAD c:/st/stm32cubeide_1.7.0/stm32cubeide/plugins/com.st.stm32cube.ide.mcu.externaltools.gnu-tools-for-stm32.10.3-2021.10.win32_1.0.0.202111181127/tools/bin/../lib/gcc/arm-none-eabi/10.3.1/../../../../arm-none-eabi/lib/thumb/v7e-m+fp/hard\libc_nano.a
START GROUP
LOAD c:/st/stm32cubeide_1.7.0/stm32cubeide/plugins/com.st.stm32cube.ide.mcu.externaltools.gnu-tools-for-stm32.10.3-2021.10.win32_1.0.0.202111181127/tools/bin/../lib/gcc/arm-none-eabi/10.3.1/thumb/v7e-m+fp/hard\libgcc.a
LOAD c:/st/stm32cubeide_1.7.0/stm32cubeide/plugins/com.st.stm32cube.ide.mcu.externaltools.gnu-tools-for-stm32.10.3-2021.10.win32_1.0.0.202111181127/tools/bin/../lib/gcc/arm-none-eabi/10.3.1/../../../../arm-none-eabi/lib/thumb/v7e-m+fp/hard\libc_nano.a
END GROUP
START GROUP
LOAD c:/st/stm32cubeide_1.7.0/stm32cubeide/plugins/com.st.stm32cube.ide.mcu.externaltools.gnu-tools-for-stm32.10.3-2021.10.win32_1.0.0.202111181127/tools/bin/../lib/gcc/arm-none-eabi/10.3.1/thumb/v7e-m+fp/hard\libgcc.a
LOAD c:/st/stm32cubeide_1.7.0/stm32cubeide/plugins/com.st.stm32cube.ide.mcu.externaltools.gnu-tools-for-stm32.10.3-2021.10.win32_1.0.0.202111181127/tools/bin/../lib/gcc/arm-none-eabi/10.3.1/../../../../arm-none-eabi/lib/thumb/v7e-m+fp/hard\libc_nano.a
LOAD c:/st/stm32cubeide_1.7.0/stm32cubeide/plugins/com.st.stm32cube.ide.mcu.externaltools.gnu-tools-for-stm32.10.3-2021.10.win32_1.0.0.202111181127/tools/bin/../lib/gcc/arm-none-eabi/10.3.1/../../../../arm-none-eabi/lib/thumb/v7e-m+fp/hard\libnosys.a
END GROUP
START GROUP
LOAD c:/st/stm32cubeide_1.7.0/stm32cubeide/plugins/com.st.stm32cube.ide.mcu.externaltools.gnu-tools-for-stm32.10.3-2021.10.win32_1.0.0.202111181127/tools/bin/../lib/gcc/arm-none-eabi/10.3.1/thumb/v7e-m+fp/hard\libgcc.a
LOAD c:/st/stm32cubeide_1.7.0/stm32cubeide/plugins/com.st.stm32cube.ide.mcu.externaltools.gnu-tools-for-stm32.10.3-2021.10.win32_1.0.0.202111181127/tools/bin/../lib/gcc/arm-none-eabi/10.3.1/../../../../arm-none-eabi/lib/thumb/v7e-m+fp/hard\libc_nano.a
LOAD c:/st/stm32cubeide_1.7.0/stm32cubeide/plugins/com.st.stm32cube.ide.mcu.externaltools.gnu-tools-for-stm32.10.3-2021.10.win32_1.0.0.202111181127/tools/bin/../lib/gcc/arm-none-eabi/10.3.1/../../../../arm-none-eabi/lib/thumb/v7e-m+fp/hard\libnosys.a
END GROUP
LOAD c:/st/stm32cubeide_1.7.0/stm32cubeide/plugins/com.st.stm32cube.ide.mcu.externaltools.gnu-tools-for-stm32.10.3-2021.10.win32_1.0.0.202111181127/tools/bin/../lib/gcc/arm-none-eabi/10.3.1/thumb/v7e-m+fp/hard/crtend.o
LOAD c:/st/stm32cubeide_1.7.0/stm32cubeide/plugins/com.st.stm32cube.ide.mcu.externaltools.gnu-tools-for-stm32.10.3-2021.10.win32_1.0.0.202111181127/tools/bin/../lib/gcc/arm-none-eabi/10.3.1/thumb/v7e-m+fp/hard/crtn.o
                0x0000000020020000                _estack = (ORIGIN (RAM) + LENGTH (RAM))
                0x0000000000000200                _Min_Heap_Size = 0x200
                0x0000000000000400                _Min_Stack_Size = 0x400

.isr_vector     0x0000000008000000      0x1c4
                0x0000000008000000                . = ALIGN (0x4)
 *(.isr_vector)
 .isr_vector    0x0000000008000000      0x1c4 ./Core/Startup/startup_stm32f446retx.o
                0x0000000008000000                g_pfnVectors
                0x00000000080001c4                . = ALIGN (0x4)

.text           0x00000000080001c4     0x7390
                0x00000000080001c4                . = ALIGN (0x4)
 *(.text)
 .text          0x00000000080001c4       0x40 c:/st/stm32cubeide_1.7.0/stm32cubeide/plugins/com.st.stm32cube.ide.mcu.externaltools.gnu-tools-for-stm32.10.3-2021.10.win32_1.0.0.202111181127/tools/bin/../lib/gcc/arm-none-eabi/10.3.1/thumb/v7e-m+fp/hard/crtbegin.o
 .text          0x0000000008000204       0x10 c:/st/stm32cubeide_1.7.0/stm32cubeide/plugins/com.st.stm32cube.ide.mcu.externaltools.gnu-tools-for-stm32.10.3-2021.10.win32_1.0.0.202111181127/tools/bin/../lib/gcc/arm-none-eabi/10.3.1/../../../../arm-none-eabi/lib/thumb/v7e-m+fp/hard\libc_nano.a(lib_a-strlen.o)
                0x0000000008000204                strlen
 .text          0x0000000008000214      0x254 c:/st/stm32cubeide_1.7.0/stm32cubeide/plugins/com.st.stm32cube.ide.mcu.externaltools.gnu-tools-for-stm32.10.3-2021.10.win32_1.0.0.202111181127/tools/bin/../lib/gcc/arm-none-eabi/10.3.1/thumb/v7e-m+fp/hard\libgcc.a(_arm_muldf3.o)
                0x0000000008000214                __muldf3
                0x0000000008000214                __aeabi_dmul
 .text          0x0000000008000468      0x378 c:/st/stm32cubeide_1.7.0/stm32cubeide/plugins/com.st.stm32cube.ide.mcu.externaltools.gnu-tools-for-stm32.10.3-2021.10.win32_1.0.0.202111181127/tools/bin/../lib/gcc/arm-none-eabi/10.3.1/thumb/v7e-m+fp/hard\libgcc.a(_arm_addsubdf3.o)
                0x0000000008000468                __aeabi_drsub
                0x0000000008000470                __aeabi_dsub
                0x0000000008000470                __subdf3
                0x0000000008000474                __aeabi_dadd
                0x0000000008000474                __adddf3
                0x00000000080006ec                __floatunsidf
                0x00000000080006ec                __aeabi_ui2d
                0x000000000800070c                __floatsidf
                0x000000000800070c                __aeabi_i2d
                0x0000000008000730                __aeabi_f2d
                0x0000000008000730                __extendsfdf2
                0x0000000008000774                __floatundidf
                0x0000000008000774                __aeabi_ul2d
                0x0000000008000784                __floatdidf
                0x0000000008000784                __aeabi_l2d
 .text          0x00000000080007e0       0xa0 c:/st/stm32cubeide_1.7.0/stm32cubeide/plugins/com.st.stm32cube.ide.mcu.externaltools.gnu-tools-for-stm32.10.3-2021.10.win32_1.0.0.202111181127/tools/bin/../lib/gcc/arm-none-eabi/10.3.1/thumb/v7e-m+fp/hard\libgcc.a(_arm_truncdfsf2.o)
                0x00000000080007e0                __truncdfsf2
                0x00000000080007e0                __aeabi_d2f
 .text          0x0000000008000880       0x30 c:/st/stm32cubeide_1.7.0/stm32cubeide/plugins/com.st.stm32cube.ide.mcu.externaltools.gnu-tools-for-stm32.10.3-2021.10.win32_1.0.0.202111181127/tools/bin/../lib/gcc/arm-none-eabi/10.3.1/thumb/v7e-m+fp/hard\libgcc.a(_aeabi_uldivmod.o)
                0x0000000008000880                __aeabi_uldivmod
 .text          0x00000000080008b0      0x2d0 c:/st/stm32cubeide_1.7.0/stm32cubeide/plugins/com.st.stm32cube.ide.mcu.externaltools.gnu-tools-for-stm32.10.3-2021.10.win32_1.0.0.202111181127/tools/bin/../lib/gcc/arm-none-eabi/10.3.1/thumb/v7e-m+fp/hard\libgcc.a(_udivmoddi4.o)
                0x00000000080008b0                __udivmoddi4
 .text          0x0000000008000b80        0x4 c:/st/stm32cubeide_1.7.0/stm32cubeide/plugins/com.st.stm32cube.ide.mcu.externaltools.gnu-tools-for-stm32.10.3-2021.10.win32_1.0.0.202111181127/tools/bin/../lib/gcc/arm-none-eabi/10.3.1/thumb/v7e-m+fp/hard\libgcc.a(_dvmd_tls.o)
                0x0000000008000b80                __aeabi_idiv0
                0x0000000008000b80                __aeabi_ldiv0
 *(.text*)
 .text._ZN14BufferedSerialC2ER20__UART_HandleTypeDef
                0x0000000008000b84       0x40 ./Core/Inc/ros_lib/BufferedSerial.o
                0x0000000008000b84                BufferedSerial::BufferedSerial(__UART_HandleTypeDef&)
                0x0000000008000b84                BufferedSerial::BufferedSerial(__UART_HandleTypeDef&)
 .text._ZN14BufferedSerial4initEv
                0x0000000008000bc4       0x16 ./Core/Inc/ros_lib/BufferedSerial.o
                0x0000000008000bc4                BufferedSerial::init()
 .text._ZN14BufferedSerial4readEv
                0x0000000008000bda       0x6c ./Core/Inc/ros_lib/BufferedSerial.o
                0x0000000008000bda                BufferedSerial::read()
 .text._ZN14BufferedSerial5writeEPKhi
                0x0000000008000c46       0xae ./Core/Inc/ros_lib/BufferedSerial.o
                0x0000000008000c46                BufferedSerial::write(unsigned char const*, int)
 .text._ZN14BufferedSerial15flush_tx_bufferEv
                0x0000000008000cf4      0x11c ./Core/Inc/ros_lib/BufferedSerial.o
                0x0000000008000cf4                BufferedSerial::flush_tx_buffer()
 .text._ZN14BufferedSerial15reset_rx_bufferEv
                0x0000000008000e10       0x22 ./Core/Inc/ros_lib/BufferedSerial.o
                0x0000000008000e10                BufferedSerial::reset_rx_buffer()
 .text._ZN14BufferedSerial10get_handleEv
                0x0000000008000e32       0x18 ./Core/Inc/ros_lib/BufferedSerial.o
                0x0000000008000e32                BufferedSerial::get_handle()
 *fill*         0x0000000008000e4a        0x2 
 .text.HAL_UART_TxCpltCallback
                0x0000000008000e4c       0x38 ./Core/Inc/ros_lib/BufferedSerial.o
                0x0000000008000e4c                HAL_UART_TxCpltCallback
 .text.HAL_UART_RxCpltCallback
                0x0000000008000e84       0x1c ./Core/Inc/ros_lib/BufferedSerial.o
                0x0000000008000e84                HAL_UART_RxCpltCallback
 .text._Z41__static_initialization_and_destruction_0ii
                0x0000000008000ea0       0x34 ./Core/Inc/ros_lib/BufferedSerial.o
 .text._GLOBAL__sub_I_buff_serial
                0x0000000008000ed4       0x10 ./Core/Inc/ros_lib/BufferedSerial.o
 .text._ZN3ros16normalizeSecNSecERmS0_
                0x0000000008000ee4       0x58 ./Core/Inc/ros_lib/time.o
                0x0000000008000ee4                ros::normalizeSecNSec(unsigned long&, unsigned long&)
 .text.main     0x0000000008000f3c       0x5c ./Core/Src/main.o
                0x0000000008000f3c                main
 .text.SystemClock_Config
                0x0000000008000f98       0xe4 ./Core/Src/main.o
                0x0000000008000f98                SystemClock_Config
 .text.MX_ADC1_Init
                0x000000000800107c       0xc0 ./Core/Src/main.o
 .text.MX_USART3_UART_Init
                0x000000000800113c       0x54 ./Core/Src/main.o
 .text.MX_DMA_Init
                0x0000000008001190       0x7c ./Core/Src/main.o
 .text.MX_GPIO_Init
                0x000000000800120c      0x130 ./Core/Src/main.o
 .text.Error_Handler
                0x000000000800133c        0xa ./Core/Src/main.o
                0x000000000800133c                Error_Handler
 *fill*         0x0000000008001346        0x2 
 .text._ZN13STM32HardwareC2Ev
                0x0000000008001348       0x20 ./Core/Src/mainpp.o
                0x0000000008001348                STM32Hardware::STM32Hardware()
                0x0000000008001348                STM32Hardware::STM32Hardware()
 .text._ZN13STM32Hardware4initEv
                0x0000000008001368       0x1a ./Core/Src/mainpp.o
                0x0000000008001368                STM32Hardware::init()
 .text._ZN13STM32Hardware4readEv
                0x0000000008001382       0x1c ./Core/Src/mainpp.o
                0x0000000008001382                STM32Hardware::read()
 .text._ZN13STM32Hardware5writeEPhi
                0x000000000800139e       0x22 ./Core/Src/mainpp.o
                0x000000000800139e                STM32Hardware::write(unsigned char*, int)
 .text._ZN13STM32Hardware4timeEv
                0x00000000080013c0       0x16 ./Core/Src/mainpp.o
                0x00000000080013c0                STM32Hardware::time()
 .text._ZN3ros3Msg19serializeAvrFloat64EPhf
                0x00000000080013d6       0xd8 ./Core/Src/mainpp.o
                0x00000000080013d6                ros::Msg::serializeAvrFloat64(unsigned char*, float)
 .text._ZN3ros3Msg21deserializeAvrFloat64EPKhPf
                0x00000000080014ae       0xc4 ./Core/Src/mainpp.o
                0x00000000080014ae                ros::Msg::deserializeAvrFloat64(unsigned char const*, float*)
 .text._ZN3ros4TimeC2Ev
                0x0000000008001572       0x22 ./Core/Src/mainpp.o
                0x0000000008001572                ros::Time::Time()
                0x0000000008001572                ros::Time::Time()
 .text._ZN3ros3MsgC2Ev
                0x0000000008001594       0x20 ./Core/Src/mainpp.o
                0x0000000008001594                ros::Msg::Msg()
                0x0000000008001594                ros::Msg::Msg()
 .text._ZN8std_msgs4TimeC2Ev
                0x00000000080015b4       0x30 ./Core/Src/mainpp.o
                0x00000000080015b4                std_msgs::Time::Time()
                0x00000000080015b4                std_msgs::Time::Time()
 .text._ZNK8std_msgs4Time9serializeEPh
                0x00000000080015e4       0xb0 ./Core/Src/mainpp.o
                0x00000000080015e4                std_msgs::Time::serialize(unsigned char*) const
 .text._ZN8std_msgs4Time11deserializeEPh
                0x0000000008001694       0xc8 ./Core/Src/mainpp.o
                0x0000000008001694                std_msgs::Time::deserialize(unsigned char*)
 .text._ZN8std_msgs4Time7getTypeEv
                0x000000000800175c       0x1c ./Core/Src/mainpp.o
                0x000000000800175c                std_msgs::Time::getType()
 .text._ZN8std_msgs4Time6getMD5Ev
                0x0000000008001778       0x1c ./Core/Src/mainpp.o
                0x0000000008001778                std_msgs::Time::getMD5()
 .text._ZN14rosserial_msgs9TopicInfoC2Ev
                0x0000000008001794       0x48 ./Core/Src/mainpp.o
                0x0000000008001794                rosserial_msgs::TopicInfo::TopicInfo()
                0x0000000008001794                rosserial_msgs::TopicInfo::TopicInfo()
 .text._ZNK14rosserial_msgs9TopicInfo9serializeEPh
                0x00000000080017dc      0x136 ./Core/Src/mainpp.o
                0x00000000080017dc                rosserial_msgs::TopicInfo::serialize(unsigned char*) const
 .text._ZN14rosserial_msgs9TopicInfo11deserializeEPh
                0x0000000008001912      0x1d0 ./Core/Src/mainpp.o
                0x0000000008001912                rosserial_msgs::TopicInfo::deserialize(unsigned char*)
 *fill*         0x0000000008001ae2        0x2 
 .text._ZN14rosserial_msgs9TopicInfo7getTypeEv
                0x0000000008001ae4       0x1c ./Core/Src/mainpp.o
                0x0000000008001ae4                rosserial_msgs::TopicInfo::getType()
 .text._ZN14rosserial_msgs9TopicInfo6getMD5Ev
                0x0000000008001b00       0x1c ./Core/Src/mainpp.o
                0x0000000008001b00                rosserial_msgs::TopicInfo::getMD5()
 .text._ZN14rosserial_msgs3LogC2Ev
                0x0000000008001b1c       0x34 ./Core/Src/mainpp.o
                0x0000000008001b1c                rosserial_msgs::Log::Log()
                0x0000000008001b1c                rosserial_msgs::Log::Log()
 .text._ZNK14rosserial_msgs3Log9serializeEPh
                0x0000000008001b50       0x64 ./Core/Src/mainpp.o
                0x0000000008001b50                rosserial_msgs::Log::serialize(unsigned char*) const
 .text._ZN14rosserial_msgs3Log11deserializeEPh
                0x0000000008001bb4       0x90 ./Core/Src/mainpp.o
                0x0000000008001bb4                rosserial_msgs::Log::deserialize(unsigned char*)
 .text._ZN14rosserial_msgs3Log7getTypeEv
                0x0000000008001c44       0x1c ./Core/Src/mainpp.o
                0x0000000008001c44                rosserial_msgs::Log::getType()
 .text._ZN14rosserial_msgs3Log6getMD5Ev
                0x0000000008001c60       0x1c ./Core/Src/mainpp.o
                0x0000000008001c60                rosserial_msgs::Log::getMD5()
 .text._ZN14rosserial_msgs20RequestParamResponseC2Ev
                0x0000000008001c7c       0x48 ./Core/Src/mainpp.o
                0x0000000008001c7c                rosserial_msgs::RequestParamResponse::RequestParamResponse()
                0x0000000008001c7c                rosserial_msgs::RequestParamResponse::RequestParamResponse()
 .text._ZNK14rosserial_msgs20RequestParamResponse9serializeEPh
                0x0000000008001cc4      0x222 ./Core/Src/mainpp.o
                0x0000000008001cc4                rosserial_msgs::RequestParamResponse::serialize(unsigned char*) const
 .text._ZN14rosserial_msgs20RequestParamResponse11deserializeEPh
                0x0000000008001ee6      0x2e2 ./Core/Src/mainpp.o
                0x0000000008001ee6                rosserial_msgs::RequestParamResponse::deserialize(unsigned char*)
 .text._ZN14rosserial_msgs20RequestParamResponse7getTypeEv
                0x00000000080021c8       0x1c ./Core/Src/mainpp.o
                0x00000000080021c8                rosserial_msgs::RequestParamResponse::getType()
 .text._ZN14rosserial_msgs20RequestParamResponse6getMD5Ev
                0x00000000080021e4       0x1c ./Core/Src/mainpp.o
                0x00000000080021e4                rosserial_msgs::RequestParamResponse::getMD5()
 .text._ZN3ros9PublisherC2EPKcPNS_3MsgEi
                0x0000000008002200       0x2e ./Core/Src/mainpp.o
                0x0000000008002200                ros::Publisher::Publisher(char const*, ros::Msg*, int)
                0x0000000008002200                ros::Publisher::Publisher(char const*, ros::Msg*, int)
 .text._ZN3ros9Publisher7publishEPKNS_3MsgE
                0x000000000800222e       0x28 ./Core/Src/mainpp.o
                0x000000000800222e                ros::Publisher::publish(ros::Msg const*)
 .text._ZN3ros9Publisher15getEndpointTypeEv
                0x0000000008002256       0x18 ./Core/Src/mainpp.o
                0x0000000008002256                ros::Publisher::getEndpointType()
 *fill*         0x000000000800226e        0x2 
 .text._ZN13geometry_msgs7Vector3C2Ev
                0x0000000008002270       0x3c ./Core/Src/mainpp.o
                0x0000000008002270                geometry_msgs::Vector3::Vector3()
                0x0000000008002270                geometry_msgs::Vector3::Vector3()
 .text._ZNK13geometry_msgs7Vector39serializeEPh
                0x00000000080022ac       0x72 ./Core/Src/mainpp.o
                0x00000000080022ac                geometry_msgs::Vector3::serialize(unsigned char*) const
 .text._ZN13geometry_msgs7Vector311deserializeEPh
                0x000000000800231e       0x66 ./Core/Src/mainpp.o
                0x000000000800231e                geometry_msgs::Vector3::deserialize(unsigned char*)
 .text._ZN13geometry_msgs7Vector37getTypeEv
                0x0000000008002384       0x1c ./Core/Src/mainpp.o
                0x0000000008002384                geometry_msgs::Vector3::getType()
 .text._ZN13geometry_msgs7Vector36getMD5Ev
                0x00000000080023a0       0x1c ./Core/Src/mainpp.o
                0x00000000080023a0                geometry_msgs::Vector3::getMD5()
 .text._ZN13geometry_msgs5TwistC2Ev
                0x00000000080023bc       0x38 ./Core/Src/mainpp.o
                0x00000000080023bc                geometry_msgs::Twist::Twist()
                0x00000000080023bc                geometry_msgs::Twist::Twist()
 .text._ZNK13geometry_msgs5Twist9serializeEPh
                0x00000000080023f4       0x4a ./Core/Src/mainpp.o
                0x00000000080023f4                geometry_msgs::Twist::serialize(unsigned char*) const
 .text._ZN13geometry_msgs5Twist11deserializeEPh
                0x000000000800243e       0x4a ./Core/Src/mainpp.o
                0x000000000800243e                geometry_msgs::Twist::deserialize(unsigned char*)
 .text._ZN13geometry_msgs5Twist7getTypeEv
                0x0000000008002488       0x1c ./Core/Src/mainpp.o
                0x0000000008002488                geometry_msgs::Twist::getType()
 .text._ZN13geometry_msgs5Twist6getMD5Ev
                0x00000000080024a4       0x1c ./Core/Src/mainpp.o
                0x00000000080024a4                geometry_msgs::Twist::getMD5()
 .text._ZN13freeway_joyfw10stm_fw_msgC2Ev
                0x00000000080024c0       0x3c ./Core/Src/mainpp.o
                0x00000000080024c0                freeway_joyfw::stm_fw_msg::stm_fw_msg()
                0x00000000080024c0                freeway_joyfw::stm_fw_msg::stm_fw_msg()
 .text._ZNK13freeway_joyfw10stm_fw_msg9serializeEPh
                0x00000000080024fc       0x5e ./Core/Src/mainpp.o
                0x00000000080024fc                freeway_joyfw::stm_fw_msg::serialize(unsigned char*) const
 .text._ZN13freeway_joyfw10stm_fw_msg11deserializeEPh
                0x000000000800255a       0x72 ./Core/Src/mainpp.o
                0x000000000800255a                freeway_joyfw::stm_fw_msg::deserialize(unsigned char*)
 .text._ZN13freeway_joyfw10stm_fw_msg7getTypeEv
                0x00000000080025cc       0x1c ./Core/Src/mainpp.o
                0x00000000080025cc                freeway_joyfw::stm_fw_msg::getType()
 .text._ZN13freeway_joyfw10stm_fw_msg6getMD5Ev
                0x00000000080025e8       0x1c ./Core/Src/mainpp.o
                0x00000000080025e8                freeway_joyfw::stm_fw_msg::getMD5()
 .text._ZN13freeway_joyfw10stm_am_msgC2Ev
                0x0000000008002604       0x2c ./Core/Src/mainpp.o
                0x0000000008002604                freeway_joyfw::stm_am_msg::stm_am_msg()
                0x0000000008002604                freeway_joyfw::stm_am_msg::stm_am_msg()
 .text._ZNK13freeway_joyfw10stm_am_msg9serializeEPh
                0x0000000008002630       0x32 ./Core/Src/mainpp.o
                0x0000000008002630                freeway_joyfw::stm_am_msg::serialize(unsigned char*) const
 .text._ZN13freeway_joyfw10stm_am_msg11deserializeEPh
                0x0000000008002662       0x3c ./Core/Src/mainpp.o
                0x0000000008002662                freeway_joyfw::stm_am_msg::deserialize(unsigned char*)
 *fill*         0x000000000800269e        0x2 
 .text._ZN13freeway_joyfw10stm_am_msg7getTypeEv
                0x00000000080026a0       0x1c ./Core/Src/mainpp.o
                0x00000000080026a0                freeway_joyfw::stm_am_msg::getType()
 .text._ZN13freeway_joyfw10stm_am_msg6getMD5Ev
                0x00000000080026bc       0x1c ./Core/Src/mainpp.o
                0x00000000080026bc                freeway_joyfw::stm_am_msg::getMD5()
 .text._Z12am_status_cbRKN13freeway_joyfw10stm_am_msgE
                0x00000000080026d8       0x28 ./Core/Src/mainpp.o
                0x00000000080026d8                am_status_cb(freeway_joyfw::stm_am_msg const&)
 .text.map      0x0000000008002700       0x38 ./Core/Src/mainpp.o
                0x0000000008002700                map
 .text.setup    0x0000000008002738       0x48 ./Core/Src/mainpp.o
                0x0000000008002738                setup
 .text.loop     0x0000000008002780      0x194 ./Core/Src/mainpp.o
                0x0000000008002780                loop
 .text.HAL_GPIO_EXTI_Callback
                0x0000000008002914       0x54 ./Core/Src/mainpp.o
                0x0000000008002914                HAL_GPIO_EXTI_Callback
 .text._ZN3ros3Msg8varToArrIPhmEEvT_T0_
                0x0000000008002968       0x3c ./Core/Src/mainpp.o
                0x0000000008002968                void ros::Msg::varToArr<unsigned char*, unsigned long>(unsigned char*, unsigned long)
 .text._ZN3ros3Msg8arrToVarImPhEEvRT_T0_
                0x00000000080029a4       0x4a ./Core/Src/mainpp.o
                0x00000000080029a4                void ros::Msg::arrToVar<unsigned long, unsigned char*>(unsigned long&, unsigned char*)
 *fill*         0x00000000080029ee        0x2 
 .text._ZN3ros15NodeHandleBase_C2Ev
                0x00000000080029f0       0x20 ./Core/Src/mainpp.o
                0x00000000080029f0                ros::NodeHandleBase_::NodeHandleBase_()
                0x00000000080029f0                ros::NodeHandleBase_::NodeHandleBase_()
 .text._ZN3ros11NodeHandle_I13STM32HardwareLi25ELi25ELi1024ELi1024EEC2Ev
                0x0000000008002a10       0xfc ./Core/Src/mainpp.o
                0x0000000008002a10                ros::NodeHandle_<STM32Hardware, 25, 25, 1024, 1024>::NodeHandle_()
                0x0000000008002a10                ros::NodeHandle_<STM32Hardware, 25, 25, 1024, 1024>::NodeHandle_()
 .text._ZN3ros11Subscriber_C2Ev
                0x0000000008002b0c       0x20 ./Core/Src/mainpp.o
                0x0000000008002b0c                ros::Subscriber_::Subscriber_()
                0x0000000008002b0c                ros::Subscriber_::Subscriber_()
 .text._ZN3ros10SubscriberIN13freeway_joyfw10stm_am_msgEvEC2EPKcPFvRKS2_Ei
                0x0000000008002b2c       0x48 ./Core/Src/mainpp.o
                0x0000000008002b2c                ros::Subscriber<freeway_joyfw::stm_am_msg, void>::Subscriber(char const*, void (*)(freeway_joyfw::stm_am_msg const&), int)
                0x0000000008002b2c                ros::Subscriber<freeway_joyfw::stm_am_msg, void>::Subscriber(char const*, void (*)(freeway_joyfw::stm_am_msg const&), int)
 .text._ZN3ros11NodeHandle_I13STM32HardwareLi25ELi25ELi1024ELi1024EE8initNodeEv
                0x0000000008002b74       0x3a ./Core/Src/mainpp.o
                0x0000000008002b74                ros::NodeHandle_<STM32Hardware, 25, 25, 1024, 1024>::initNode()
 .text._ZN3ros11NodeHandle_I13STM32HardwareLi25ELi25ELi1024ELi1024EE9subscribeINS_10SubscriberIN13freeway_joyfw10stm_am_msgEvEEEEbRT_
                0x0000000008002bae       0x5a ./Core/Src/mainpp.o
                0x0000000008002bae                bool ros::NodeHandle_<STM32Hardware, 25, 25, 1024, 1024>::subscribe<ros::Subscriber<freeway_joyfw::stm_am_msg, void> >(ros::Subscriber<freeway_joyfw::stm_am_msg, void>&)
 .text._ZN3ros11NodeHandle_I13STM32HardwareLi25ELi25ELi1024ELi1024EE9advertiseERNS_9PublisherE
                0x0000000008002c08       0x5c ./Core/Src/mainpp.o
                0x0000000008002c08                ros::NodeHandle_<STM32Hardware, 25, 25, 1024, 1024>::advertise(ros::Publisher&)
 .text._ZN3ros11NodeHandle_I13STM32HardwareLi25ELi25ELi1024ELi1024EE8spinOnceEv
                0x0000000008002c64      0x3a6 ./Core/Src/mainpp.o
                0x0000000008002c64                ros::NodeHandle_<STM32Hardware, 25, 25, 1024, 1024>::spinOnce()
 .text._ZN3ros11NodeHandle_I13STM32HardwareLi25ELi25ELi1024ELi1024EE15requestSyncTimeEv
                0x000000000800300a       0x3a ./Core/Src/mainpp.o
                0x000000000800300a                ros::NodeHandle_<STM32Hardware, 25, 25, 1024, 1024>::requestSyncTime()
 .text._ZN3ros11NodeHandle_I13STM32HardwareLi25ELi25ELi1024ELi1024EE15negotiateTopicsEv
                0x0000000008003044      0x1c0 ./Core/Src/mainpp.o
                0x0000000008003044                ros::NodeHandle_<STM32Hardware, 25, 25, 1024, 1024>::negotiateTopics()
 .text._ZN3ros11NodeHandle_I13STM32HardwareLi25ELi25ELi1024ELi1024EE8syncTimeEPh
                0x0000000008003204       0x94 ./Core/Src/mainpp.o
                0x0000000008003204                ros::NodeHandle_<STM32Hardware, 25, 25, 1024, 1024>::syncTime(unsigned char*)
 .text._ZN3ros11NodeHandle_I13STM32HardwareLi25ELi25ELi1024ELi1024EE7publishEiPKNS_3MsgE
                0x0000000008003298      0x128 ./Core/Src/mainpp.o
                0x0000000008003298                ros::NodeHandle_<STM32Hardware, 25, 25, 1024, 1024>::publish(int, ros::Msg const*)
 .text._ZN3ros11NodeHandle_I13STM32HardwareLi25ELi25ELi1024ELi1024EE6setNowERNS_4TimeE
                0x00000000080033c0       0x7c ./Core/Src/mainpp.o
                0x00000000080033c0                ros::NodeHandle_<STM32Hardware, 25, 25, 1024, 1024>::setNow(ros::Time&)
 .text._ZN3ros11NodeHandle_I13STM32HardwareLi25ELi25ELi1024ELi1024EE8logerrorEPKc
                0x000000000800343c       0x1c ./Core/Src/mainpp.o
                0x000000000800343c                ros::NodeHandle_<STM32Hardware, 25, 25, 1024, 1024>::logerror(char const*)
 .text._ZN3ros11NodeHandle_I13STM32HardwareLi25ELi25ELi1024ELi1024EE3logEcPKc
                0x0000000008003458       0x38 ./Core/Src/mainpp.o
                0x0000000008003458                ros::NodeHandle_<STM32Hardware, 25, 25, 1024, 1024>::log(char, char const*)
 .text._Z41__static_initialization_and_destruction_0ii
                0x0000000008003490       0x6c ./Core/Src/mainpp.o
 .text._ZN3ros10SubscriberIN13freeway_joyfw10stm_am_msgEvE8callbackEPh
                0x00000000080034fc       0x2a ./Core/Src/mainpp.o
                0x00000000080034fc                ros::Subscriber<freeway_joyfw::stm_am_msg, void>::callback(unsigned char*)
 .text._ZN3ros10SubscriberIN13freeway_joyfw10stm_am_msgEvE15getEndpointTypeEv
                0x0000000008003526       0x18 ./Core/Src/mainpp.o
                0x0000000008003526                ros::Subscriber<freeway_joyfw::stm_am_msg, void>::getEndpointType()
 .text._ZN3ros10SubscriberIN13freeway_joyfw10stm_am_msgEvE10getMsgTypeEv
                0x000000000800353e       0x1c ./Core/Src/mainpp.o
                0x000000000800353e                ros::Subscriber<freeway_joyfw::stm_am_msg, void>::getMsgType()
 .text._ZN3ros10SubscriberIN13freeway_joyfw10stm_am_msgEvE9getMsgMD5Ev
                0x000000000800355a       0x1c ./Core/Src/mainpp.o
                0x000000000800355a                ros::Subscriber<freeway_joyfw::stm_am_msg, void>::getMsgMD5()
 .text._ZN3ros11NodeHandle_I13STM32HardwareLi25ELi25ELi1024ELi1024EE9connectedEv
                0x0000000008003576       0x1a ./Core/Src/mainpp.o
                0x0000000008003576                ros::NodeHandle_<STM32Hardware, 25, 25, 1024, 1024>::connected()
 .text._GLOBAL__sub_I_nh
                0x0000000008003590       0x10 ./Core/Src/mainpp.o
 .text.HAL_MspInit
                0x00000000080035a0       0x50 ./Core/Src/stm32f4xx_hal_msp.o
                0x00000000080035a0                HAL_MspInit
 .text.HAL_ADC_MspInit
                0x00000000080035f0       0xf0 ./Core/Src/stm32f4xx_hal_msp.o
                0x00000000080035f0                HAL_ADC_MspInit
 .text.HAL_UART_MspInit
                0x00000000080036e0      0x16c ./Core/Src/stm32f4xx_hal_msp.o
                0x00000000080036e0                HAL_UART_MspInit
 .text.NMI_Handler
                0x000000000800384c        0x6 ./Core/Src/stm32f4xx_it.o
                0x000000000800384c                NMI_Handler
 .text.HardFault_Handler
                0x0000000008003852        0x6 ./Core/Src/stm32f4xx_it.o
                0x0000000008003852                HardFault_Handler
 .text.MemManage_Handler
                0x0000000008003858        0x6 ./Core/Src/stm32f4xx_it.o
                0x0000000008003858                MemManage_Handler
 .text.BusFault_Handler
                0x000000000800385e        0x6 ./Core/Src/stm32f4xx_it.o
                0x000000000800385e                BusFault_Handler
 .text.UsageFault_Handler
                0x0000000008003864        0x6 ./Core/Src/stm32f4xx_it.o
                0x0000000008003864                UsageFault_Handler
 .text.SVC_Handler
                0x000000000800386a        0xe ./Core/Src/stm32f4xx_it.o
                0x000000000800386a                SVC_Handler
 .text.DebugMon_Handler
                0x0000000008003878        0xe ./Core/Src/stm32f4xx_it.o
                0x0000000008003878                DebugMon_Handler
 .text.PendSV_Handler
                0x0000000008003886        0xe ./Core/Src/stm32f4xx_it.o
                0x0000000008003886                PendSV_Handler
 .text.SysTick_Handler
                0x0000000008003894        0xc ./Core/Src/stm32f4xx_it.o
                0x0000000008003894                SysTick_Handler
 .text.EXTI3_IRQHandler
                0x00000000080038a0        0xe ./Core/Src/stm32f4xx_it.o
                0x00000000080038a0                EXTI3_IRQHandler
 *fill*         0x00000000080038ae        0x2 
 .text.DMA1_Stream1_IRQHandler
                0x00000000080038b0       0x14 ./Core/Src/stm32f4xx_it.o
                0x00000000080038b0                DMA1_Stream1_IRQHandler
 .text.DMA1_Stream3_IRQHandler
                0x00000000080038c4       0x14 ./Core/Src/stm32f4xx_it.o
                0x00000000080038c4                DMA1_Stream3_IRQHandler
 .text.EXTI9_5_IRQHandler
                0x00000000080038d8        0xe ./Core/Src/stm32f4xx_it.o
                0x00000000080038d8                EXTI9_5_IRQHandler
 *fill*         0x00000000080038e6        0x2 
 .text.USART3_IRQHandler
                0x00000000080038e8       0x14 ./Core/Src/stm32f4xx_it.o
                0x00000000080038e8                USART3_IRQHandler
 .text.DMA2_Stream0_IRQHandler
                0x00000000080038fc       0x14 ./Core/Src/stm32f4xx_it.o
                0x00000000080038fc                DMA2_Stream0_IRQHandler
 .text._getpid  0x0000000008003910       0x10 ./Core/Src/syscalls.o
                0x0000000008003910                _getpid
 .text._kill    0x0000000008003920       0x20 ./Core/Src/syscalls.o
                0x0000000008003920                _kill
 .text._exit    0x0000000008003940       0x14 ./Core/Src/syscalls.o
                0x0000000008003940                _exit
 .text._sbrk    0x0000000008003954       0x6c ./Core/Src/sysmem.o
                0x0000000008003954                _sbrk
 .text.SystemInit
                0x00000000080039c0       0x24 ./Core/Src/system_stm32f4xx.o
                0x00000000080039c0                SystemInit
 .text.Reset_Handler
                0x00000000080039e4       0x50 ./Core/Startup/startup_stm32f446retx.o
                0x00000000080039e4                Reset_Handler
 .text.Default_Handler
                0x0000000008003a34        0x2 ./Core/Startup/startup_stm32f446retx.o
                0x0000000008003a34                RTC_Alarm_IRQHandler
                0x0000000008003a34                EXTI2_IRQHandler
                0x0000000008003a34                TIM8_CC_IRQHandler
                0x0000000008003a34                FMPI2C1_EV_IRQHandler
                0x0000000008003a34                SPI4_IRQHandler
                0x0000000008003a34                TIM1_CC_IRQHandler
                0x0000000008003a34                DMA2_Stream5_IRQHandler
                0x0000000008003a34                DMA1_Stream5_IRQHandler
                0x0000000008003a34                PVD_IRQHandler
                0x0000000008003a34                SDIO_IRQHandler
                0x0000000008003a34                TAMP_STAMP_IRQHandler
                0x0000000008003a34                CAN2_RX1_IRQHandler
                0x0000000008003a34                TIM8_TRG_COM_TIM14_IRQHandler
                0x0000000008003a34                TIM1_UP_TIM10_IRQHandler
                0x0000000008003a34                TIM8_UP_TIM13_IRQHandler
                0x0000000008003a34                I2C3_ER_IRQHandler
                0x0000000008003a34                EXTI0_IRQHandler
                0x0000000008003a34                I2C2_EV_IRQHandler
                0x0000000008003a34                DMA1_Stream2_IRQHandler
                0x0000000008003a34                CAN1_RX0_IRQHandler
                0x0000000008003a34                FPU_IRQHandler
                0x0000000008003a34                OTG_HS_WKUP_IRQHandler
                0x0000000008003a34                CAN2_SCE_IRQHandler
                0x0000000008003a34                DMA2_Stream2_IRQHandler
                0x0000000008003a34                SPI1_IRQHandler
                0x0000000008003a34                TIM6_DAC_IRQHandler
                0x0000000008003a34                TIM1_BRK_TIM9_IRQHandler
                0x0000000008003a34                DCMI_IRQHandler
                0x0000000008003a34                CAN2_RX0_IRQHandler
                0x0000000008003a34                DMA2_Stream3_IRQHandler
                0x0000000008003a34                SAI2_IRQHandler
                0x0000000008003a34                USART6_IRQHandler
                0x0000000008003a34                CAN1_RX1_IRQHandler
                0x0000000008003a34                UART5_IRQHandler
                0x0000000008003a34                TIM4_IRQHandler
                0x0000000008003a34                QUADSPI_IRQHandler
                0x0000000008003a34                I2C1_EV_IRQHandler
                0x0000000008003a34                DMA1_Stream6_IRQHandler
                0x0000000008003a34                UART4_IRQHandler
                0x0000000008003a34                TIM3_IRQHandler
                0x0000000008003a34                RCC_IRQHandler
                0x0000000008003a34                TIM8_BRK_TIM12_IRQHandler
                0x0000000008003a34                Default_Handler
                0x0000000008003a34                CEC_IRQHandler
                0x0000000008003a34                EXTI15_10_IRQHandler
                0x0000000008003a34                ADC_IRQHandler
                0x0000000008003a34                DMA1_Stream7_IRQHandler
                0x0000000008003a34                TIM7_IRQHandler
                0x0000000008003a34                CAN2_TX_IRQHandler
                0x0000000008003a34                TIM5_IRQHandler
                0x0000000008003a34                DMA2_Stream7_IRQHandler
                0x0000000008003a34                I2C3_EV_IRQHandler
                0x0000000008003a34                RTC_WKUP_IRQHandler
                0x0000000008003a34                SPDIF_RX_IRQHandler
                0x0000000008003a34                SPI2_IRQHandler
                0x0000000008003a34                OTG_HS_EP1_IN_IRQHandler
                0x0000000008003a34                DMA1_Stream0_IRQHandler
                0x0000000008003a34                CAN1_TX_IRQHandler
                0x0000000008003a34                FMPI2C1_ER_IRQHandler
                0x0000000008003a34                EXTI4_IRQHandler
                0x0000000008003a34                OTG_HS_EP1_OUT_IRQHandler
                0x0000000008003a34                WWDG_IRQHandler
                0x0000000008003a34                TIM2_IRQHandler
                0x0000000008003a34                OTG_FS_WKUP_IRQHandler
                0x0000000008003a34                TIM1_TRG_COM_TIM11_IRQHandler
                0x0000000008003a34                OTG_HS_IRQHandler
                0x0000000008003a34                EXTI1_IRQHandler
                0x0000000008003a34                USART2_IRQHandler
                0x0000000008003a34                I2C2_ER_IRQHandler
                0x0000000008003a34                DMA2_Stream1_IRQHandler
                0x0000000008003a34                CAN1_SCE_IRQHandler
                0x0000000008003a34                FLASH_IRQHandler
                0x0000000008003a34                DMA2_Stream4_IRQHandler
                0x0000000008003a34                USART1_IRQHandler
                0x0000000008003a34                OTG_FS_IRQHandler
                0x0000000008003a34                SPI3_IRQHandler
                0x0000000008003a34                DMA1_Stream4_IRQHandler
                0x0000000008003a34                I2C1_ER_IRQHandler
                0x0000000008003a34                FMC_IRQHandler
                0x0000000008003a34                DMA2_Stream6_IRQHandler
                0x0000000008003a34                SAI1_IRQHandler
 *fill*         0x0000000008003a36        0x2 
 .text.HAL_Init
                0x0000000008003a38       0x44 ./Drivers/STM32F4xx_HAL_Driver/Src/stm32f4xx_hal.o
                0x0000000008003a38                HAL_Init
 .text.HAL_InitTick
                0x0000000008003a7c       0x60 ./Drivers/STM32F4xx_HAL_Driver/Src/stm32f4xx_hal.o
                0x0000000008003a7c                HAL_InitTick
 .text.HAL_IncTick
                0x0000000008003adc       0x28 ./Drivers/STM32F4xx_HAL_Driver/Src/stm32f4xx_hal.o
                0x0000000008003adc                HAL_IncTick
 .text.HAL_GetTick
                0x0000000008003b04       0x18 ./Drivers/STM32F4xx_HAL_Driver/Src/stm32f4xx_hal.o
                0x0000000008003b04                HAL_GetTick
 .text.HAL_Delay
                0x0000000008003b1c       0x48 ./Drivers/STM32F4xx_HAL_Driver/Src/stm32f4xx_hal.o
                0x0000000008003b1c                HAL_Delay
 .text.HAL_ADC_Init
                0x0000000008003b64       0x86 ./Drivers/STM32F4xx_HAL_Driver/Src/stm32f4xx_hal_adc.o
                0x0000000008003b64                HAL_ADC_Init
 *fill*         0x0000000008003bea        0x2 
 .text.HAL_ADC_Start_DMA
                0x0000000008003bec      0x220 ./Drivers/STM32F4xx_HAL_Driver/Src/stm32f4xx_hal_adc.o
                0x0000000008003bec                HAL_ADC_Start_DMA
 .text.HAL_ADC_ConvCpltCallback
                0x0000000008003e0c       0x14 ./Drivers/STM32F4xx_HAL_Driver/Src/stm32f4xx_hal_adc.o
                0x0000000008003e0c                HAL_ADC_ConvCpltCallback
 .text.HAL_ADC_ConvHalfCpltCallback
                0x0000000008003e20       0x14 ./Drivers/STM32F4xx_HAL_Driver/Src/stm32f4xx_hal_adc.o
                0x0000000008003e20                HAL_ADC_ConvHalfCpltCallback
 .text.HAL_ADC_ErrorCallback
                0x0000000008003e34       0x14 ./Drivers/STM32F4xx_HAL_Driver/Src/stm32f4xx_hal_adc.o
                0x0000000008003e34                HAL_ADC_ErrorCallback
 .text.HAL_ADC_ConfigChannel
                0x0000000008003e48      0x264 ./Drivers/STM32F4xx_HAL_Driver/Src/stm32f4xx_hal_adc.o
                0x0000000008003e48                HAL_ADC_ConfigChannel
 .text.ADC_Init
                0x00000000080040ac      0x1f8 ./Drivers/STM32F4xx_HAL_Driver/Src/stm32f4xx_hal_adc.o
 .text.ADC_DMAConvCplt
                0x00000000080042a4       0xba ./Drivers/STM32F4xx_HAL_Driver/Src/stm32f4xx_hal_adc.o
 .text.ADC_DMAHalfConvCplt
                0x000000000800435e       0x1c ./Drivers/STM32F4xx_HAL_Driver/Src/stm32f4xx_hal_adc.o
 .text.ADC_DMAError
                0x000000000800437a       0x2e ./Drivers/STM32F4xx_HAL_Driver/Src/stm32f4xx_hal_adc.o
 .text.__NVIC_SetPriorityGrouping
                0x00000000080043a8       0x48 ./Drivers/STM32F4xx_HAL_Driver/Src/stm32f4xx_hal_cortex.o
 .text.__NVIC_GetPriorityGrouping
                0x00000000080043f0       0x1c ./Drivers/STM32F4xx_HAL_Driver/Src/stm32f4xx_hal_cortex.o
 .text.__NVIC_EnableIRQ
                0x000000000800440c       0x3c ./Drivers/STM32F4xx_HAL_Driver/Src/stm32f4xx_hal_cortex.o
 .text.__NVIC_SetPriority
                0x0000000008004448       0x54 ./Drivers/STM32F4xx_HAL_Driver/Src/stm32f4xx_hal_cortex.o
 .text.NVIC_EncodePriority
                0x000000000800449c       0x66 ./Drivers/STM32F4xx_HAL_Driver/Src/stm32f4xx_hal_cortex.o
 *fill*         0x0000000008004502        0x2 
 .text.SysTick_Config
                0x0000000008004504       0x44 ./Drivers/STM32F4xx_HAL_Driver/Src/stm32f4xx_hal_cortex.o
 .text.HAL_NVIC_SetPriorityGrouping
                0x0000000008004548       0x16 ./Drivers/STM32F4xx_HAL_Driver/Src/stm32f4xx_hal_cortex.o
                0x0000000008004548                HAL_NVIC_SetPriorityGrouping
 .text.HAL_NVIC_SetPriority
                0x000000000800455e       0x38 ./Drivers/STM32F4xx_HAL_Driver/Src/stm32f4xx_hal_cortex.o
                0x000000000800455e                HAL_NVIC_SetPriority
 .text.HAL_NVIC_EnableIRQ
                0x0000000008004596       0x1c ./Drivers/STM32F4xx_HAL_Driver/Src/stm32f4xx_hal_cortex.o
                0x0000000008004596                HAL_NVIC_EnableIRQ
 .text.HAL_SYSTICK_Config
                0x00000000080045b2       0x18 ./Drivers/STM32F4xx_HAL_Driver/Src/stm32f4xx_hal_cortex.o
                0x00000000080045b2                HAL_SYSTICK_Config
 *fill*         0x00000000080045ca        0x2 
 .text.HAL_DMA_Init
                0x00000000080045cc      0x15c ./Drivers/STM32F4xx_HAL_Driver/Src/stm32f4xx_hal_dma.o
                0x00000000080045cc                HAL_DMA_Init
 .text.HAL_DMA_Start_IT
                0x0000000008004728       0xb0 ./Drivers/STM32F4xx_HAL_Driver/Src/stm32f4xx_hal_dma.o
                0x0000000008004728                HAL_DMA_Start_IT
 .text.HAL_DMA_Abort
                0x00000000080047d8       0xe0 ./Drivers/STM32F4xx_HAL_Driver/Src/stm32f4xx_hal_dma.o
                0x00000000080047d8                HAL_DMA_Abort
 .text.HAL_DMA_Abort_IT
                0x00000000080048b8       0x44 ./Drivers/STM32F4xx_HAL_Driver/Src/stm32f4xx_hal_dma.o
                0x00000000080048b8                HAL_DMA_Abort_IT
 .text.HAL_DMA_IRQHandler
                0x00000000080048fc      0x314 ./Drivers/STM32F4xx_HAL_Driver/Src/stm32f4xx_hal_dma.o
                0x00000000080048fc                HAL_DMA_IRQHandler
 .text.DMA_SetConfig
                0x0000000008004c10       0x5c ./Drivers/STM32F4xx_HAL_Driver/Src/stm32f4xx_hal_dma.o
 .text.DMA_CalcBaseAndBitshift
                0x0000000008004c6c       0x6c ./Drivers/STM32F4xx_HAL_Driver/Src/stm32f4xx_hal_dma.o
 .text.DMA_CheckFifoParam
                0x0000000008004cd8       0xf8 ./Drivers/STM32F4xx_HAL_Driver/Src/stm32f4xx_hal_dma.o
 .text.HAL_GPIO_Init
                0x0000000008004dd0      0x328 ./Drivers/STM32F4xx_HAL_Driver/Src/stm32f4xx_hal_gpio.o
                0x0000000008004dd0                HAL_GPIO_Init
 .text.HAL_GPIO_ReadPin
                0x00000000080050f8       0x30 ./Drivers/STM32F4xx_HAL_Driver/Src/stm32f4xx_hal_gpio.o
                0x00000000080050f8                HAL_GPIO_ReadPin
 .text.HAL_GPIO_EXTI_IRQHandler
                0x0000000008005128       0x30 ./Drivers/STM32F4xx_HAL_Driver/Src/stm32f4xx_hal_gpio.o
                0x0000000008005128                HAL_GPIO_EXTI_IRQHandler
 .text.HAL_PWREx_EnableOverDrive
                0x0000000008005158       0xa0 ./Drivers/STM32F4xx_HAL_Driver/Src/stm32f4xx_hal_pwr_ex.o
                0x0000000008005158                HAL_PWREx_EnableOverDrive
 .text.HAL_RCC_ClockConfig
                0x00000000080051f8      0x1cc ./Drivers/STM32F4xx_HAL_Driver/Src/stm32f4xx_hal_rcc.o
                0x00000000080051f8                HAL_RCC_ClockConfig
 .text.HAL_RCC_GetHCLKFreq
                0x00000000080053c4       0x18 ./Drivers/STM32F4xx_HAL_Driver/Src/stm32f4xx_hal_rcc.o
                0x00000000080053c4                HAL_RCC_GetHCLKFreq
 .text.HAL_RCC_GetPCLK1Freq
                0x00000000080053dc       0x28 ./Drivers/STM32F4xx_HAL_Driver/Src/stm32f4xx_hal_rcc.o
                0x00000000080053dc                HAL_RCC_GetPCLK1Freq
 .text.HAL_RCC_GetPCLK2Freq
                0x0000000008005404       0x28 ./Drivers/STM32F4xx_HAL_Driver/Src/stm32f4xx_hal_rcc.o
                0x0000000008005404                HAL_RCC_GetPCLK2Freq
 .text.HAL_RCC_GetSysClockFreq
                0x000000000800542c      0x460 ./Drivers/STM32F4xx_HAL_Driver/Src/stm32f4xx_hal_rcc_ex.o
                0x000000000800542c                HAL_RCC_GetSysClockFreq
 .text.HAL_RCC_OscConfig
                0x000000000800588c      0x53c ./Drivers/STM32F4xx_HAL_Driver/Src/stm32f4xx_hal_rcc_ex.o
                0x000000000800588c                HAL_RCC_OscConfig
 .text.HAL_UART_Init
                0x0000000008005dc8       0x9a ./Drivers/STM32F4xx_HAL_Driver/Src/stm32f4xx_hal_uart.o
                0x0000000008005dc8                HAL_UART_Init
 *fill*         0x0000000008005e62        0x2 
 .text.HAL_UART_Transmit_DMA
                0x0000000008005e64       0xfc ./Drivers/STM32F4xx_HAL_Driver/Src/stm32f4xx_hal_uart.o
                0x0000000008005e64                HAL_UART_Transmit_DMA
 .text.HAL_UART_Receive_DMA
                0x0000000008005f60       0x60 ./Drivers/STM32F4xx_HAL_Driver/Src/stm32f4xx_hal_uart.o
                0x0000000008005f60                HAL_UART_Receive_DMA
 .text.HAL_UART_IRQHandler
                0x0000000008005fc0      0x51c ./Drivers/STM32F4xx_HAL_Driver/Src/stm32f4xx_hal_uart.o
                0x0000000008005fc0                HAL_UART_IRQHandler
 .text.HAL_UART_TxHalfCpltCallback
                0x00000000080064dc       0x14 ./Drivers/STM32F4xx_HAL_Driver/Src/stm32f4xx_hal_uart.o
                0x00000000080064dc                HAL_UART_TxHalfCpltCallback
 .text.HAL_UART_RxHalfCpltCallback
                0x00000000080064f0       0x14 ./Drivers/STM32F4xx_HAL_Driver/Src/stm32f4xx_hal_uart.o
                0x00000000080064f0                HAL_UART_RxHalfCpltCallback
 .text.HAL_UART_ErrorCallback
                0x0000000008006504       0x14 ./Drivers/STM32F4xx_HAL_Driver/Src/stm32f4xx_hal_uart.o
                0x0000000008006504                HAL_UART_ErrorCallback
 .text.HAL_UARTEx_RxEventCallback
                0x0000000008006518       0x18 ./Drivers/STM32F4xx_HAL_Driver/Src/stm32f4xx_hal_uart.o
                0x0000000008006518                HAL_UARTEx_RxEventCallback
 .text.UART_DMATransmitCplt
                0x0000000008006530       0x9a ./Drivers/STM32F4xx_HAL_Driver/Src/stm32f4xx_hal_uart.o
 .text.UART_DMATxHalfCplt
                0x00000000080065ca       0x1c ./Drivers/STM32F4xx_HAL_Driver/Src/stm32f4xx_hal_uart.o
 .text.UART_DMAReceiveCplt
                0x00000000080065e6      0x126 ./Drivers/STM32F4xx_HAL_Driver/Src/stm32f4xx_hal_uart.o
 .text.UART_DMARxHalfCplt
                0x000000000800670c       0x36 ./Drivers/STM32F4xx_HAL_Driver/Src/stm32f4xx_hal_uart.o
 .text.UART_DMAError
                0x0000000008006742       0x94 ./Drivers/STM32F4xx_HAL_Driver/Src/stm32f4xx_hal_uart.o
 *fill*         0x00000000080067d6        0x2 
 .text.UART_Start_Receive_DMA
                0x00000000080067d8      0x13c ./Drivers/STM32F4xx_HAL_Driver/Src/stm32f4xx_hal_uart.o
                0x00000000080067d8                UART_Start_Receive_DMA
 .text.UART_EndTxTransfer
                0x0000000008006914       0x50 ./Drivers/STM32F4xx_HAL_Driver/Src/stm32f4xx_hal_uart.o
 .text.UART_EndRxTransfer
                0x0000000008006964       0xc6 ./Drivers/STM32F4xx_HAL_Driver/Src/stm32f4xx_hal_uart.o
 .text.UART_DMAAbortOnError
                0x0000000008006a2a       0x28 ./Drivers/STM32F4xx_HAL_Driver/Src/stm32f4xx_hal_uart.o
 .text.UART_Transmit_IT
                0x0000000008006a52       0xa0 ./Drivers/STM32F4xx_HAL_Driver/Src/stm32f4xx_hal_uart.o
 .text.UART_EndTransmit_IT
                0x0000000008006af2       0x30 ./Drivers/STM32F4xx_HAL_Driver/Src/stm32f4xx_hal_uart.o
 .text.UART_Receive_IT
                0x0000000008006b22      0x176 ./Drivers/STM32F4xx_HAL_Driver/Src/stm32f4xx_hal_uart.o
 .text.UART_SetConfig
                0x0000000008006c98      0x4e8 ./Drivers/STM32F4xx_HAL_Driver/Src/stm32f4xx_hal_uart.o
 .text.__cxa_pure_virtual
                0x0000000008007180        0x6 c:/st/stm32cubeide_1.7.0/stm32cubeide/plugins/com.st.stm32cube.ide.mcu.externaltools.gnu-tools-for-stm32.10.3-2021.10.win32_1.0.0.202111181127/tools/bin/../lib/gcc/arm-none-eabi/10.3.1/../../../../arm-none-eabi/lib/thumb/v7e-m+fp/hard\libstdc++_nano.a(pure.o)
                0x0000000008007180                __cxa_pure_virtual
 .text._ZN10__cxxabiv111__terminateEPFvvE
                0x0000000008007186        0x8 c:/st/stm32cubeide_1.7.0/stm32cubeide/plugins/com.st.stm32cube.ide.mcu.externaltools.gnu-tools-for-stm32.10.3-2021.10.win32_1.0.0.202111181127/tools/bin/../lib/gcc/arm-none-eabi/10.3.1/../../../../arm-none-eabi/lib/thumb/v7e-m+fp/hard\libstdc++_nano.a(eh_terminate.o)
                0x0000000008007186                __cxxabiv1::__terminate(void (*)())
 *fill*         0x000000000800718e        0x2 
 .text._ZSt13get_terminatev
                0x0000000008007190       0x10 c:/st/stm32cubeide_1.7.0/stm32cubeide/plugins/com.st.stm32cube.ide.mcu.externaltools.gnu-tools-for-stm32.10.3-2021.10.win32_1.0.0.202111181127/tools/bin/../lib/gcc/arm-none-eabi/10.3.1/../../../../arm-none-eabi/lib/thumb/v7e-m+fp/hard\libstdc++_nano.a(eh_terminate.o)
                0x0000000008007190                std::get_terminate()
 .text._ZSt9terminatev
                0x00000000080071a0        0xa c:/st/stm32cubeide_1.7.0/stm32cubeide/plugins/com.st.stm32cube.ide.mcu.externaltools.gnu-tools-for-stm32.10.3-2021.10.win32_1.0.0.202111181127/tools/bin/../lib/gcc/arm-none-eabi/10.3.1/../../../../arm-none-eabi/lib/thumb/v7e-m+fp/hard\libstdc++_nano.a(eh_terminate.o)
                0x00000000080071a0                std::terminate()
 .text.abort    0x00000000080071aa        0xe c:/st/stm32cubeide_1.7.0/stm32cubeide/plugins/com.st.stm32cube.ide.mcu.externaltools.gnu-tools-for-stm32.10.3-2021.10.win32_1.0.0.202111181127/tools/bin/../lib/gcc/arm-none-eabi/10.3.1/../../../../arm-none-eabi/lib/thumb/v7e-m+fp/hard\libc_nano.a(lib_a-abort.o)
                0x00000000080071aa                abort
 .text.__errno  0x00000000080071b8        0xc c:/st/stm32cubeide_1.7.0/stm32cubeide/plugins/com.st.stm32cube.ide.mcu.externaltools.gnu-tools-for-stm32.10.3-2021.10.win32_1.0.0.202111181127/tools/bin/../lib/gcc/arm-none-eabi/10.3.1/../../../../arm-none-eabi/lib/thumb/v7e-m+fp/hard\libc_nano.a(lib_a-errno.o)
                0x00000000080071b8                __errno
 .text.__libc_init_array
                0x00000000080071c4       0x48 c:/st/stm32cubeide_1.7.0/stm32cubeide/plugins/com.st.stm32cube.ide.mcu.externaltools.gnu-tools-for-stm32.10.3-2021.10.win32_1.0.0.202111181127/tools/bin/../lib/gcc/arm-none-eabi/10.3.1/../../../../arm-none-eabi/lib/thumb/v7e-m+fp/hard\libc_nano.a(lib_a-init.o)
                0x00000000080071c4                __libc_init_array
 .text.memcpy   0x000000000800720c       0x1c c:/st/stm32cubeide_1.7.0/stm32cubeide/plugins/com.st.stm32cube.ide.mcu.externaltools.gnu-tools-for-stm32.10.3-2021.10.win32_1.0.0.202111181127/tools/bin/../lib/gcc/arm-none-eabi/10.3.1/../../../../arm-none-eabi/lib/thumb/v7e-m+fp/hard\libc_nano.a(lib_a-memcpy-stub.o)
                0x000000000800720c                memcpy
 .text.memset   0x0000000008007228       0x10 c:/st/stm32cubeide_1.7.0/stm32cubeide/plugins/com.st.stm32cube.ide.mcu.externaltools.gnu-tools-for-stm32.10.3-2021.10.win32_1.0.0.202111181127/tools/bin/../lib/gcc/arm-none-eabi/10.3.1/../../../../arm-none-eabi/lib/thumb/v7e-m+fp/hard\libc_nano.a(lib_a-memset.o)
                0x0000000008007228                memset
 .text.realloc  0x0000000008007238       0x10 c:/st/stm32cubeide_1.7.0/stm32cubeide/plugins/com.st.stm32cube.ide.mcu.externaltools.gnu-tools-for-stm32.10.3-2021.10.win32_1.0.0.202111181127/tools/bin/../lib/gcc/arm-none-eabi/10.3.1/../../../../arm-none-eabi/lib/thumb/v7e-m+fp/hard\libc_nano.a(lib_a-realloc.o)
                0x0000000008007238                realloc
 .text._raise_r
                0x0000000008007248       0x50 c:/st/stm32cubeide_1.7.0/stm32cubeide/plugins/com.st.stm32cube.ide.mcu.externaltools.gnu-tools-for-stm32.10.3-2021.10.win32_1.0.0.202111181127/tools/bin/../lib/gcc/arm-none-eabi/10.3.1/../../../../arm-none-eabi/lib/thumb/v7e-m+fp/hard\libc_nano.a(lib_a-signal.o)
                0x0000000008007248                _raise_r
 .text.raise    0x0000000008007298       0x10 c:/st/stm32cubeide_1.7.0/stm32cubeide/plugins/com.st.stm32cube.ide.mcu.externaltools.gnu-tools-for-stm32.10.3-2021.10.win32_1.0.0.202111181127/tools/bin/../lib/gcc/arm-none-eabi/10.3.1/../../../../arm-none-eabi/lib/thumb/v7e-m+fp/hard\libc_nano.a(lib_a-signal.o)
                0x0000000008007298                raise
 .text._kill_r  0x00000000080072a8       0x24 c:/st/stm32cubeide_1.7.0/stm32cubeide/plugins/com.st.stm32cube.ide.mcu.externaltools.gnu-tools-for-stm32.10.3-2021.10.win32_1.0.0.202111181127/tools/bin/../lib/gcc/arm-none-eabi/10.3.1/../../../../arm-none-eabi/lib/thumb/v7e-m+fp/hard\libc_nano.a(lib_a-signalr.o)
                0x00000000080072a8                _kill_r
 .text._getpid_r
                0x00000000080072cc        0x4 c:/st/stm32cubeide_1.7.0/stm32cubeide/plugins/com.st.stm32cube.ide.mcu.externaltools.gnu-tools-for-stm32.10.3-2021.10.win32_1.0.0.202111181127/tools/bin/../lib/gcc/arm-none-eabi/10.3.1/../../../../arm-none-eabi/lib/thumb/v7e-m+fp/hard\libc_nano.a(lib_a-signalr.o)
                0x00000000080072cc                _getpid_r
 .text.sbrk_aligned
                0x00000000080072d0       0x40 c:/st/stm32cubeide_1.7.0/stm32cubeide/plugins/com.st.stm32cube.ide.mcu.externaltools.gnu-tools-for-stm32.10.3-2021.10.win32_1.0.0.202111181127/tools/bin/../lib/gcc/arm-none-eabi/10.3.1/../../../../arm-none-eabi/lib/thumb/v7e-m+fp/hard\libc_nano.a(lib_a-nano-mallocr.o)
 .text._malloc_r
                0x0000000008007310       0xe8 c:/st/stm32cubeide_1.7.0/stm32cubeide/plugins/com.st.stm32cube.ide.mcu.externaltools.gnu-tools-for-stm32.10.3-2021.10.win32_1.0.0.202111181127/tools/bin/../lib/gcc/arm-none-eabi/10.3.1/../../../../arm-none-eabi/lib/thumb/v7e-m+fp/hard\libc_nano.a(lib_a-nano-mallocr.o)
                0x0000000008007310                _malloc_r
 .text._realloc_r
                0x00000000080073f8       0x5e c:/st/stm32cubeide_1.7.0/stm32cubeide/plugins/com.st.stm32cube.ide.mcu.externaltools.gnu-tools-for-stm32.10.3-2021.10.win32_1.0.0.202111181127/tools/bin/../lib/gcc/arm-none-eabi/10.3.1/../../../../arm-none-eabi/lib/thumb/v7e-m+fp/hard\libc_nano.a(lib_a-nano-reallocr.o)
                0x00000000080073f8                _realloc_r
 *fill*         0x0000000008007456        0x2 
 .text._sbrk_r  0x0000000008007458       0x20 c:/st/stm32cubeide_1.7.0/stm32cubeide/plugins/com.st.stm32cube.ide.mcu.externaltools.gnu-tools-for-stm32.10.3-2021.10.win32_1.0.0.202111181127/tools/bin/../lib/gcc/arm-none-eabi/10.3.1/../../../../arm-none-eabi/lib/thumb/v7e-m+fp/hard\libc_nano.a(lib_a-sbrkr.o)
                0x0000000008007458                _sbrk_r
 .text.__malloc_lock
                0x0000000008007478        0xc c:/st/stm32cubeide_1.7.0/stm32cubeide/plugins/com.st.stm32cube.ide.mcu.externaltools.gnu-tools-for-stm32.10.3-2021.10.win32_1.0.0.202111181127/tools/bin/../lib/gcc/arm-none-eabi/10.3.1/../../../../arm-none-eabi/lib/thumb/v7e-m+fp/hard\libc_nano.a(lib_a-mlock.o)
                0x0000000008007478                __malloc_lock
 .text.__malloc_unlock
                0x0000000008007484        0xc c:/st/stm32cubeide_1.7.0/stm32cubeide/plugins/com.st.stm32cube.ide.mcu.externaltools.gnu-tools-for-stm32.10.3-2021.10.win32_1.0.0.202111181127/tools/bin/../lib/gcc/arm-none-eabi/10.3.1/../../../../arm-none-eabi/lib/thumb/v7e-m+fp/hard\libc_nano.a(lib_a-mlock.o)
                0x0000000008007484                __malloc_unlock
 .text._free_r  0x0000000008007490       0x98 c:/st/stm32cubeide_1.7.0/stm32cubeide/plugins/com.st.stm32cube.ide.mcu.externaltools.gnu-tools-for-stm32.10.3-2021.10.win32_1.0.0.202111181127/tools/bin/../lib/gcc/arm-none-eabi/10.3.1/../../../../arm-none-eabi/lib/thumb/v7e-m+fp/hard\libc_nano.a(lib_a-nano-freer.o)
                0x0000000008007490                _free_r
 .text._malloc_usable_size_r
                0x0000000008007528       0x10 c:/st/stm32cubeide_1.7.0/stm32cubeide/plugins/com.st.stm32cube.ide.mcu.externaltools.gnu-tools-for-stm32.10.3-2021.10.win32_1.0.0.202111181127/tools/bin/../lib/gcc/arm-none-eabi/10.3.1/../../../../arm-none-eabi/lib/thumb/v7e-m+fp/hard\libc_nano.a(lib_a-nano-msizer.o)
                0x0000000008007528                _malloc_usable_size_r
 .text.__retarget_lock_acquire_recursive
                0x0000000008007538        0x2 c:/st/stm32cubeide_1.7.0/stm32cubeide/plugins/com.st.stm32cube.ide.mcu.externaltools.gnu-tools-for-stm32.10.3-2021.10.win32_1.0.0.202111181127/tools/bin/../lib/gcc/arm-none-eabi/10.3.1/../../../../arm-none-eabi/lib/thumb/v7e-m+fp/hard\libc_nano.a(lib_a-lock.o)
                0x0000000008007538                __retarget_lock_acquire_recursive
 .text.__retarget_lock_release_recursive
                0x000000000800753a        0x2 c:/st/stm32cubeide_1.7.0/stm32cubeide/plugins/com.st.stm32cube.ide.mcu.externaltools.gnu-tools-for-stm32.10.3-2021.10.win32_1.0.0.202111181127/tools/bin/../lib/gcc/arm-none-eabi/10.3.1/../../../../arm-none-eabi/lib/thumb/v7e-m+fp/hard\libc_nano.a(lib_a-lock.o)
                0x000000000800753a                __retarget_lock_release_recursive
 *(.glue_7)
 .glue_7        0x000000000800753c        0x0 linker stubs
 *(.glue_7t)
 .glue_7t       0x000000000800753c        0x0 linker stubs
 *(.eh_frame)
 .eh_frame      0x000000000800753c        0x0 c:/st/stm32cubeide_1.7.0/stm32cubeide/plugins/com.st.stm32cube.ide.mcu.externaltools.gnu-tools-for-stm32.10.3-2021.10.win32_1.0.0.202111181127/tools/bin/../lib/gcc/arm-none-eabi/10.3.1/thumb/v7e-m+fp/hard/crtbegin.o
 *(.init)
 .init          0x000000000800753c        0x4 c:/st/stm32cubeide_1.7.0/stm32cubeide/plugins/com.st.stm32cube.ide.mcu.externaltools.gnu-tools-for-stm32.10.3-2021.10.win32_1.0.0.202111181127/tools/bin/../lib/gcc/arm-none-eabi/10.3.1/thumb/v7e-m+fp/hard/crti.o
                0x000000000800753c                _init
 .init          0x0000000008007540        0x8 c:/st/stm32cubeide_1.7.0/stm32cubeide/plugins/com.st.stm32cube.ide.mcu.externaltools.gnu-tools-for-stm32.10.3-2021.10.win32_1.0.0.202111181127/tools/bin/../lib/gcc/arm-none-eabi/10.3.1/thumb/v7e-m+fp/hard/crtn.o
 *(.fini)
 .fini          0x0000000008007548        0x4 c:/st/stm32cubeide_1.7.0/stm32cubeide/plugins/com.st.stm32cube.ide.mcu.externaltools.gnu-tools-for-stm32.10.3-2021.10.win32_1.0.0.202111181127/tools/bin/../lib/gcc/arm-none-eabi/10.3.1/thumb/v7e-m+fp/hard/crti.o
                0x0000000008007548                _fini
 .fini          0x000000000800754c        0x8 c:/st/stm32cubeide_1.7.0/stm32cubeide/plugins/com.st.stm32cube.ide.mcu.externaltools.gnu-tools-for-stm32.10.3-2021.10.win32_1.0.0.202111181127/tools/bin/../lib/gcc/arm-none-eabi/10.3.1/thumb/v7e-m+fp/hard/crtn.o
                0x0000000008007554                . = ALIGN (0x4)
                0x0000000008007554                _etext = .

.vfp11_veneer   0x0000000008007554        0x0
 .vfp11_veneer  0x0000000008007554        0x0 linker stubs

.v4_bx          0x0000000008007554        0x0
 .v4_bx         0x0000000008007554        0x0 linker stubs

.iplt           0x0000000008007554        0x0
 .iplt          0x0000000008007554        0x0 c:/st/stm32cubeide_1.7.0/stm32cubeide/plugins/com.st.stm32cube.ide.mcu.externaltools.gnu-tools-for-stm32.10.3-2021.10.win32_1.0.0.202111181127/tools/bin/../lib/gcc/arm-none-eabi/10.3.1/thumb/v7e-m+fp/hard/crtbegin.o

.rodata         0x0000000008007554      0x398
                0x0000000008007554                . = ALIGN (0x4)
 *(.rodata)
 .rodata        0x0000000008007554      0x22a ./Core/Src/mainpp.o
 *(.rodata*)
 *fill*         0x000000000800777e        0x2 
 .rodata._ZN14rosserial_msgsL12REQUESTPARAME
                0x0000000008007780       0x1c ./Core/Src/mainpp.o
 .rodata._ZTVN3ros10SubscriberIN13freeway_joyfw10stm_am_msgEvEE
                0x000000000800779c       0x18 ./Core/Src/mainpp.o
                0x000000000800779c                vtable for ros::Subscriber<freeway_joyfw::stm_am_msg, void>
 .rodata._ZTVN3ros11NodeHandle_I13STM32HardwareLi25ELi25ELi1024ELi1024EEE
                0x00000000080077b4       0x14 ./Core/Src/mainpp.o
                0x00000000080077b4                vtable for ros::NodeHandle_<STM32Hardware, 25, 25, 1024, 1024>
 .rodata._ZTVN13freeway_joyfw10stm_am_msgE
                0x00000000080077c8       0x18 ./Core/Src/mainpp.o
                0x00000000080077c8                vtable for freeway_joyfw::stm_am_msg
 .rodata._ZTVN13freeway_joyfw10stm_fw_msgE
                0x00000000080077e0       0x18 ./Core/Src/mainpp.o
                0x00000000080077e0                vtable for freeway_joyfw::stm_fw_msg
 .rodata._ZTVN13geometry_msgs5TwistE
                0x00000000080077f8       0x18 ./Core/Src/mainpp.o
                0x00000000080077f8                vtable for geometry_msgs::Twist
 .rodata._ZTVN13geometry_msgs7Vector3E
                0x0000000008007810       0x18 ./Core/Src/mainpp.o
                0x0000000008007810                vtable for geometry_msgs::Vector3
 .rodata._ZTVN3ros11Subscriber_E
                0x0000000008007828       0x18 ./Core/Src/mainpp.o
                0x0000000008007828                vtable for ros::Subscriber_
 .rodata._ZTVN3ros15NodeHandleBase_E
                0x0000000008007840       0x14 ./Core/Src/mainpp.o
                0x0000000008007840                vtable for ros::NodeHandleBase_
 .rodata._ZTVN14rosserial_msgs20RequestParamResponseE
                0x0000000008007854       0x18 ./Core/Src/mainpp.o
                0x0000000008007854                vtable for rosserial_msgs::RequestParamResponse
 .rodata._ZTVN14rosserial_msgs3LogE
                0x000000000800786c       0x18 ./Core/Src/mainpp.o
                0x000000000800786c                vtable for rosserial_msgs::Log
 .rodata._ZTVN14rosserial_msgs9TopicInfoE
                0x0000000008007884       0x18 ./Core/Src/mainpp.o
                0x0000000008007884                vtable for rosserial_msgs::TopicInfo
 .rodata._ZTVN8std_msgs4TimeE
                0x000000000800789c       0x18 ./Core/Src/mainpp.o
                0x000000000800789c                vtable for std_msgs::Time
 .rodata._ZTVN3ros3MsgE
                0x00000000080078b4       0x18 ./Core/Src/mainpp.o
                0x00000000080078b4                vtable for ros::Msg
 .rodata.AHBPrescTable
                0x00000000080078cc       0x10 ./Core/Src/system_stm32f4xx.o
                0x00000000080078cc                AHBPrescTable
 .rodata.APBPrescTable
                0x00000000080078dc        0x8 ./Core/Src/system_stm32f4xx.o
                0x00000000080078dc                APBPrescTable
 .rodata.flagBitshiftOffset.0
                0x00000000080078e4        0x8 ./Drivers/STM32F4xx_HAL_Driver/Src/stm32f4xx_hal_dma.o
                0x00000000080078ec                . = ALIGN (0x4)

.ARM.extab      0x00000000080078ec        0x0
                0x00000000080078ec                . = ALIGN (0x4)
 *(.ARM.extab* .gnu.linkonce.armextab.*)
                0x00000000080078ec                . = ALIGN (0x4)

.ARM            0x00000000080078ec        0x8
                0x00000000080078ec                . = ALIGN (0x4)
                0x00000000080078ec                __exidx_start = .
 *(.ARM.exidx*)
 .ARM.exidx     0x00000000080078ec        0x8 c:/st/stm32cubeide_1.7.0/stm32cubeide/plugins/com.st.stm32cube.ide.mcu.externaltools.gnu-tools-for-stm32.10.3-2021.10.win32_1.0.0.202111181127/tools/bin/../lib/gcc/arm-none-eabi/10.3.1/thumb/v7e-m+fp/hard\libgcc.a(_udivmoddi4.o)
                0x00000000080078f4                __exidx_end = .
                0x00000000080078f4                . = ALIGN (0x4)

.rel.dyn        0x00000000080078f4        0x0
 .rel.iplt      0x00000000080078f4        0x0 c:/st/stm32cubeide_1.7.0/stm32cubeide/plugins/com.st.stm32cube.ide.mcu.externaltools.gnu-tools-for-stm32.10.3-2021.10.win32_1.0.0.202111181127/tools/bin/../lib/gcc/arm-none-eabi/10.3.1/thumb/v7e-m+fp/hard/crtbegin.o

.preinit_array  0x00000000080078f4        0x0
                0x00000000080078f4                . = ALIGN (0x4)
                0x00000000080078f4                PROVIDE (__preinit_array_start = .)
 *(.preinit_array*)
                0x00000000080078f4                PROVIDE (__preinit_array_end = .)
                0x00000000080078f4                . = ALIGN (0x4)

.init_array     0x00000000080078f4        0xc
                0x00000000080078f4                . = ALIGN (0x4)
                0x00000000080078f4                PROVIDE (__init_array_start = .)
 *(SORT_BY_NAME(.init_array.*))
 *(.init_array*)
 .init_array    0x00000000080078f4        0x4 c:/st/stm32cubeide_1.7.0/stm32cubeide/plugins/com.st.stm32cube.ide.mcu.externaltools.gnu-tools-for-stm32.10.3-2021.10.win32_1.0.0.202111181127/tools/bin/../lib/gcc/arm-none-eabi/10.3.1/thumb/v7e-m+fp/hard/crtbegin.o
 .init_array    0x00000000080078f8        0x4 ./Core/Inc/ros_lib/BufferedSerial.o
 .init_array    0x00000000080078fc        0x4 ./Core/Src/mainpp.o
                0x0000000008007900                PROVIDE (__init_array_end = .)
                0x0000000008007900                . = ALIGN (0x4)

.fini_array     0x0000000008007900        0x4
                0x0000000008007900                . = ALIGN (0x4)
                [!provide]                        PROVIDE (__fini_array_start = .)
 *(SORT_BY_NAME(.fini_array.*))
 *(.fini_array*)
 .fini_array    0x0000000008007900        0x4 c:/st/stm32cubeide_1.7.0/stm32cubeide/plugins/com.st.stm32cube.ide.mcu.externaltools.gnu-tools-for-stm32.10.3-2021.10.win32_1.0.0.202111181127/tools/bin/../lib/gcc/arm-none-eabi/10.3.1/thumb/v7e-m+fp/hard/crtbegin.o
                [!provide]                        PROVIDE (__fini_array_end = .)
                0x0000000008007904                . = ALIGN (0x4)
                0x0000000008007904                _sidata = LOADADDR (.data)

.data           0x0000000020000000       0x94 load address 0x0000000008007904
                0x0000000020000000                . = ALIGN (0x4)
                0x0000000020000000                _sdata = .
 *(.data)
 *(.data*)
 .data.td       0x0000000020000000        0x1 ./Core/Src/mainpp.o
                0x0000000020000000                td
 *fill*         0x0000000020000001        0x7 
 .data.l_scale_
                0x0000000020000008        0x8 ./Core/Src/mainpp.o
                0x0000000020000008                l_scale_
 .data.a_scale_
                0x0000000020000010        0x8 ./Core/Src/mainpp.o
                0x0000000020000010                a_scale_
 .data.pub_period_time
                0x0000000020000018        0x4 ./Core/Src/mainpp.o
                0x0000000020000018                pub_period_time
 .data._ZZ22HAL_GPIO_EXTI_CallbackE8pin_stat
                0x000000002000001c        0x1 ./Core/Src/mainpp.o
 *fill*         0x000000002000001d        0x3 
 .data.SystemCoreClock
                0x0000000020000020        0x4 ./Core/Src/system_stm32f4xx.o
                0x0000000020000020                SystemCoreClock
 .data.uwTickPrio
                0x0000000020000024        0x4 ./Drivers/STM32F4xx_HAL_Driver/Src/stm32f4xx_hal.o
                0x0000000020000024                uwTickPrio
 .data.uwTickFreq
                0x0000000020000028        0x1 ./Drivers/STM32F4xx_HAL_Driver/Src/stm32f4xx_hal.o
                0x0000000020000028                uwTickFreq
 *fill*         0x0000000020000029        0x3 
 .data._ZN10__cxxabiv119__terminate_handlerE
                0x000000002000002c        0x4 c:/st/stm32cubeide_1.7.0/stm32cubeide/plugins/com.st.stm32cube.ide.mcu.externaltools.gnu-tools-for-stm32.10.3-2021.10.win32_1.0.0.202111181127/tools/bin/../lib/gcc/arm-none-eabi/10.3.1/../../../../arm-none-eabi/lib/thumb/v7e-m+fp/hard\libstdc++_nano.a(eh_term_handler.o)
                0x000000002000002c                __cxxabiv1::__terminate_handler
 .data._impure_ptr
                0x0000000020000030        0x4 c:/st/stm32cubeide_1.7.0/stm32cubeide/plugins/com.st.stm32cube.ide.mcu.externaltools.gnu-tools-for-stm32.10.3-2021.10.win32_1.0.0.202111181127/tools/bin/../lib/gcc/arm-none-eabi/10.3.1/../../../../arm-none-eabi/lib/thumb/v7e-m+fp/hard\libc_nano.a(lib_a-impure.o)
                0x0000000020000030                _impure_ptr
 .data.impure_data
                0x0000000020000034       0x60 c:/st/stm32cubeide_1.7.0/stm32cubeide/plugins/com.st.stm32cube.ide.mcu.externaltools.gnu-tools-for-stm32.10.3-2021.10.win32_1.0.0.202111181127/tools/bin/../lib/gcc/arm-none-eabi/10.3.1/../../../../arm-none-eabi/lib/thumb/v7e-m+fp/hard\libc_nano.a(lib_a-impure.o)
 *(.RamFunc)
 *(.RamFunc*)
                0x0000000020000094                . = ALIGN (0x4)
                0x0000000020000094                _edata = .

.igot.plt       0x0000000020000094        0x0 load address 0x0000000008007998
 .igot.plt      0x0000000020000094        0x0 c:/st/stm32cubeide_1.7.0/stm32cubeide/plugins/com.st.stm32cube.ide.mcu.externaltools.gnu-tools-for-stm32.10.3-2021.10.win32_1.0.0.202111181127/tools/bin/../lib/gcc/arm-none-eabi/10.3.1/thumb/v7e-m+fp/hard/crtbegin.o
                0x0000000020000094                . = ALIGN (0x4)

.bss            0x0000000020000098     0x13d0 load address 0x0000000008007998
                0x0000000020000098                _sbss = .
                0x0000000020000098                __bss_start__ = _sbss
 *(.bss)
 .bss           0x0000000020000098       0x1c c:/st/stm32cubeide_1.7.0/stm32cubeide/plugins/com.st.stm32cube.ide.mcu.externaltools.gnu-tools-for-stm32.10.3-2021.10.win32_1.0.0.202111181127/tools/bin/../lib/gcc/arm-none-eabi/10.3.1/thumb/v7e-m+fp/hard/crtbegin.o
 *(.bss*)
 .bss.buff_serial
                0x00000000200000b4      0x80c ./Core/Inc/ros_lib/BufferedSerial.o
                0x00000000200000b4                buff_serial
 .bss._ZZN14BufferedSerial15flush_tx_bufferEvE5mutex
                0x00000000200008c0        0x1 ./Core/Inc/ros_lib/BufferedSerial.o
 *fill*         0x00000000200008c1        0x3 
 .bss.hadc1     0x00000000200008c4       0x48 ./Core/Src/main.o
                0x00000000200008c4                hadc1
 .bss.hdma_adc1
                0x000000002000090c       0x60 ./Core/Src/main.o
                0x000000002000090c                hdma_adc1
 .bss.huart3    0x000000002000096c       0x44 ./Core/Src/main.o
                0x000000002000096c                huart3
 .bss.hdma_usart3_rx
                0x00000000200009b0       0x60 ./Core/Src/main.o
                0x00000000200009b0                hdma_usart3_rx
 .bss.hdma_usart3_tx
                0x0000000020000a10       0x60 ./Core/Src/main.o
                0x0000000020000a10                hdma_usart3_tx
 .bss.XY        0x0000000020000a70        0x8 ./Core/Src/main.o
                0x0000000020000a70                XY
 .bss.x_val     0x0000000020000a78        0x4 ./Core/Src/main.o
                0x0000000020000a78                x_val
 .bss.y_val     0x0000000020000a7c        0x4 ./Core/Src/main.o
                0x0000000020000a7c                y_val
 .bss.nh        0x0000000020000a80      0x930 ./Core/Src/mainpp.o
                0x0000000020000a80                nh
 .bss.cmd_vel_msg
                0x00000000200013b0       0x24 ./Core/Src/mainpp.o
                0x00000000200013b0                cmd_vel_msg
 .bss.stm_pub_msg
                0x00000000200013d4       0x2c ./Core/Src/mainpp.o
                0x00000000200013d4                stm_pub_msg
 .bss.freeway_diagnostics
                0x0000000020001400       0x14 ./Core/Src/mainpp.o
                0x0000000020001400                freeway_diagnostics
 .bss.e_stop_status
                0x0000000020001414        0x4 ./Core/Src/mainpp.o
                0x0000000020001414                e_stop_status
 .bss.am_status
                0x0000000020001418        0x4 ./Core/Src/mainpp.o
                0x0000000020001418                am_status
 .bss.fd        0x000000002000141c        0x1 ./Core/Src/mainpp.o
                0x000000002000141c                fd
 *fill*         0x000000002000141d        0x3 
 .bss.axis_X    0x0000000020001420        0x8 ./Core/Src/mainpp.o
                0x0000000020001420                axis_X
 .bss.axis_Y    0x0000000020001428        0x8 ./Core/Src/mainpp.o
                0x0000000020001428                axis_Y
 .bss.am_status_sub
                0x0000000020001430       0x1c ./Core/Src/mainpp.o
                0x0000000020001430                am_status_sub
 .bss.previous_time
                0x000000002000144c        0x4 ./Core/Src/mainpp.o
                0x000000002000144c                previous_time
 .bss.__sbrk_heap_end
                0x0000000020001450        0x4 ./Core/Src/sysmem.o
 .bss.uwTick    0x0000000020001454        0x4 ./Drivers/STM32F4xx_HAL_Driver/Src/stm32f4xx_hal.o
                0x0000000020001454                uwTick
 .bss.__malloc_free_list
                0x0000000020001458        0x4 c:/st/stm32cubeide_1.7.0/stm32cubeide/plugins/com.st.stm32cube.ide.mcu.externaltools.gnu-tools-for-stm32.10.3-2021.10.win32_1.0.0.202111181127/tools/bin/../lib/gcc/arm-none-eabi/10.3.1/../../../../arm-none-eabi/lib/thumb/v7e-m+fp/hard\libc_nano.a(lib_a-nano-mallocr.o)
                0x0000000020001458                __malloc_free_list
 .bss.__malloc_sbrk_start
                0x000000002000145c        0x4 c:/st/stm32cubeide_1.7.0/stm32cubeide/plugins/com.st.stm32cube.ide.mcu.externaltools.gnu-tools-for-stm32.10.3-2021.10.win32_1.0.0.202111181127/tools/bin/../lib/gcc/arm-none-eabi/10.3.1/../../../../arm-none-eabi/lib/thumb/v7e-m+fp/hard\libc_nano.a(lib_a-nano-mallocr.o)
                0x000000002000145c                __malloc_sbrk_start
 .bss.errno     0x0000000020001460        0x4 c:/st/stm32cubeide_1.7.0/stm32cubeide/plugins/com.st.stm32cube.ide.mcu.externaltools.gnu-tools-for-stm32.10.3-2021.10.win32_1.0.0.202111181127/tools/bin/../lib/gcc/arm-none-eabi/10.3.1/../../../../arm-none-eabi/lib/thumb/v7e-m+fp/hard\libc_nano.a(lib_a-reent.o)
                0x0000000020001460                errno
 .bss.__lock___malloc_recursive_mutex
                0x0000000020001464        0x1 c:/st/stm32cubeide_1.7.0/stm32cubeide/plugins/com.st.stm32cube.ide.mcu.externaltools.gnu-tools-for-stm32.10.3-2021.10.win32_1.0.0.202111181127/tools/bin/../lib/gcc/arm-none-eabi/10.3.1/../../../../arm-none-eabi/lib/thumb/v7e-m+fp/hard\libc_nano.a(lib_a-lock.o)
                0x0000000020001464                __lock___malloc_recursive_mutex
 *(COMMON)
                0x0000000020001468                . = ALIGN (0x4)
 *fill*         0x0000000020001465        0x3 
                0x0000000020001468                _ebss = .
                0x0000000020001468                __bss_end__ = _ebss

._user_heap_stack
                0x0000000020001468      0x600 load address 0x0000000008007998
                0x0000000020001468                . = ALIGN (0x8)
                [!provide]                        PROVIDE (end = .)
                0x0000000020001468                PROVIDE (_end = .)
                0x0000000020001668                . = (. + _Min_Heap_Size)
 *fill*         0x0000000020001468      0x200 
                0x0000000020001a68                . = (. + _Min_Stack_Size)
 *fill*         0x0000000020001668      0x400 
                0x0000000020001a68                . = ALIGN (0x8)

/DISCARD/
 libc.a(*)
 libm.a(*)
 libgcc.a(*)

.ARM.attributes
                0x0000000000000000       0x30
 *(.ARM.attributes)
 .ARM.attributes
                0x0000000000000000       0x1e c:/st/stm32cubeide_1.7.0/stm32cubeide/plugins/com.st.stm32cube.ide.mcu.externaltools.gnu-tools-for-stm32.10.3-2021.10.win32_1.0.0.202111181127/tools/bin/../lib/gcc/arm-none-eabi/10.3.1/thumb/v7e-m+fp/hard/crti.o
 .ARM.attributes
                0x000000000000001e       0x34 c:/st/stm32cubeide_1.7.0/stm32cubeide/plugins/com.st.stm32cube.ide.mcu.externaltools.gnu-tools-for-stm32.10.3-2021.10.win32_1.0.0.202111181127/tools/bin/../lib/gcc/arm-none-eabi/10.3.1/thumb/v7e-m+fp/hard/crtbegin.o
 .ARM.attributes
                0x0000000000000052       0x34 ./Core/Inc/ros_lib/BufferedSerial.o
 .ARM.attributes
                0x0000000000000086       0x34 ./Core/Inc/ros_lib/time.o
 .ARM.attributes
                0x00000000000000ba       0x34 ./Core/Src/main.o
 .ARM.attributes
                0x00000000000000ee       0x34 ./Core/Src/mainpp.o
 .ARM.attributes
                0x0000000000000122       0x34 ./Core/Src/stm32f4xx_hal_msp.o
 .ARM.attributes
                0x0000000000000156       0x34 ./Core/Src/stm32f4xx_it.o
 .ARM.attributes
                0x000000000000018a       0x34 ./Core/Src/syscalls.o
 .ARM.attributes
                0x00000000000001be       0x34 ./Core/Src/sysmem.o
 .ARM.attributes
                0x00000000000001f2       0x34 ./Core/Src/system_stm32f4xx.o
 .ARM.attributes
                0x0000000000000226       0x21 ./Core/Startup/startup_stm32f446retx.o
 .ARM.attributes
                0x0000000000000247       0x34 ./Drivers/STM32F4xx_HAL_Driver/Src/stm32f4xx_hal.o
 .ARM.attributes
                0x000000000000027b       0x34 ./Drivers/STM32F4xx_HAL_Driver/Src/stm32f4xx_hal_adc.o
 .ARM.attributes
                0x00000000000002af       0x34 ./Drivers/STM32F4xx_HAL_Driver/Src/stm32f4xx_hal_cortex.o
 .ARM.attributes
                0x00000000000002e3       0x34 ./Drivers/STM32F4xx_HAL_Driver/Src/stm32f4xx_hal_dma.o
 .ARM.attributes
                0x0000000000000317       0x34 ./Drivers/STM32F4xx_HAL_Driver/Src/stm32f4xx_hal_gpio.o
 .ARM.attributes
                0x000000000000034b       0x34 ./Drivers/STM32F4xx_HAL_Driver/Src/stm32f4xx_hal_pwr_ex.o
 .ARM.attributes
                0x000000000000037f       0x34 ./Drivers/STM32F4xx_HAL_Driver/Src/stm32f4xx_hal_rcc.o
 .ARM.attributes
                0x00000000000003b3       0x34 ./Drivers/STM32F4xx_HAL_Driver/Src/stm32f4xx_hal_rcc_ex.o
 .ARM.attributes
                0x00000000000003e7       0x34 ./Drivers/STM32F4xx_HAL_Driver/Src/stm32f4xx_hal_uart.o
 .ARM.attributes
                0x000000000000041b       0x34 c:/st/stm32cubeide_1.7.0/stm32cubeide/plugins/com.st.stm32cube.ide.mcu.externaltools.gnu-tools-for-stm32.10.3-2021.10.win32_1.0.0.202111181127/tools/bin/../lib/gcc/arm-none-eabi/10.3.1/../../../../arm-none-eabi/lib/thumb/v7e-m+fp/hard\libstdc++_nano.a(pure.o)
 .ARM.attributes
                0x000000000000044f       0x34 c:/st/stm32cubeide_1.7.0/stm32cubeide/plugins/com.st.stm32cube.ide.mcu.externaltools.gnu-tools-for-stm32.10.3-2021.10.win32_1.0.0.202111181127/tools/bin/../lib/gcc/arm-none-eabi/10.3.1/../../../../arm-none-eabi/lib/thumb/v7e-m+fp/hard\libstdc++_nano.a(eh_terminate.o)
 .ARM.attributes
                0x0000000000000483       0x34 c:/st/stm32cubeide_1.7.0/stm32cubeide/plugins/com.st.stm32cube.ide.mcu.externaltools.gnu-tools-for-stm32.10.3-2021.10.win32_1.0.0.202111181127/tools/bin/../lib/gcc/arm-none-eabi/10.3.1/../../../../arm-none-eabi/lib/thumb/v7e-m+fp/hard\libstdc++_nano.a(eh_term_handler.o)
 .ARM.attributes
                0x00000000000004b7       0x34 c:/st/stm32cubeide_1.7.0/stm32cubeide/plugins/com.st.stm32cube.ide.mcu.externaltools.gnu-tools-for-stm32.10.3-2021.10.win32_1.0.0.202111181127/tools/bin/../lib/gcc/arm-none-eabi/10.3.1/../../../../arm-none-eabi/lib/thumb/v7e-m+fp/hard\libc_nano.a(lib_a-abort.o)
 .ARM.attributes
                0x00000000000004eb       0x34 c:/st/stm32cubeide_1.7.0/stm32cubeide/plugins/com.st.stm32cube.ide.mcu.externaltools.gnu-tools-for-stm32.10.3-2021.10.win32_1.0.0.202111181127/tools/bin/../lib/gcc/arm-none-eabi/10.3.1/../../../../arm-none-eabi/lib/thumb/v7e-m+fp/hard\libc_nano.a(lib_a-errno.o)
 .ARM.attributes
                0x000000000000051f       0x34 c:/st/stm32cubeide_1.7.0/stm32cubeide/plugins/com.st.stm32cube.ide.mcu.externaltools.gnu-tools-for-stm32.10.3-2021.10.win32_1.0.0.202111181127/tools/bin/../lib/gcc/arm-none-eabi/10.3.1/../../../../arm-none-eabi/lib/thumb/v7e-m+fp/hard\libc_nano.a(lib_a-impure.o)
 .ARM.attributes
                0x0000000000000553       0x34 c:/st/stm32cubeide_1.7.0/stm32cubeide/plugins/com.st.stm32cube.ide.mcu.externaltools.gnu-tools-for-stm32.10.3-2021.10.win32_1.0.0.202111181127/tools/bin/../lib/gcc/arm-none-eabi/10.3.1/../../../../arm-none-eabi/lib/thumb/v7e-m+fp/hard\libc_nano.a(lib_a-init.o)
 .ARM.attributes
                0x0000000000000587       0x34 c:/st/stm32cubeide_1.7.0/stm32cubeide/plugins/com.st.stm32cube.ide.mcu.externaltools.gnu-tools-for-stm32.10.3-2021.10.win32_1.0.0.202111181127/tools/bin/../lib/gcc/arm-none-eabi/10.3.1/../../../../arm-none-eabi/lib/thumb/v7e-m+fp/hard\libc_nano.a(lib_a-memcpy-stub.o)
 .ARM.attributes
                0x00000000000005bb       0x34 c:/st/stm32cubeide_1.7.0/stm32cubeide/plugins/com.st.stm32cube.ide.mcu.externaltools.gnu-tools-for-stm32.10.3-2021.10.win32_1.0.0.202111181127/tools/bin/../lib/gcc/arm-none-eabi/10.3.1/../../../../arm-none-eabi/lib/thumb/v7e-m+fp/hard\libc_nano.a(lib_a-memset.o)
 .ARM.attributes
                0x00000000000005ef       0x34 c:/st/stm32cubeide_1.7.0/stm32cubeide/plugins/com.st.stm32cube.ide.mcu.externaltools.gnu-tools-for-stm32.10.3-2021.10.win32_1.0.0.202111181127/tools/bin/../lib/gcc/arm-none-eabi/10.3.1/../../../../arm-none-eabi/lib/thumb/v7e-m+fp/hard\libc_nano.a(lib_a-realloc.o)
 .ARM.attributes
                0x0000000000000623       0x34 c:/st/stm32cubeide_1.7.0/stm32cubeide/plugins/com.st.stm32cube.ide.mcu.externaltools.gnu-tools-for-stm32.10.3-2021.10.win32_1.0.0.202111181127/tools/bin/../lib/gcc/arm-none-eabi/10.3.1/../../../../arm-none-eabi/lib/thumb/v7e-m+fp/hard\libc_nano.a(lib_a-signal.o)
 .ARM.attributes
                0x0000000000000657       0x34 c:/st/stm32cubeide_1.7.0/stm32cubeide/plugins/com.st.stm32cube.ide.mcu.externaltools.gnu-tools-for-stm32.10.3-2021.10.win32_1.0.0.202111181127/tools/bin/../lib/gcc/arm-none-eabi/10.3.1/../../../../arm-none-eabi/lib/thumb/v7e-m+fp/hard\libc_nano.a(lib_a-signalr.o)
 .ARM.attributes
                0x000000000000068b       0x17 c:/st/stm32cubeide_1.7.0/stm32cubeide/plugins/com.st.stm32cube.ide.mcu.externaltools.gnu-tools-for-stm32.10.3-2021.10.win32_1.0.0.202111181127/tools/bin/../lib/gcc/arm-none-eabi/10.3.1/../../../../arm-none-eabi/lib/thumb/v7e-m+fp/hard\libc_nano.a(lib_a-strlen.o)
 .ARM.attributes
                0x00000000000006a2       0x34 c:/st/stm32cubeide_1.7.0/stm32cubeide/plugins/com.st.stm32cube.ide.mcu.externaltools.gnu-tools-for-stm32.10.3-2021.10.win32_1.0.0.202111181127/tools/bin/../lib/gcc/arm-none-eabi/10.3.1/../../../../arm-none-eabi/lib/thumb/v7e-m+fp/hard\libc_nano.a(lib_a-nano-mallocr.o)
 .ARM.attributes
                0x00000000000006d6       0x34 c:/st/stm32cubeide_1.7.0/stm32cubeide/plugins/com.st.stm32cube.ide.mcu.externaltools.gnu-tools-for-stm32.10.3-2021.10.win32_1.0.0.202111181127/tools/bin/../lib/gcc/arm-none-eabi/10.3.1/../../../../arm-none-eabi/lib/thumb/v7e-m+fp/hard\libc_nano.a(lib_a-nano-reallocr.o)
 .ARM.attributes
                0x000000000000070a       0x34 c:/st/stm32cubeide_1.7.0/stm32cubeide/plugins/com.st.stm32cube.ide.mcu.externaltools.gnu-tools-for-stm32.10.3-2021.10.win32_1.0.0.202111181127/tools/bin/../lib/gcc/arm-none-eabi/10.3.1/../../../../arm-none-eabi/lib/thumb/v7e-m+fp/hard\libc_nano.a(lib_a-reent.o)
 .ARM.attributes
                0x000000000000073e       0x34 c:/st/stm32cubeide_1.7.0/stm32cubeide/plugins/com.st.stm32cube.ide.mcu.externaltools.gnu-tools-for-stm32.10.3-2021.10.win32_1.0.0.202111181127/tools/bin/../lib/gcc/arm-none-eabi/10.3.1/../../../../arm-none-eabi/lib/thumb/v7e-m+fp/hard\libc_nano.a(lib_a-sbrkr.o)
 .ARM.attributes
                0x0000000000000772       0x34 c:/st/stm32cubeide_1.7.0/stm32cubeide/plugins/com.st.stm32cube.ide.mcu.externaltools.gnu-tools-for-stm32.10.3-2021.10.win32_1.0.0.202111181127/tools/bin/../lib/gcc/arm-none-eabi/10.3.1/../../../../arm-none-eabi/lib/thumb/v7e-m+fp/hard\libc_nano.a(lib_a-mlock.o)
 .ARM.attributes
                0x00000000000007a6       0x34 c:/st/stm32cubeide_1.7.0/stm32cubeide/plugins/com.st.stm32cube.ide.mcu.externaltools.gnu-tools-for-stm32.10.3-2021.10.win32_1.0.0.202111181127/tools/bin/../lib/gcc/arm-none-eabi/10.3.1/../../../../arm-none-eabi/lib/thumb/v7e-m+fp/hard\libc_nano.a(lib_a-nano-freer.o)
 .ARM.attributes
                0x00000000000007da       0x34 c:/st/stm32cubeide_1.7.0/stm32cubeide/plugins/com.st.stm32cube.ide.mcu.externaltools.gnu-tools-for-stm32.10.3-2021.10.win32_1.0.0.202111181127/tools/bin/../lib/gcc/arm-none-eabi/10.3.1/../../../../arm-none-eabi/lib/thumb/v7e-m+fp/hard\libc_nano.a(lib_a-nano-msizer.o)
 .ARM.attributes
                0x000000000000080e       0x34 c:/st/stm32cubeide_1.7.0/stm32cubeide/plugins/com.st.stm32cube.ide.mcu.externaltools.gnu-tools-for-stm32.10.3-2021.10.win32_1.0.0.202111181127/tools/bin/../lib/gcc/arm-none-eabi/10.3.1/../../../../arm-none-eabi/lib/thumb/v7e-m+fp/hard\libc_nano.a(lib_a-lock.o)
 .ARM.attributes
                0x0000000000000842       0x1e c:/st/stm32cubeide_1.7.0/stm32cubeide/plugins/com.st.stm32cube.ide.mcu.externaltools.gnu-tools-for-stm32.10.3-2021.10.win32_1.0.0.202111181127/tools/bin/../lib/gcc/arm-none-eabi/10.3.1/thumb/v7e-m+fp/hard\libgcc.a(_arm_muldf3.o)
 .ARM.attributes
                0x0000000000000860       0x1e c:/st/stm32cubeide_1.7.0/stm32cubeide/plugins/com.st.stm32cube.ide.mcu.externaltools.gnu-tools-for-stm32.10.3-2021.10.win32_1.0.0.202111181127/tools/bin/../lib/gcc/arm-none-eabi/10.3.1/thumb/v7e-m+fp/hard\libgcc.a(_arm_addsubdf3.o)
 .ARM.attributes
                0x000000000000087e       0x1e c:/st/stm32cubeide_1.7.0/stm32cubeide/plugins/com.st.stm32cube.ide.mcu.externaltools.gnu-tools-for-stm32.10.3-2021.10.win32_1.0.0.202111181127/tools/bin/../lib/gcc/arm-none-eabi/10.3.1/thumb/v7e-m+fp/hard\libgcc.a(_arm_truncdfsf2.o)
 .ARM.attributes
                0x000000000000089c       0x1e c:/st/stm32cubeide_1.7.0/stm32cubeide/plugins/com.st.stm32cube.ide.mcu.externaltools.gnu-tools-for-stm32.10.3-2021.10.win32_1.0.0.202111181127/tools/bin/../lib/gcc/arm-none-eabi/10.3.1/thumb/v7e-m+fp/hard\libgcc.a(_aeabi_uldivmod.o)
 .ARM.attributes
                0x00000000000008ba       0x34 c:/st/stm32cubeide_1.7.0/stm32cubeide/plugins/com.st.stm32cube.ide.mcu.externaltools.gnu-tools-for-stm32.10.3-2021.10.win32_1.0.0.202111181127/tools/bin/../lib/gcc/arm-none-eabi/10.3.1/thumb/v7e-m+fp/hard\libgcc.a(_udivmoddi4.o)
 .ARM.attributes
                0x00000000000008ee       0x1e c:/st/stm32cubeide_1.7.0/stm32cubeide/plugins/com.st.stm32cube.ide.mcu.externaltools.gnu-tools-for-stm32.10.3-2021.10.win32_1.0.0.202111181127/tools/bin/../lib/gcc/arm-none-eabi/10.3.1/thumb/v7e-m+fp/hard\libgcc.a(_dvmd_tls.o)
 .ARM.attributes
                0x000000000000090c       0x1e c:/st/stm32cubeide_1.7.0/stm32cubeide/plugins/com.st.stm32cube.ide.mcu.externaltools.gnu-tools-for-stm32.10.3-2021.10.win32_1.0.0.202111181127/tools/bin/../lib/gcc/arm-none-eabi/10.3.1/thumb/v7e-m+fp/hard/crtn.o
OUTPUT(check.elf elf32-littlearm)
LOAD linker stubs
LOAD c:/st/stm32cubeide_1.7.0/stm32cubeide/plugins/com.st.stm32cube.ide.mcu.externaltools.gnu-tools-for-stm32.10.3-2021.10.win32_1.0.0.202111181127/tools/bin/../lib/gcc/arm-none-eabi/10.3.1/../../../../arm-none-eabi/lib/thumb/v7e-m+fp/hard\libc.a
LOAD c:/st/stm32cubeide_1.7.0/stm32cubeide/plugins/com.st.stm32cube.ide.mcu.externaltools.gnu-tools-for-stm32.10.3-2021.10.win32_1.0.0.202111181127/tools/bin/../lib/gcc/arm-none-eabi/10.3.1/../../../../arm-none-eabi/lib/thumb/v7e-m+fp/hard\libm.a
LOAD c:/st/stm32cubeide_1.7.0/stm32cubeide/plugins/com.st.stm32cube.ide.mcu.externaltools.gnu-tools-for-stm32.10.3-2021.10.win32_1.0.0.202111181127/tools/bin/../lib/gcc/arm-none-eabi/10.3.1/thumb/v7e-m+fp/hard\libgcc.a

.debug_info     0x0000000000000000    0x14752
 .debug_info    0x0000000000000000      0xa95 ./Core/Inc/ros_lib/BufferedSerial.o
 .debug_info    0x0000000000000a95     0x1b15 ./Core/Inc/ros_lib/time.o
 .debug_info    0x00000000000025aa     0x1312 ./Core/Src/main.o
 .debug_info    0x00000000000038bc     0x670d ./Core/Src/mainpp.o
 .debug_info    0x0000000000009fc9      0xfd4 ./Core/Src/stm32f4xx_hal_msp.o
 .debug_info    0x000000000000af9d      0x70a ./Core/Src/stm32f4xx_it.o
 .debug_info    0x000000000000b6a7      0x6e0 ./Core/Src/syscalls.o
 .debug_info    0x000000000000bd87      0x171 ./Core/Src/sysmem.o
 .debug_info    0x000000000000bef8      0x55b ./Core/Src/system_stm32f4xx.o
 .debug_info    0x000000000000c453       0x22 ./Core/Startup/startup_stm32f446retx.o
 .debug_info    0x000000000000c475      0x9d2 ./Drivers/STM32F4xx_HAL_Driver/Src/stm32f4xx_hal.o
 .debug_info    0x000000000000ce47      0xd70 ./Drivers/STM32F4xx_HAL_Driver/Src/stm32f4xx_hal_adc.o
 .debug_info    0x000000000000dbb7      0xe39 ./Drivers/STM32F4xx_HAL_Driver/Src/stm32f4xx_hal_cortex.o
 .debug_info    0x000000000000e9f0      0x94f ./Drivers/STM32F4xx_HAL_Driver/Src/stm32f4xx_hal_dma.o
 .debug_info    0x000000000000f33f      0x7be ./Drivers/STM32F4xx_HAL_Driver/Src/stm32f4xx_hal_gpio.o
 .debug_info    0x000000000000fafd      0x702 ./Drivers/STM32F4xx_HAL_Driver/Src/stm32f4xx_hal_pwr_ex.o