Archive member included to satisfy reference by file (symbol)

c:/st/stm32cubeide_1.7.0/stm32cubeide/plugins/com.st.stm32cube.ide.mcu.externaltools.gnu-tools-for-stm32.10.3-2021.10.win32_1.0.0.202111181127/tools/bin/../lib/gcc/arm-none-eabi/10.3.1/../../../../arm-none-eabi/lib/thumb/v7e-m+fp/hard\libstdc++_nano.a(pure.o)
                              ./Core/Src/mainpp.o (__cxa_pure_virtual)
c:/st/stm32cubeide_1.7.0/stm32cubeide/plugins/com.st.stm32cube.ide.mcu.externaltools.gnu-tools-for-stm32.10.3-2021.10.win32_1.0.0.202111181127/tools/bin/../lib/gcc/arm-none-eabi/10.3.1/../../../../arm-none-eabi/lib/thumb/v7e-m+fp/hard\libstdc++_nano.a(eh_terminate.o)
                              c:/st/stm32cubeide_1.7.0/stm32cubeide/plugins/com.st.stm32cube.ide.mcu.externaltools.gnu-tools-for-stm32.10.3-2021.10.win32_1.0.0.202111181127/tools/bin/../lib/gcc/arm-none-eabi/10.3.1/../../../../arm-none-eabi/lib/thumb/v7e-m+fp/hard\libstdc++_nano.a(pure.o) (std::terminate())
c:/st/stm32cubeide_1.7.0/stm32cubeide/plugins/com.st.stm32cube.ide.mcu.externaltools.gnu-tools-for-stm32.10.3-2021.10.win32_1.0.0.202111181127/tools/bin/../lib/gcc/arm-none-eabi/10.3.1/../../../../arm-none-eabi/lib/thumb/v7e-m+fp/hard\libstdc++_nano.a(eh_unex_handler.o)
                              c:/st/stm32cubeide_1.7.0/stm32cubeide/plugins/com.st.stm32cube.ide.mcu.externaltools.gnu-tools-for-stm32.10.3-2021.10.win32_1.0.0.202111181127/tools/bin/../lib/gcc/arm-none-eabi/10.3.1/../../../../arm-none-eabi/lib/thumb/v7e-m+fp/hard\libstdc++_nano.a(eh_terminate.o) (__cxxabiv1::__unexpected_handler)
c:/st/stm32cubeide_1.7.0/stm32cubeide/plugins/com.st.stm32cube.ide.mcu.externaltools.gnu-tools-for-stm32.10.3-2021.10.win32_1.0.0.202111181127/tools/bin/../lib/gcc/arm-none-eabi/10.3.1/../../../../arm-none-eabi/lib/thumb/v7e-m+fp/hard\libstdc++_nano.a(eh_term_handler.o)
                              c:/st/stm32cubeide_1.7.0/stm32cubeide/plugins/com.st.stm32cube.ide.mcu.externaltools.gnu-tools-for-stm32.10.3-2021.10.win32_1.0.0.202111181127/tools/bin/../lib/gcc/arm-none-eabi/10.3.1/../../../../arm-none-eabi/lib/thumb/v7e-m+fp/hard\libstdc++_nano.a(eh_terminate.o) (__cxxabiv1::__terminate_handler)
c:/st/stm32cubeide_1.7.0/stm32cubeide/plugins/com.st.stm32cube.ide.mcu.externaltools.gnu-tools-for-stm32.10.3-2021.10.win32_1.0.0.202111181127/tools/bin/../lib/gcc/arm-none-eabi/10.3.1/../../../../arm-none-eabi/lib/thumb/v7e-m+fp/hard\libc_nano.a(lib_a-abort.o)
                              c:/st/stm32cubeide_1.7.0/stm32cubeide/plugins/com.st.stm32cube.ide.mcu.externaltools.gnu-tools-for-stm32.10.3-2021.10.win32_1.0.0.202111181127/tools/bin/../lib/gcc/arm-none-eabi/10.3.1/../../../../arm-none-eabi/lib/thumb/v7e-m+fp/hard\libstdc++_nano.a(eh_terminate.o) (abort)
c:/st/stm32cubeide_1.7.0/stm32cubeide/plugins/com.st.stm32cube.ide.mcu.externaltools.gnu-tools-for-stm32.10.3-2021.10.win32_1.0.0.202111181127/tools/bin/../lib/gcc/arm-none-eabi/10.3.1/../../../../arm-none-eabi/lib/thumb/v7e-m+fp/hard\libc_nano.a(lib_a-errno.o)
                              ./Core/Src/syscalls.o (__errno)
c:/st/stm32cubeide_1.7.0/stm32cubeide/plugins/com.st.stm32cube.ide.mcu.externaltools.gnu-tools-for-stm32.10.3-2021.10.win32_1.0.0.202111181127/tools/bin/../lib/gcc/arm-none-eabi/10.3.1/../../../../arm-none-eabi/lib/thumb/v7e-m+fp/hard\libc_nano.a(lib_a-exit.o)
                              c:/st/stm32cubeide_1.7.0/stm32cubeide/plugins/com.st.stm32cube.ide.mcu.externaltools.gnu-tools-for-stm32.10.3-2021.10.win32_1.0.0.202111181127/tools/bin/../lib/gcc/arm-none-eabi/10.3.1/../../../../arm-none-eabi/lib/thumb/v7e-m+fp/hard/crt0.o (exit)
c:/st/stm32cubeide_1.7.0/stm32cubeide/plugins/com.st.stm32cube.ide.mcu.externaltools.gnu-tools-for-stm32.10.3-2021.10.win32_1.0.0.202111181127/tools/bin/../lib/gcc/arm-none-eabi/10.3.1/../../../../arm-none-eabi/lib/thumb/v7e-m+fp/hard\libc_nano.a(lib_a-impure.o)
                              c:/st/stm32cubeide_1.7.0/stm32cubeide/plugins/com.st.stm32cube.ide.mcu.externaltools.gnu-tools-for-stm32.10.3-2021.10.win32_1.0.0.202111181127/tools/bin/../lib/gcc/arm-none-eabi/10.3.1/../../../../arm-none-eabi/lib/thumb/v7e-m+fp/hard\libc_nano.a(lib_a-exit.o) (_global_impure_ptr)
c:/st/stm32cubeide_1.7.0/stm32cubeide/plugins/com.st.stm32cube.ide.mcu.externaltools.gnu-tools-for-stm32.10.3-2021.10.win32_1.0.0.202111181127/tools/bin/../lib/gcc/arm-none-eabi/10.3.1/../../../../arm-none-eabi/lib/thumb/v7e-m+fp/hard\libc_nano.a(lib_a-init.o)
                              c:/st/stm32cubeide_1.7.0/stm32cubeide/plugins/com.st.stm32cube.ide.mcu.externaltools.gnu-tools-for-stm32.10.3-2021.10.win32_1.0.0.202111181127/tools/bin/../lib/gcc/arm-none-eabi/10.3.1/../../../../arm-none-eabi/lib/thumb/v7e-m+fp/hard/crt0.o (__libc_init_array)
[...]
Memory Configuration

Name             Origin             Length             Attributes
RAM              0x0000000020000000 0x0000000000020000 xrw
FLASH            0x0000000008000000 0x0000000000080000 xr
*default*        0x0000000000000000 0xffffffffffffffff

Linker script and memory map

LOAD c:/st/stm32cubeide_1.7.0/stm32cubeide/plugins/com.st.stm32cube.ide.mcu.externaltools.gnu-tools-for-stm32.10.3-2021.10.win32_1.0.0.202111181127/tools/bin/../lib/gcc/arm-none-eabi/10.3.1/thumb/v7e-m+fp/hard/crti.o
LOAD c:/st/stm32cubeide_1.7.0/stm32cubeide/plugins/com.st.stm32cube.ide.mcu.externaltools.gnu-tools-for-stm32.10.3-2021.10.win32_1.0.0.202111181127/tools/bin/../lib/gcc/arm-none-eabi/10.3.1/thumb/v7e-m+fp/hard/crtbegin.o
LOAD c:/st/stm32cubeide_1.7.0/stm32cubeide/plugins/com.st.stm32cube.ide.mcu.externaltools.gnu-tools-for-stm32.10.3-2021.10.win32_1.0.0.202111181127/tools/bin/../lib/gcc/arm-none-eabi/10.3.1/../../../../arm-none-eabi/lib/thumb/v7e-m+fp/hard/crt0.o
LOAD ./Core/Inc/ros_lib/BufferedSerial.o
LOAD ./Core/Inc/ros_lib/duration.o
LOAD ./Core/Inc/ros_lib/time.o
LOAD ./Core/Src/main.o
LOAD ./Core/Src/mainpp.o
LOAD ./Core/Src/stm32f4xx_hal_msp.o
LOAD ./Core/Src/stm32f4xx_it.o
LOAD ./Core/Src/syscalls.o
LOAD ./Core/Src/sysmem.o
LOAD ./Core/Src/system_stm32f4xx.o
LOAD ./Core/Startup/startup_stm32f446retx.o
LOAD ./Drivers/STM32F4xx_HAL_Driver/Src/stm32f4xx_hal.o
LOAD ./Drivers/STM32F4xx_HAL_Driver/Src/stm32f4xx_hal_adc.o
LOAD ./Drivers/STM32F4xx_HAL_Driver/Src/stm32f4xx_hal_adc_ex.o
LOAD ./Drivers/STM32F4xx_HAL_Driver/Src/stm32f4xx_hal_cortex.o
LOAD ./Drivers/STM32F4xx_HAL_Driver/Src/stm32f4xx_hal_dma.o
LOAD ./Drivers/STM32F4xx_HAL_Driver/Src/stm32f4xx_hal_dma_ex.o
LOAD ./Drivers/STM32F4xx_HAL_Driver/Src/stm32f4xx_hal_exti.o
LOAD ./Drivers/STM32F4xx_HAL_Driver/Src/stm32f4xx_hal_flash.o
LOAD ./Drivers/STM32F4xx_HAL_Driver/Src/stm32f4xx_hal_flash_ex.o
LOAD ./Drivers/STM32F4xx_HAL_Driver/Src/stm32f4xx_hal_flash_ramfunc.o
LOAD ./Drivers/STM32F4xx_HAL_Driver/Src/stm32f4xx_hal_gpio.o
LOAD ./Drivers/STM32F4xx_HAL_Driver/Src/stm32f4xx_hal_pwr.o
LOAD ./Drivers/STM32F4xx_HAL_Driver/Src/stm32f4xx_hal_pwr_ex.o
LOAD ./Drivers/STM32F4xx_HAL_Driver/Src/stm32f4xx_hal_rcc.o
LOAD ./Drivers/STM32F4xx_HAL_Driver/Src/stm32f4xx_hal_rcc_ex.o
LOAD ./Drivers/STM32F4xx_HAL_Driver/Src/stm32f4xx_hal_tim.o
LOAD ./Drivers/STM32F4xx_HAL_Driver/Src/stm32f4xx_hal_tim_ex.o
LOAD ./Drivers/STM32F4xx_HAL_Driver/Src/stm32f4xx_hal_uart.o
LOAD ./Drivers/STM32F4xx_HAL_Driver/Src/stm32f4xx_ll_adc.o
START GROUP
LOAD c:/st/stm32cubeide_1.7.0/stm32cubeide/plugins/com.st.stm32cube.ide.mcu.externaltools.gnu-tools-for-stm32.10.3-2021.10.win32_1.0.0.202111181127/tools/bin/../lib/gcc/arm-none-eabi/10.3.1/../../../../arm-none-eabi/lib/thumb/v7e-m+fp/hard\libstdc++_nano.a
LOAD c:/st/stm32cubeide_1.7.0/stm32cubeide/plugins/com.st.stm32cube.ide.mcu.externaltools.gnu-tools-for-stm32.10.3-2021.10.win32_1.0.0.202111181127/tools/bin/../lib/gcc/arm-none-eabi/10.3.1/../../../../arm-none-eabi/lib/thumb/v7e-m+fp/hard\libsupc++_nano.a
END GROUP
LOAD c:/st/stm32cubeide_1.7.0/stm32cubeide/plugins/com.st.stm32cube.ide.mcu.externaltools.gnu-tools-for-stm32.10.3-2021.10.win32_1.0.0.202111181127/tools/bin/../lib/gcc/arm-none-eabi/10.3.1/../../../../arm-none-eabi/lib/thumb/v7e-m+fp/hard\libstdc++_nano.a
LOAD c:/st/stm32cubeide_1.7.0/stm32cubeide/plugins/com.st.stm32cube.ide.mcu.externaltools.gnu-tools-for-stm32.10.3-2021.10.win32_1.0.0.202111181127/tools/bin/../lib/gcc/arm-none-eabi/10.3.1/../../../../arm-none-eabi/lib/thumb/v7e-m+fp/hard\libm.a
LOAD c:/st/stm32cubeide_1.7.0/stm32cubeide/plugins/com.st.stm32cube.ide.mcu.externaltools.gnu-tools-for-stm32.10.3-2021.10.win32_1.0.0.202111181127/tools/bin/../lib/gcc/arm-none-eabi/10.3.1/../../../../arm-none-eabi/lib/thumb/v7e-m+fp/hard\libc_nano.a
START GROUP
LOAD c:/st/stm32cubeide_1.7.0/stm32cubeide/plugins/com.st.stm32cube.ide.mcu.externaltools.gnu-tools-for-stm32.10.3-2021.10.win32_1.0.0.202111181127/tools/bin/../lib/gcc/arm-none-eabi/10.3.1/thumb/v7e-m+fp/hard\libgcc.a
LOAD c:/st/stm32cubeide_1.7.0/stm32cubeide/plugins/com.st.stm32cube.ide.mcu.externaltools.gnu-tools-for-stm32.10.3-2021.10.win32_1.0.0.202111181127/tools/bin/../lib/gcc/arm-none-eabi/10.3.1/../../../../arm-none-eabi/lib/thumb/v7e-m+fp/hard\libc_nano.a
END GROUP
START GROUP
LOAD c:/st/stm32cubeide_1.7.0/stm32cubeide/plugins/com.st.stm32cube.ide.mcu.externaltools.gnu-tools-for-stm32.10.3-2021.10.win32_1.0.0.202111181127/tools/bin/../lib/gcc/arm-none-eabi/10.3.1/thumb/v7e-m+fp/hard\libgcc.a
LOAD c:/st/stm32cubeide_1.7.0/stm32cubeide/plugins/com.st.stm32cube.ide.mcu.externaltools.gnu-tools-for-stm32.10.3-2021.10.win32_1.0.0.202111181127/tools/bin/../lib/gcc/arm-none-eabi/10.3.1/../../../../arm-none-eabi/lib/thumb/v7e-m+fp/hard\libc_nano.a
LOAD c:/st/stm32cubeide_1.7.0/stm32cubeide/plugins/com.st.stm32cube.ide.mcu.externaltools.gnu-tools-for-stm32.10.3-2021.10.win32_1.0.0.202111181127/tools/bin/../lib/gcc/arm-none-eabi/10.3.1/../../../../arm-none-eabi/lib/thumb/v7e-m+fp/hard\libnosys.a
END GROUP
START GROUP
LOAD c:/st/stm32cubeide_1.7.0/stm32cubeide/plugins/com.st.stm32cube.ide.mcu.externaltools.gnu-tools-for-stm32.10.3-2021.10.win32_1.0.0.202111181127/tools/bin/../lib/gcc/arm-none-eabi/10.3.1/thumb/v7e-m+fp/hard\libgcc.a
LOAD c:/st/stm32cubeide_1.7.0/stm32cubeide/plugins/com.st.stm32cube.ide.mcu.externaltools.gnu-tools-for-stm32.10.3-2021.10.win32_1.0.0.202111181127/tools/bin/../lib/gcc/arm-none-eabi/10.3.1/../../../../arm-none-eabi/lib/thumb/v7e-m+fp/hard\libc_nano.a
LOAD c:/st/stm32cubeide_1.7.0/stm32cubeide/plugins/com.st.stm32cube.ide.mcu.externaltools.gnu-tools-for-stm32.10.3-2021.10.win32_1.0.0.202111181127/tools/bin/../lib/gcc/arm-none-eabi/10.3.1/../../../../arm-none-eabi/lib/thumb/v7e-m+fp/hard\libnosys.a
END GROUP
LOAD c:/st/stm32cubeide_1.7.0/stm32cubeide/plugins/com.st.stm32cube.ide.mcu.externaltools.gnu-tools-for-stm32.10.3-2021.10.win32_1.0.0.202111181127/tools/bin/../lib/gcc/arm-none-eabi/10.3.1/thumb/v7e-m+fp/hard/crtend.o
LOAD c:/st/stm32cubeide_1.7.0/stm32cubeide/plugins/com.st.stm32cube.ide.mcu.externaltools.gnu-tools-for-stm32.10.3-2021.10.win32_1.0.0.202111181127/tools/bin/../lib/gcc/arm-none-eabi/10.3.1/thumb/v7e-m+fp/hard/crtn.o
                0x0000000020020000                _estack = (ORIGIN (RAM) + LENGTH (RAM))
                0x0000000000000200                _Min_Heap_Size = 0x200
                0x0000000000000400                _Min_Stack_Size = 0x400

.isr_vector     0x0000000008000000      0x1c4
                0x0000000008000000                . = ALIGN (0x4)
 *(.isr_vector)
 .isr_vector    0x0000000008000000      0x1c4 ./Core/Startup/startup_stm32f446retx.o
                0x0000000008000000                g_pfnVectors
                0x00000000080001c4                . = ALIGN (0x4)

.text           0x00000000080001c4     0x732c
                0x00000000080001c4                . = ALIGN (0x4)
 *(.text)
 .text          0x00000000080001c4       0x40 c:/st/stm32cubeide_1.7.0/stm32cubeide/plugins/com.st.stm32cube.ide.mcu.externaltools.gnu-tools-for-stm32.10.3-2021.10.win32_1.0.0.202111181127/tools/bin/../lib/gcc/arm-none-eabi/10.3.1/thumb/v7e-m+fp/hard/crtbegin.o
 .text          0x0000000008000204       0x10 c:/st/stm32cubeide_1.7.0/stm32cubeide/plugins/com.st.stm32cube.ide.mcu.externaltools.gnu-tools-for-stm32.10.3-2021.10.win32_1.0.0.202111181127/tools/bin/../lib/gcc/arm-none-eabi/10.3.1/../../../../arm-none-eabi/lib/thumb/v7e-m+fp/hard\libc_nano.a(lib_a-strlen.o)
                0x0000000008000204                strlen
 .text          0x0000000008000214      0x254 c:/st/stm32cubeide_1.7.0/stm32cubeide/plugins/com.st.stm32cube.ide.mcu.externaltools.gnu-tools-for-stm32.10.3-2021.10.win32_1.0.0.202111181127/tools/bin/../lib/gcc/arm-none-eabi/10.3.1/thumb/v7e-m+fp/hard\libgcc.a(_arm_muldf3.o)
                0x0000000008000214                __muldf3
                0x0000000008000214                __aeabi_dmul
 .text          0x0000000008000468      0x378 c:/st/stm32cubeide_1.7.0/stm32cubeide/plugins/com.st.stm32cube.ide.mcu.externaltools.gnu-tools-for-stm32.10.3-2021.10.win32_1.0.0.202111181127/tools/bin/../lib/gcc/arm-none-eabi/10.3.1/thumb/v7e-m+fp/hard\libgcc.a(_arm_addsubdf3.o)
                0x0000000008000468                __aeabi_drsub
                0x0000000008000470                __aeabi_dsub
                0x0000000008000470                __subdf3
                0x0000000008000474                __aeabi_dadd
                0x0000000008000474                __adddf3
                0x00000000080006ec                __floatunsidf
                0x00000000080006ec                __aeabi_ui2d
                0x000000000800070c                __floatsidf
                0x000000000800070c                __aeabi_i2d
                0x0000000008000730                __aeabi_f2d
                0x0000000008000730                __extendsfdf2
                0x0000000008000774                __floatundidf
                0x0000000008000774                __aeabi_ul2d
                0x0000000008000784                __floatdidf
                0x0000000008000784                __aeabi_l2d
 .text          0x00000000080007e0       0xa0 c:/st/stm32cubeide_1.7.0/stm32cubeide/plugins/com.st.stm32cube.ide.mcu.externaltools.gnu-tools-for-stm32.10.3-2021.10.win32_1.0.0.202111181127/tools/bin/../lib/gcc/arm-none-eabi/10.3.1/thumb/v7e-m+fp/hard\libgcc.a(_arm_truncdfsf2.o)
                0x00000000080007e0                __truncdfsf2
                0x00000000080007e0                __aeabi_d2f
 .text          0x0000000008000880       0x30 c:/st/stm32cubeide_1.7.0/stm32cubeide/plugins/com.st.stm32cube.ide.mcu.externaltools.gnu-tools-for-stm32.10.3-2021.10.win32_1.0.0.202111181127/tools/bin/../lib/gcc/arm-none-eabi/10.3.1/thumb/v7e-m+fp/hard\libgcc.a(_aeabi_uldivmod.o)
                0x0000000008000880                __aeabi_uldivmod
 .text          0x00000000080008b0      0x2d0 c:/st/stm32cubeide_1.7.0/stm32cubeide/plugins/com.st.stm32cube.ide.mcu.externaltools.gnu-tools-for-stm32.10.3-2021.10.win32_1.0.0.202111181127/tools/bin/../lib/gcc/arm-none-eabi/10.3.1/thumb/v7e-m+fp/hard\libgcc.a(_udivmoddi4.o)
                0x00000000080008b0                __udivmoddi4
 .text          0x0000000008000b80        0x4 c:/st/stm32cubeide_1.7.0/stm32cubeide/plugins/com.st.stm32cube.ide.mcu.externaltools.gnu-tools-for-stm32.10.3-2021.10.win32_1.0.0.202111181127/tools/bin/../lib/gcc/arm-none-eabi/10.3.1/thumb/v7e-m+fp/hard\libgcc.a(_dvmd_tls.o)
                0x0000000008000b80                __aeabi_idiv0
                0x0000000008000b80                __aeabi_ldiv0
 *(.text*)
 .text._ZN14BufferedSerialC2ER20__UART_HandleTypeDef
                0x0000000008000b84       0x40 ./Core/Inc/ros_lib/BufferedSerial.o
                0x0000000008000b84                BufferedSerial::BufferedSerial(__UART_HandleTypeDef&)
                0x0000000008000b84                BufferedSerial::BufferedSerial(__UART_HandleTypeDef&)
 .text._ZN14BufferedSerial4initEv
                0x0000000008000bc4       0x16 ./Core/Inc/ros_lib/BufferedSerial.o
                0x0000000008000bc4                BufferedSerial::init()
 .text._ZN14BufferedSerial4readEv
                0x0000000008000bda       0x6c ./Core/Inc/ros_lib/BufferedSerial.o
                0x0000000008000bda                BufferedSerial::read()
 .text._ZN14BufferedSerial5writeEPKhi
                0x0000000008000c46       0xae ./Core/Inc/ros_lib/BufferedSerial.o
                0x0000000008000c46                BufferedSerial::write(unsigned char const*, int)
 .text._ZN14BufferedSerial15flush_tx_bufferEv
                0x0000000008000cf4      0x11c ./Core/Inc/ros_lib/BufferedSerial.o
                0x0000000008000cf4                BufferedSerial::flush_tx_buffer()
 .text._ZN14BufferedSerial15reset_rx_bufferEv
                0x0000000008000e10       0x22 ./Core/Inc/ros_lib/BufferedSerial.o
                0x0000000008000e10                BufferedSerial::reset_rx_buffer()
 .text._ZN14BufferedSerial10get_handleEv
                0x0000000008000e32       0x18 ./Core/Inc/ros_lib/BufferedSerial.o
                0x0000000008000e32                BufferedSerial::get_handle()
 *fill*         0x0000000008000e4a        0x2 
 .text.HAL_UART_TxCpltCallback
                0x0000000008000e4c       0x38 ./Core/Inc/ros_lib/BufferedSerial.o
                0x0000000008000e4c                HAL_UART_TxCpltCallback
 .text.HAL_UART_RxCpltCallback
                0x0000000008000e84       0x1c ./Core/Inc/ros_lib/BufferedSerial.o
                0x0000000008000e84                HAL_UART_RxCpltCallback
 .text._Z41__static_initialization_and_destruction_0ii
                0x0000000008000ea0       0x34 ./Core/Inc/ros_lib/BufferedSerial.o
 .text._GLOBAL__sub_I_buff_serial
                0x0000000008000ed4       0x10 ./Core/Inc/ros_lib/BufferedSerial.o
 .text._ZN3ros16normalizeSecNSecERmS0_
                0x0000000008000ee4       0x58 ./Core/Inc/ros_lib/time.o
                0x0000000008000ee4                ros::normalizeSecNSec(unsigned long&, unsigned long&)
 .text.main     0x0000000008000f3c       0x5c ./Core/Src/main.o
                0x0000000008000f3c                main
 .text.SystemClock_Config
                0x0000000008000f98       0xdc ./Core/Src/main.o
                0x0000000008000f98                SystemClock_Config
 .text.MX_ADC1_Init
                0x0000000008001074       0xc0 ./Core/Src/main.o
 .text.MX_USART3_UART_Init
                0x0000000008001134       0x54 ./Core/Src/main.o
 .text.MX_DMA_Init
                0x0000000008001188       0x7c ./Core/Src/main.o
 .text.MX_GPIO_Init
                0x0000000008001204      0x130 ./Core/Src/main.o
 .text.Error_Handler
                0x0000000008001334        0xa ./Core/Src/main.o
                0x0000000008001334                Error_Handler
 *fill*         0x000000000800133e        0x2 
 .text._ZN13STM32HardwareC2Ev
                0x0000000008001340       0x20 ./Core/Src/mainpp.o
                0x0000000008001340                STM32Hardware::STM32Hardware()
                0x0000000008001340                STM32Hardware::STM32Hardware()
 .text._ZN13STM32Hardware4initEv
                0x0000000008001360       0x1a ./Core/Src/mainpp.o
                0x0000000008001360                STM32Hardware::init()
 .text._ZN13STM32Hardware4readEv
                0x000000000800137a       0x1c ./Core/Src/mainpp.o
                0x000000000800137a                STM32Hardware::read()
 .text._ZN13STM32Hardware5writeEPhi
                0x0000000008001396       0x22 ./Core/Src/mainpp.o
                0x0000000008001396                STM32Hardware::write(unsigned char*, int)
 .text._ZN13STM32Hardware4timeEv
                0x00000000080013b8       0x16 ./Core/Src/mainpp.o
                0x00000000080013b8                STM32Hardware::time()
 .text._ZN3ros3Msg19serializeAvrFloat64EPhf
                0x00000000080013ce       0xd8 ./Core/Src/mainpp.o
                0x00000000080013ce                ros::Msg::serializeAvrFloat64(unsigned char*, float)
 .text._ZN3ros3Msg21deserializeAvrFloat64EPKhPf
                0x00000000080014a6       0xc4 ./Core/Src/mainpp.o
                0x00000000080014a6                ros::Msg::deserializeAvrFloat64(unsigned char const*, float*)
 .text._ZN3ros4TimeC2Ev
                0x000000000800156a       0x22 ./Core/Src/mainpp.o
                0x000000000800156a                ros::Time::Time()
                0x000000000800156a                ros::Time::Time()
 .text._ZN3ros3MsgC2Ev
                0x000000000800158c       0x20 ./Core/Src/mainpp.o
                0x000000000800158c                ros::Msg::Msg()
                0x000000000800158c                ros::Msg::Msg()
 .text._ZN8std_msgs4TimeC2Ev
                0x00000000080015ac       0x30 ./Core/Src/mainpp.o
                0x00000000080015ac                std_msgs::Time::Time()
                0x00000000080015ac                std_msgs::Time::Time()
 .text._ZNK8std_msgs4Time9serializeEPh
                0x00000000080015dc       0xb0 ./Core/Src/mainpp.o
                0x00000000080015dc                std_msgs::Time::serialize(unsigned char*) const
 .text._ZN8std_msgs4Time11deserializeEPh
                0x000000000800168c       0xc8 ./Core/Src/mainpp.o
                0x000000000800168c                std_msgs::Time::deserialize(unsigned char*)
 .text._ZN8std_msgs4Time7getTypeEv
                0x0000000008001754       0x1c ./Core/Src/mainpp.o
                0x0000000008001754                std_msgs::Time::getType()
 .text._ZN8std_msgs4Time6getMD5Ev
                0x0000000008001770       0x1c ./Core/Src/mainpp.o
                0x0000000008001770                std_msgs::Time::getMD5()
 .text._ZN14rosserial_msgs9TopicInfoC2Ev
                0x000000000800178c       0x48 ./Core/Src/mainpp.o
                0x000000000800178c                rosserial_msgs::TopicInfo::TopicInfo()
                0x000000000800178c                rosserial_msgs::TopicInfo::TopicInfo()
 .text._ZNK14rosserial_msgs9TopicInfo9serializeEPh
                0x00000000080017d4      0x136 ./Core/Src/mainpp.o
                0x00000000080017d4                rosserial_msgs::TopicInfo::serialize(unsigned char*) const
 .text._ZN14rosserial_msgs9TopicInfo11deserializeEPh
                0x000000000800190a      0x1d0 ./Core/Src/mainpp.o
                0x000000000800190a                rosserial_msgs::TopicInfo::deserialize(unsigned char*)
 *fill*         0x0000000008001ada        0x2 
 .text._ZN14rosserial_msgs9TopicInfo7getTypeEv
                0x0000000008001adc       0x1c ./Core/Src/mainpp.o
                0x0000000008001adc                rosserial_msgs::TopicInfo::getType()
 .text._ZN14rosserial_msgs9TopicInfo6getMD5Ev
                0x0000000008001af8       0x1c ./Core/Src/mainpp.o
                0x0000000008001af8                rosserial_msgs::TopicInfo::getMD5()
 .text._ZN14rosserial_msgs3LogC2Ev
                0x0000000008001b14       0x34 ./Core/Src/mainpp.o
                0x0000000008001b14                rosserial_msgs::Log::Log()
                0x0000000008001b14                rosserial_msgs::Log::Log()
 .text._ZNK14rosserial_msgs3Log9serializeEPh
                0x0000000008001b48       0x64 ./Core/Src/mainpp.o
                0x0000000008001b48                rosserial_msgs::Log::serialize(unsigned char*) const
 .text._ZN14rosserial_msgs3Log11deserializeEPh
                0x0000000008001bac       0x90 ./Core/Src/mainpp.o
                0x0000000008001bac                rosserial_msgs::Log::deserialize(unsigned char*)
 .text._ZN14rosserial_msgs3Log7getTypeEv
                0x0000000008001c3c       0x1c ./Core/Src/mainpp.o
                0x0000000008001c3c                rosserial_msgs::Log::getType()
 .text._ZN14rosserial_msgs3Log6getMD5Ev
                0x0000000008001c58       0x1c ./Core/Src/mainpp.o
                0x0000000008001c58                rosserial_msgs::Log::getMD5()
 .text._ZN14rosserial_msgs20RequestParamResponseC2Ev
                0x0000000008001c74       0x48 ./Core/Src/mainpp.o
                0x0000000008001c74                rosserial_msgs::RequestParamResponse::RequestParamResponse()
                0x0000000008001c74                rosserial_msgs::RequestParamResponse::RequestParamResponse()
 .text._ZNK14rosserial_msgs20RequestParamResponse9serializeEPh
                0x0000000008001cbc      0x222 ./Core/Src/mainpp.o
                0x0000000008001cbc                rosserial_msgs::RequestParamResponse::serialize(unsigned char*) const
 .text._ZN14rosserial_msgs20RequestParamResponse11deserializeEPh
                0x0000000008001ede      0x2e2 ./Core/Src/mainpp.o
                0x0000000008001ede                rosserial_msgs::RequestParamResponse::deserialize(unsigned char*)
 .text._ZN14rosserial_msgs20RequestParamResponse7getTypeEv
                0x00000000080021c0       0x1c ./Core/Src/mainpp.o
                0x00000000080021c0                rosserial_msgs::RequestParamResponse::getType()
 .text._ZN14rosserial_msgs20RequestParamResponse6getMD5Ev
                0x00000000080021dc       0x1c ./Core/Src/mainpp.o
                0x00000000080021dc                rosserial_msgs::RequestParamResponse::getMD5()
 .text._ZN3ros9PublisherC2EPKcPNS_3MsgEi
                0x00000000080021f8       0x2e ./Core/Src/mainpp.o
                0x00000000080021f8                ros::Publisher::Publisher(char const*, ros::Msg*, int)
                0x00000000080021f8                ros::Publisher::Publisher(char const*, ros::Msg*, int)
 .text._ZN3ros9Publisher7publishEPKNS_3MsgE
                0x0000000008002226       0x28 ./Core/Src/mainpp.o
                0x0000000008002226                ros::Publisher::publish(ros::Msg const*)
 .text._ZN3ros9Publisher15getEndpointTypeEv
                0x000000000800224e       0x18 ./Core/Src/mainpp.o
                0x000000000800224e                ros::Publisher::getEndpointType()
 *fill*         0x0000000008002266        0x2 
 .text._ZN13geometry_msgs7Vector3C2Ev
                0x0000000008002268       0x3c ./Core/Src/mainpp.o
                0x0000000008002268                geometry_msgs::Vector3::Vector3()
                0x0000000008002268                geometry_msgs::Vector3::Vector3()
 .text._ZNK13geometry_msgs7Vector39serializeEPh
                0x00000000080022a4       0x72 ./Core/Src/mainpp.o
                0x00000000080022a4                geometry_msgs::Vector3::serialize(unsigned char*) const
 .text._ZN13geometry_msgs7Vector311deserializeEPh
                0x0000000008002316       0x66 ./Core/Src/mainpp.o
                0x0000000008002316                geometry_msgs::Vector3::deserialize(unsigned char*)
 .text._ZN13geometry_msgs7Vector37getTypeEv
                0x000000000800237c       0x1c ./Core/Src/mainpp.o
                0x000000000800237c                geometry_msgs::Vector3::getType()
 .text._ZN13geometry_msgs7Vector36getMD5Ev
                0x0000000008002398       0x1c ./Core/Src/mainpp.o
                0x0000000008002398                geometry_msgs::Vector3::getMD5()
 .text._ZN13geometry_msgs5TwistC2Ev
                0x00000000080023b4       0x38 ./Core/Src/mainpp.o
                0x00000000080023b4                geometry_msgs::Twist::Twist()
                0x00000000080023b4                geometry_msgs::Twist::Twist()
 .text._ZNK13geometry_msgs5Twist9serializeEPh
                0x00000000080023ec       0x4a ./Core/Src/mainpp.o
                0x00000000080023ec                geometry_msgs::Twist::serialize(unsigned char*) const
 .text._ZN13geometry_msgs5Twist11deserializeEPh
                0x0000000008002436       0x4a ./Core/Src/mainpp.o
                0x0000000008002436                geometry_msgs::Twist::deserialize(unsigned char*)
 .text._ZN13geometry_msgs5Twist7getTypeEv
                0x0000000008002480       0x1c ./Core/Src/mainpp.o
                0x0000000008002480                geometry_msgs::Twist::getType()
 .text._ZN13geometry_msgs5Twist6getMD5Ev
                0x000000000800249c       0x1c ./Core/Src/mainpp.o
                0x000000000800249c                geometry_msgs::Twist::getMD5()
 .text._ZN13freeway_joyfw10stm_fw_msgC2Ev
                0x00000000080024b8       0x3c ./Core/Src/mainpp.o
                0x00000000080024b8                freeway_joyfw::stm_fw_msg::stm_fw_msg()
                0x00000000080024b8                freeway_joyfw::stm_fw_msg::stm_fw_msg()
 .text._ZNK13freeway_joyfw10stm_fw_msg9serializeEPh
                0x00000000080024f4       0x5e ./Core/Src/mainpp.o
                0x00000000080024f4                freeway_joyfw::stm_fw_msg::serialize(unsigned char*) const
 .text._ZN13freeway_joyfw10stm_fw_msg11deserializeEPh
                0x0000000008002552       0x72 ./Core/Src/mainpp.o
                0x0000000008002552                freeway_joyfw::stm_fw_msg::deserialize(unsigned char*)
 .text._ZN13freeway_joyfw10stm_fw_msg7getTypeEv
                0x00000000080025c4       0x1c ./Core/Src/mainpp.o
                0x00000000080025c4                freeway_joyfw::stm_fw_msg::getType()
 .text._ZN13freeway_joyfw10stm_fw_msg6getMD5Ev
                0x00000000080025e0       0x1c ./Core/Src/mainpp.o
                0x00000000080025e0                freeway_joyfw::stm_fw_msg::getMD5()
 .text._ZN13freeway_joyfw10stm_am_msgC2Ev
                0x00000000080025fc       0x2c ./Core/Src/mainpp.o
                0x00000000080025fc                freeway_joyfw::stm_am_msg::stm_am_msg()
                0x00000000080025fc                freeway_joyfw::stm_am_msg::stm_am_msg()
 .text._ZNK13freeway_joyfw10stm_am_msg9serializeEPh
                0x0000000008002628       0x32 ./Core/Src/mainpp.o
                0x0000000008002628                freeway_joyfw::stm_am_msg::serialize(unsigned char*) const
 .text._ZN13freeway_joyfw10stm_am_msg11deserializeEPh
                0x000000000800265a       0x3c ./Core/Src/mainpp.o
                0x000000000800265a                freeway_joyfw::stm_am_msg::deserialize(unsigned char*)
 *fill*         0x0000000008002696        0x2 
 .text._ZN13freeway_joyfw10stm_am_msg7getTypeEv
                0x0000000008002698       0x1c ./Core/Src/mainpp.o
                0x0000000008002698                freeway_joyfw::stm_am_msg::getType()
 .text._ZN13freeway_joyfw10stm_am_msg6getMD5Ev
                0x00000000080026b4       0x1c ./Core/Src/mainpp.o
                0x00000000080026b4                freeway_joyfw::stm_am_msg::getMD5()
 .text._Z12am_status_cbRKN13freeway_joyfw10stm_am_msgE
                0x00000000080026d0       0x28 ./Core/Src/mainpp.o
                0x00000000080026d0                am_status_cb(freeway_joyfw::stm_am_msg const&)
 .text.map      0x00000000080026f8       0x38 ./Core/Src/mainpp.o
                0x00000000080026f8                map
 .text.setup    0x0000000008002730       0x48 ./Core/Src/mainpp.o
                0x0000000008002730                setup
 .text.loop     0x0000000008002778      0x160 ./Core/Src/mainpp.o
                0x0000000008002778                loop
 .text.HAL_GPIO_EXTI_Callback
                0x00000000080028d8       0x54 ./Core/Src/mainpp.o
                0x00000000080028d8                HAL_GPIO_EXTI_Callback
 .text.HAL_GPIO_EXTI_Callback3
                0x000000000800292c       0x48 ./Core/Src/mainpp.o
                0x000000000800292c                HAL_GPIO_EXTI_Callback3
 .text._ZN3ros3Msg8varToArrIPhmEEvT_T0_
                0x0000000008002974       0x3c ./Core/Src/mainpp.o
                0x0000000008002974                void ros::Msg::varToArr<unsigned char*, unsigned long>(unsigned char*, unsigned long)
 .text._ZN3ros3Msg8arrToVarImPhEEvRT_T0_
                0x00000000080029b0       0x4a ./Core/Src/mainpp.o
                0x00000000080029b0                void ros::Msg::arrToVar<unsigned long, unsigned char*>(unsigned long&, unsigned char*)
 *fill*         0x00000000080029fa        0x2 
 .text._ZN3ros15NodeHandleBase_C2Ev
                0x00000000080029fc       0x20 ./Core/Src/mainpp.o
                0x00000000080029fc                ros::NodeHandleBase_::NodeHandleBase_()
                0x00000000080029fc                ros::NodeHandleBase_::NodeHandleBase_()
 .text._ZN3ros11NodeHandle_I13STM32HardwareLi25ELi25ELi1024ELi1024EEC2Ev
                0x0000000008002a1c       0xfc ./Core/Src/mainpp.o
                0x0000000008002a1c                ros::NodeHandle_<STM32Hardware, 25, 25, 1024, 1024>::NodeHandle_()
                0x0000000008002a1c                ros::NodeHandle_<STM32Hardware, 25, 25, 1024, 1024>::NodeHandle_()
 .text._ZN3ros11Subscriber_C2Ev
                0x0000000008002b18       0x20 ./Core/Src/mainpp.o
                0x0000000008002b18                ros::Subscriber_::Subscriber_()
                0x0000000008002b18                ros::Subscriber_::Subscriber_()
 .text._ZN3ros10SubscriberIN13freeway_joyfw10stm_am_msgEvEC2EPKcPFvRKS2_Ei
                0x0000000008002b38       0x48 ./Core/Src/mainpp.o
                0x0000000008002b38                ros::Subscriber<freeway_joyfw::stm_am_msg, void>::Subscriber(char const*, void (*)(freeway_joyfw::stm_am_msg const&), int)
                0x0000000008002b38                ros::Subscriber<freeway_joyfw::stm_am_msg, void>::Subscriber(char const*, void (*)(freeway_joyfw::stm_am_msg const&), int)
 .text._ZN3ros11NodeHandle_I13STM32HardwareLi25ELi25ELi1024ELi1024EE8initNodeEv
                0x0000000008002b80       0x3a ./Core/Src/mainpp.o
                0x0000000008002b80                ros::NodeHandle_<STM32Hardware, 25, 25, 1024, 1024>::initNode()
 .text._ZN3ros11NodeHandle_I13STM32HardwareLi25ELi25ELi1024ELi1024EE9subscribeINS_10SubscriberIN13freeway_joyfw10stm_am_msgEvEEEEbRT_
                0x0000000008002bba       0x5a ./Core/Src/mainpp.o
                0x0000000008002bba                bool ros::NodeHandle_<STM32Hardware, 25, 25, 1024, 1024>::subscribe<ros::Subscriber<freeway_joyfw::stm_am_msg, void> >(ros::Subscriber<freeway_joyfw::stm_am_msg, void>&)
 .text._ZN3ros11NodeHandle_I13STM32HardwareLi25ELi25ELi1024ELi1024EE9advertiseERNS_9PublisherE
                0x0000000008002c14       0x5c ./Core/Src/mainpp.o
                0x0000000008002c14                ros::NodeHandle_<STM32Hardware, 25, 25, 1024, 1024>::advertise(ros::Publisher&)
 .text._ZN3ros11NodeHandle_I13STM32HardwareLi25ELi25ELi1024ELi1024EE8spinOnceEv
                0x0000000008002c70      0x3a6 ./Core/Src/mainpp.o
                0x0000000008002c70                ros::NodeHandle_<STM32Hardware, 25, 25, 1024, 1024>::spinOnce()
 .text._ZN3ros11NodeHandle_I13STM32HardwareLi25ELi25ELi1024ELi1024EE15requestSyncTimeEv
                0x0000000008003016       0x3a ./Core/Src/mainpp.o
                0x0000000008003016                ros::NodeHandle_<STM32Hardware, 25, 25, 1024, 1024>::requestSyncTime()
 .text._ZN3ros11NodeHandle_I13STM32HardwareLi25ELi25ELi1024ELi1024EE15negotiateTopicsEv
                0x0000000008003050      0x1c0 ./Core/Src/mainpp.o
                0x0000000008003050                ros::NodeHandle_<STM32Hardware, 25, 25, 1024, 1024>::negotiateTopics()
 .text._ZN3ros11NodeHandle_I13STM32HardwareLi25ELi25ELi1024ELi1024EE8syncTimeEPh
                0x0000000008003210       0x94 ./Core/Src/mainpp.o
                0x0000000008003210                ros::NodeHandle_<STM32Hardware, 25, 25, 1024, 1024>::syncTime(unsigned char*)
 .text._ZN3ros11NodeHandle_I13STM32HardwareLi25ELi25ELi1024ELi1024EE7publishEiPKNS_3MsgE
                0x00000000080032a4      0x128 ./Core/Src/mainpp.o
                0x00000000080032a4                ros::NodeHandle_<STM32Hardware, 25, 25, 1024, 1024>::publish(int, ros::Msg const*)
 .text._ZN3ros11NodeHandle_I13STM32HardwareLi25ELi25ELi1024ELi1024EE6setNowERNS_4TimeE
                0x00000000080033cc       0x7c ./Core/Src/mainpp.o
                0x00000000080033cc                ros::NodeHandle_<STM32Hardware, 25, 25, 1024, 1024>::setNow(ros::Time&)
 .text._ZN3ros11NodeHandle_I13STM32HardwareLi25ELi25ELi1024ELi1024EE8logerrorEPKc
                0x0000000008003448       0x1c ./Core/Src/mainpp.o
                0x0000000008003448                ros::NodeHandle_<STM32Hardware, 25, 25, 1024, 1024>::logerror(char const*)
 .text._ZN3ros11NodeHandle_I13STM32HardwareLi25ELi25ELi1024ELi1024EE3logEcPKc
                0x0000000008003464       0x38 ./Core/Src/mainpp.o
                0x0000000008003464                ros::NodeHandle_<STM32Hardware, 25, 25, 1024, 1024>::log(char, char const*)
 .text._Z41__static_initialization_and_destruction_0ii
                0x000000000800349c       0x6c ./Core/Src/mainpp.o
 .text._ZN3ros10SubscriberIN13freeway_joyfw10stm_am_msgEvE8callbackEPh
                0x0000000008003508       0x2a ./Core/Src/mainpp.o
                0x0000000008003508                ros::Subscriber<freeway_joyfw::stm_am_msg, void>::callback(unsigned char*)
 .text._ZN3ros10SubscriberIN13freeway_joyfw10stm_am_msgEvE15getEndpointTypeEv
                0x0000000008003532       0x18 ./Core/Src/mainpp.o
                0x0000000008003532                ros::Subscriber<freeway_joyfw::stm_am_msg, void>::getEndpointType()
 .text._ZN3ros10SubscriberIN13freeway_joyfw10stm_am_msgEvE10getMsgTypeEv
                0x000000000800354a       0x1c ./Core/Src/mainpp.o
                0x000000000800354a                ros::Subscriber<freeway_joyfw::stm_am_msg, void>::getMsgType()
 .text._ZN3ros10SubscriberIN13freeway_joyfw10stm_am_msgEvE9getMsgMD5Ev
                0x0000000008003566       0x1c ./Core/Src/mainpp.o
                0x0000000008003566                ros::Subscriber<freeway_joyfw::stm_am_msg, void>::getMsgMD5()
 .text._ZN3ros11NodeHandle_I13STM32HardwareLi25ELi25ELi1024ELi1024EE9connectedEv
                0x0000000008003582       0x1a ./Core/Src/mainpp.o
                0x0000000008003582                ros::NodeHandle_<STM32Hardware, 25, 25, 1024, 1024>::connected()
 .text._GLOBAL__sub_I_nh
                0x000000000800359c       0x10 ./Core/Src/mainpp.o
 .text.HAL_MspInit
                0x00000000080035ac       0x50 ./Core/Src/stm32f4xx_hal_msp.o
                0x00000000080035ac                HAL_MspInit
 .text.HAL_ADC_MspInit
                0x00000000080035fc       0xf0 ./Core/Src/stm32f4xx_hal_msp.o
                0x00000000080035fc                HAL_ADC_MspInit
 .text.HAL_UART_MspInit
                0x00000000080036ec      0x16c ./Core/Src/stm32f4xx_hal_msp.o
                0x00000000080036ec                HAL_UART_MspInit
 .text.NMI_Handler
                0x0000000008003858        0x6 ./Core/Src/stm32f4xx_it.o
                0x0000000008003858                NMI_Handler
 .text.HardFault_Handler
                0x000000000800385e        0x6 ./Core/Src/stm32f4xx_it.o
                0x000000000800385e                HardFault_Handler
 .text.MemManage_Handler
                0x0000000008003864        0x6 ./Core/Src/stm32f4xx_it.o
                0x0000000008003864                MemManage_Handler
 .text.BusFault_Handler
                0x000000000800386a        0x6 ./Core/Src/stm32f4xx_it.o
                0x000000000800386a                BusFault_Handler
 .text.UsageFault_Handler
                0x0000000008003870        0x6 ./Core/Src/stm32f4xx_it.o
                0x0000000008003870                UsageFault_Handler
 .text.SVC_Handler
                0x0000000008003876        0xe ./Core/Src/stm32f4xx_it.o
                0x0000000008003876                SVC_Handler
 .text.DebugMon_Handler
                0x0000000008003884        0xe ./Core/Src/stm32f4xx_it.o
                0x0000000008003884                DebugMon_Handler
 .text.PendSV_Handler
                0x0000000008003892        0xe ./Core/Src/stm32f4xx_it.o
                0x0000000008003892                PendSV_Handler
 .text.SysTick_Handler
                0x00000000080038a0        0xc ./Core/Src/stm32f4xx_it.o
                0x00000000080038a0                SysTick_Handler
 .text.EXTI3_IRQHandler
                0x00000000080038ac        0xe ./Core/Src/stm32f4xx_it.o
                0x00000000080038ac                EXTI3_IRQHandler
 *fill*         0x00000000080038ba        0x2 
 .text.DMA1_Stream1_IRQHandler
                0x00000000080038bc       0x14 ./Core/Src/stm32f4xx_it.o
                0x00000000080038bc                DMA1_Stream1_IRQHandler
 .text.DMA1_Stream3_IRQHandler
                0x00000000080038d0       0x14 ./Core/Src/stm32f4xx_it.o
                0x00000000080038d0                DMA1_Stream3_IRQHandler
 .text.EXTI9_5_IRQHandler
                0x00000000080038e4        0xe ./Core/Src/stm32f4xx_it.o
                0x00000000080038e4                EXTI9_5_IRQHandler
 *fill*         0x00000000080038f2        0x2 
 .text.USART3_IRQHandler
                0x00000000080038f4       0x14 ./Core/Src/stm32f4xx_it.o
                0x00000000080038f4                USART3_IRQHandler
 .text.DMA2_Stream0_IRQHandler
                0x0000000008003908       0x14 ./Core/Src/stm32f4xx_it.o
                0x0000000008003908                DMA2_Stream0_IRQHandler
 .text._getpid  0x000000000800391c       0x10 ./Core/Src/syscalls.o
                0x000000000800391c                _getpid
 .text._kill    0x000000000800392c       0x20 ./Core/Src/syscalls.o
                0x000000000800392c                _kill
 .text._exit    0x000000000800394c       0x14 ./Core/Src/syscalls.o
                0x000000000800394c                _exit
 .text._sbrk    0x0000000008003960       0x6c ./Core/Src/sysmem.o
                0x0000000008003960                _sbrk
 .text.SystemInit
                0x00000000080039cc       0x24 ./Core/Src/system_stm32f4xx.o
                0x00000000080039cc                SystemInit
 .text.Reset_Handler
                0x00000000080039f0       0x50 ./Core/Startup/startup_stm32f446retx.o
                0x00000000080039f0                Reset_Handler
 .text.Default_Handler
                0x0000000008003a40        0x2 ./Core/Startup/startup_stm32f446retx.o
                0x0000000008003a40                RTC_Alarm_IRQHandler
                0x0000000008003a40                EXTI2_IRQHandler
                0x0000000008003a40                TIM8_CC_IRQHandler
                0x0000000008003a40                FMPI2C1_EV_IRQHandler
                0x0000000008003a40                SPI4_IRQHandler
                0x0000000008003a40                TIM1_CC_IRQHandler
                0x0000000008003a40                DMA2_Stream5_IRQHandler
                0x0000000008003a40                DMA1_Stream5_IRQHandler
                0x0000000008003a40                PVD_IRQHandler
                0x0000000008003a40                SDIO_IRQHandler
                0x0000000008003a40                TAMP_STAMP_IRQHandler
                0x0000000008003a40                CAN2_RX1_IRQHandler
                0x0000000008003a40                TIM8_TRG_COM_TIM14_IRQHandler
                0x0000000008003a40                TIM1_UP_TIM10_IRQHandler
                0x0000000008003a40                TIM8_UP_TIM13_IRQHandler
                0x0000000008003a40                I2C3_ER_IRQHandler
                0x0000000008003a40                EXTI0_IRQHandler
                0x0000000008003a40                I2C2_EV_IRQHandler
                0x0000000008003a40                DMA1_Stream2_IRQHandler
                0x0000000008003a40                CAN1_RX0_IRQHandler
                0x0000000008003a40                FPU_IRQHandler
                0x0000000008003a40                OTG_HS_WKUP_IRQHandler
                0x0000000008003a40                CAN2_SCE_IRQHandler
                0x0000000008003a40                DMA2_Stream2_IRQHandler
                0x0000000008003a40                SPI1_IRQHandler
                0x0000000008003a40                TIM6_DAC_IRQHandler
                0x0000000008003a40                TIM1_BRK_TIM9_IRQHandler
                0x0000000008003a40                DCMI_IRQHandler
                0x0000000008003a40                CAN2_RX0_IRQHandler
                0x0000000008003a40                DMA2_Stream3_IRQHandler
                0x0000000008003a40                SAI2_IRQHandler
                0x0000000008003a40                USART6_IRQHandler
                0x0000000008003a40                CAN1_RX1_IRQHandler
                0x0000000008003a40                UART5_IRQHandler
                0x0000000008003a40                TIM4_IRQHandler
                0x0000000008003a40                QUADSPI_IRQHandler
                0x0000000008003a40                I2C1_EV_IRQHandler
                0x0000000008003a40                DMA1_Stream6_IRQHandler
                0x0000000008003a40                UART4_IRQHandler
                0x0000000008003a40                TIM3_IRQHandler
                0x0000000008003a40                RCC_IRQHandler
                0x0000000008003a40                TIM8_BRK_TIM12_IRQHandler
                0x0000000008003a40                Default_Handler
                0x0000000008003a40                CEC_IRQHandler
                0x0000000008003a40                EXTI15_10_IRQHandler
                0x0000000008003a40                ADC_IRQHandler
                0x0000000008003a40                DMA1_Stream7_IRQHandler
                0x0000000008003a40                TIM7_IRQHandler
                0x0000000008003a40                CAN2_TX_IRQHandler
                0x0000000008003a40                TIM5_IRQHandler
                0x0000000008003a40                DMA2_Stream7_IRQHandler
                0x0000000008003a40                I2C3_EV_IRQHandler
                0x0000000008003a40                RTC_WKUP_IRQHandler
                0x0000000008003a40                SPDIF_RX_IRQHandler
                0x0000000008003a40                SPI2_IRQHandler
                0x0000000008003a40                OTG_HS_EP1_IN_IRQHandler
                0x0000000008003a40                DMA1_Stream0_IRQHandler
                0x0000000008003a40                CAN1_TX_IRQHandler
                0x0000000008003a40                FMPI2C1_ER_IRQHandler
                0x0000000008003a40                EXTI4_IRQHandler
                0x0000000008003a40                OTG_HS_EP1_OUT_IRQHandler
                0x0000000008003a40                WWDG_IRQHandler
                0x0000000008003a40                TIM2_IRQHandler
                0x0000000008003a40                OTG_FS_WKUP_IRQHandler
                0x0000000008003a40                TIM1_TRG_COM_TIM11_IRQHandler
                0x0000000008003a40                OTG_HS_IRQHandler
                0x0000000008003a40                EXTI1_IRQHandler
                0x0000000008003a40                USART2_IRQHandler
                0x0000000008003a40                I2C2_ER_IRQHandler
                0x0000000008003a40                DMA2_Stream1_IRQHandler
                0x0000000008003a40                CAN1_SCE_IRQHandler
                0x0000000008003a40                FLASH_IRQHandler
                0x0000000008003a40                DMA2_Stream4_IRQHandler
                0x0000000008003a40                USART1_IRQHandler
                0x0000000008003a40                OTG_FS_IRQHandler
                0x0000000008003a40                SPI3_IRQHandler
                0x0000000008003a40                DMA1_Stream4_IRQHandler
                0x0000000008003a40                I2C1_ER_IRQHandler
                0x0000000008003a40                FMC_IRQHandler
                0x0000000008003a40                DMA2_Stream6_IRQHandler
                0x0000000008003a40                SAI1_IRQHandler
 *fill*         0x0000000008003a42        0x2 
 .text.HAL_Init
                0x0000000008003a44       0x44 ./Drivers/STM32F4xx_HAL_Driver/Src/stm32f4xx_hal.o
                0x0000000008003a44                HAL_Init
 .text.HAL_InitTick
                0x0000000008003a88       0x60 ./Drivers/STM32F4xx_HAL_Driver/Src/stm32f4xx_hal.o
                0x0000000008003a88                HAL_InitTick
 .text.HAL_IncTick
                0x0000000008003ae8       0x28 ./Drivers/STM32F4xx_HAL_Driver/Src/stm32f4xx_hal.o
                0x0000000008003ae8                HAL_IncTick
 .text.HAL_GetTick
                0x0000000008003b10       0x18 ./Drivers/STM32F4xx_HAL_Driver/Src/stm32f4xx_hal.o
                0x0000000008003b10                HAL_GetTick
 .text.HAL_Delay
                0x0000000008003b28       0x48 ./Drivers/STM32F4xx_HAL_Driver/Src/stm32f4xx_hal.o
                0x0000000008003b28                HAL_Delay
 .text.HAL_ADC_Init
                0x0000000008003b70       0x86 ./Drivers/STM32F4xx_HAL_Driver/Src/stm32f4xx_hal_adc.o
                0x0000000008003b70                HAL_ADC_Init
 *fill*         0x0000000008003bf6        0x2 
 .text.HAL_ADC_Start_DMA
                0x0000000008003bf8      0x220 ./Drivers/STM32F4xx_HAL_Driver/Src/stm32f4xx_hal_adc.o
                0x0000000008003bf8                HAL_ADC_Start_DMA
 .text.HAL_ADC_ConvCpltCallback
                0x0000000008003e18       0x14 ./Drivers/STM32F4xx_HAL_Driver/Src/stm32f4xx_hal_adc.o
                0x0000000008003e18                HAL_ADC_ConvCpltCallback
 .text.HAL_ADC_ConvHalfCpltCallback
                0x0000000008003e2c       0x14 ./Drivers/STM32F4xx_HAL_Driver/Src/stm32f4xx_hal_adc.o
                0x0000000008003e2c                HAL_ADC_ConvHalfCpltCallback
 .text.HAL_ADC_ErrorCallback
                0x0000000008003e40       0x14 ./Drivers/STM32F4xx_HAL_Driver/Src/stm32f4xx_hal_adc.o
                0x0000000008003e40                HAL_ADC_ErrorCallback
 .text.HAL_ADC_ConfigChannel
                0x0000000008003e54      0x264 ./Drivers/STM32F4xx_HAL_Driver/Src/stm32f4xx_hal_adc.o
                0x0000000008003e54                HAL_ADC_ConfigChannel
 .text.ADC_Init
                0x00000000080040b8      0x1f8 ./Drivers/STM32F4xx_HAL_Driver/Src/stm32f4xx_hal_adc.o
 .text.ADC_DMAConvCplt
                0x00000000080042b0       0xba ./Drivers/STM32F4xx_HAL_Driver/Src/stm32f4xx_hal_adc.o
 .text.ADC_DMAHalfConvCplt
                0x000000000800436a       0x1c ./Drivers/STM32F4xx_HAL_Driver/Src/stm32f4xx_hal_adc.o
 .text.ADC_DMAError
                0x0000000008004386       0x2e ./Drivers/STM32F4xx_HAL_Driver/Src/stm32f4xx_hal_adc.o
 .text.__NVIC_SetPriorityGrouping
                0x00000000080043b4       0x48 ./Drivers/STM32F4xx_HAL_Driver/Src/stm32f4xx_hal_cortex.o
 .text.__NVIC_GetPriorityGrouping
                0x00000000080043fc       0x1c ./Drivers/STM32F4xx_HAL_Driver/Src/stm32f4xx_hal_cortex.o
 .text.__NVIC_EnableIRQ
                0x0000000008004418       0x3c ./Drivers/STM32F4xx_HAL_Driver/Src/stm32f4xx_hal_cortex.o
 .text.__NVIC_SetPriority
                0x0000000008004454       0x54 ./Drivers/STM32F4xx_HAL_Driver/Src/stm32f4xx_hal_cortex.o
 .text.NVIC_EncodePriority
                0x00000000080044a8       0x66 ./Drivers/STM32F4xx_HAL_Driver/Src/stm32f4xx_hal_cortex.o
 *fill*         0x000000000800450e        0x2 
 .text.SysTick_Config
                0x0000000008004510       0x44 ./Drivers/STM32F4xx_HAL_Driver/Src/stm32f4xx_hal_cortex.o
 .text.HAL_NVIC_SetPriorityGrouping
                0x0000000008004554       0x16 ./Drivers/STM32F4xx_HAL_Driver/Src/stm32f4xx_hal_cortex.o
                0x0000000008004554                HAL_NVIC_SetPriorityGrouping
 .text.HAL_NVIC_SetPriority
                0x000000000800456a       0x38 ./Drivers/STM32F4xx_HAL_Driver/Src/stm32f4xx_hal_cortex.o
                0x000000000800456a                HAL_NVIC_SetPriority
 .text.HAL_NVIC_EnableIRQ
                0x00000000080045a2       0x1c ./Drivers/STM32F4xx_HAL_Driver/Src/stm32f4xx_hal_cortex.o
                0x00000000080045a2                HAL_NVIC_EnableIRQ
 .text.HAL_SYSTICK_Config
                0x00000000080045be       0x18 ./Drivers/STM32F4xx_HAL_Driver/Src/stm32f4xx_hal_cortex.o
                0x00000000080045be                HAL_SYSTICK_Config
 *fill*         0x00000000080045d6        0x2 
 .text.HAL_DMA_Init
                0x00000000080045d8      0x15c ./Drivers/STM32F4xx_HAL_Driver/Src/stm32f4xx_hal_dma.o
                0x00000000080045d8                HAL_DMA_Init
 .text.HAL_DMA_Start_IT
                0x0000000008004734       0xb0 ./Drivers/STM32F4xx_HAL_Driver/Src/stm32f4xx_hal_dma.o
                0x0000000008004734                HAL_DMA_Start_IT
 .text.HAL_DMA_Abort
                0x00000000080047e4       0xe0 ./Drivers/STM32F4xx_HAL_Driver/Src/stm32f4xx_hal_dma.o
                0x00000000080047e4                HAL_DMA_Abort
 .text.HAL_DMA_Abort_IT
                0x00000000080048c4       0x44 ./Drivers/STM32F4xx_HAL_Driver/Src/stm32f4xx_hal_dma.o
                0x00000000080048c4                HAL_DMA_Abort_IT
 .text.HAL_DMA_IRQHandler
                0x0000000008004908      0x314 ./Drivers/STM32F4xx_HAL_Driver/Src/stm32f4xx_hal_dma.o
                0x0000000008004908                HAL_DMA_IRQHandler
 .text.DMA_SetConfig
                0x0000000008004c1c       0x5c ./Drivers/STM32F4xx_HAL_Driver/Src/stm32f4xx_hal_dma.o
 .text.DMA_CalcBaseAndBitshift
                0x0000000008004c78       0x6c ./Drivers/STM32F4xx_HAL_Driver/Src/stm32f4xx_hal_dma.o
 .text.DMA_CheckFifoParam
                0x0000000008004ce4       0xf8 ./Drivers/STM32F4xx_HAL_Driver/Src/stm32f4xx_hal_dma.o
 .text.HAL_GPIO_Init
                0x0000000008004ddc      0x328 ./Drivers/STM32F4xx_HAL_Driver/Src/stm32f4xx_hal_gpio.o
                0x0000000008004ddc                HAL_GPIO_Init
 .text.HAL_GPIO_ReadPin
                0x0000000008005104       0x30 ./Drivers/STM32F4xx_HAL_Driver/Src/stm32f4xx_hal_gpio.o
                0x0000000008005104                HAL_GPIO_ReadPin
 .text.HAL_GPIO_EXTI_IRQHandler
                0x0000000008005134       0x30 ./Drivers/STM32F4xx_HAL_Driver/Src/stm32f4xx_hal_gpio.o
                0x0000000008005134                HAL_GPIO_EXTI_IRQHandler
 .text.HAL_GPIO_EXTI_IRQHandler3
                0x0000000008005164       0x30 ./Drivers/STM32F4xx_HAL_Driver/Src/stm32f4xx_hal_gpio.o
                0x0000000008005164                HAL_GPIO_EXTI_IRQHandler3
 .text.HAL_RCC_ClockConfig
                0x0000000008005194      0x1cc ./Drivers/STM32F4xx_HAL_Driver/Src/stm32f4xx_hal_rcc.o
                0x0000000008005194                HAL_RCC_ClockConfig
 .text.HAL_RCC_GetHCLKFreq
                0x0000000008005360       0x18 ./Drivers/STM32F4xx_HAL_Driver/Src/stm32f4xx_hal_rcc.o
                0x0000000008005360                HAL_RCC_GetHCLKFreq
 .text.HAL_RCC_GetPCLK1Freq
                0x0000000008005378       0x28 ./Drivers/STM32F4xx_HAL_Driver/Src/stm32f4xx_hal_rcc.o
                0x0000000008005378                HAL_RCC_GetPCLK1Freq
 .text.HAL_RCC_GetPCLK2Freq
                0x00000000080053a0       0x28 ./Drivers/STM32F4xx_HAL_Driver/Src/stm32f4xx_hal_rcc.o
                0x00000000080053a0                HAL_RCC_GetPCLK2Freq
 .text.HAL_RCC_GetSysClockFreq
                0x00000000080053c8      0x460 ./Drivers/STM32F4xx_HAL_Driver/Src/stm32f4xx_hal_rcc_ex.o
                0x00000000080053c8                HAL_RCC_GetSysClockFreq
 .text.HAL_RCC_OscConfig
                0x0000000008005828      0x53c ./Drivers/STM32F4xx_HAL_Driver/Src/stm32f4xx_hal_rcc_ex.o
                0x0000000008005828                HAL_RCC_OscConfig
 .text.HAL_UART_Init
                0x0000000008005d64       0x9a ./Drivers/STM32F4xx_HAL_Driver/Src/stm32f4xx_hal_uart.o
                0x0000000008005d64                HAL_UART_Init
 *fill*         0x0000000008005dfe        0x2 
 .text.HAL_UART_Transmit_DMA
                0x0000000008005e00       0xfc ./Drivers/STM32F4xx_HAL_Driver/Src/stm32f4xx_hal_uart.o
                0x0000000008005e00                HAL_UART_Transmit_DMA
 .text.HAL_UART_Receive_DMA
                0x0000000008005efc       0x60 ./Drivers/STM32F4xx_HAL_Driver/Src/stm32f4xx_hal_uart.o
                0x0000000008005efc                HAL_UART_Receive_DMA
 .text.HAL_UART_IRQHandler
                0x0000000008005f5c      0x51c ./Drivers/STM32F4xx_HAL_Driver/Src/stm32f4xx_hal_uart.o
                0x0000000008005f5c                HAL_UART_IRQHandler
 .text.HAL_UART_TxHalfCpltCallback
                0x0000000008006478       0x14 ./Drivers/STM32F4xx_HAL_Driver/Src/stm32f4xx_hal_uart.o
                0x0000000008006478                HAL_UART_TxHalfCpltCallback
 .text.HAL_UART_RxHalfCpltCallback
                0x000000000800648c       0x14 ./Drivers/STM32F4xx_HAL_Driver/Src/stm32f4xx_hal_uart.o
                0x000000000800648c                HAL_UART_RxHalfCpltCallback
 .text.HAL_UART_ErrorCallback
                0x00000000080064a0       0x14 ./Drivers/STM32F4xx_HAL_Driver/Src/stm32f4xx_hal_uart.o
                0x00000000080064a0                HAL_UART_ErrorCallback
 .text.HAL_UARTEx_RxEventCallback
                0x00000000080064b4       0x18 ./Drivers/STM32F4xx_HAL_Driver/Src/stm32f4xx_hal_uart.o
                0x00000000080064b4                HAL_UARTEx_RxEventCallback
 .text.UART_DMATransmitCplt
                0x00000000080064cc       0x9a ./Drivers/STM32F4xx_HAL_Driver/Src/stm32f4xx_hal_uart.o
 .text.UART_DMATxHalfCplt
                0x0000000008006566       0x1c ./Drivers/STM32F4xx_HAL_Driver/Src/stm32f4xx_hal_uart.o
 .text.UART_DMAReceiveCplt
                0x0000000008006582      0x126 ./Drivers/STM32F4xx_HAL_Driver/Src/stm32f4xx_hal_uart.o
 .text.UART_DMARxHalfCplt
                0x00000000080066a8       0x36 ./Drivers/STM32F4xx_HAL_Driver/Src/stm32f4xx_hal_uart.o
 .text.UART_DMAError
                0x00000000080066de       0x94 ./Drivers/STM32F4xx_HAL_Driver/Src/stm32f4xx_hal_uart.o
 *fill*         0x0000000008006772        0x2 
 .text.UART_Start_Receive_DMA
                0x0000000008006774      0x13c ./Drivers/STM32F4xx_HAL_Driver/Src/stm32f4xx_hal_uart.o
                0x0000000008006774                UART_Start_Receive_DMA
 .text.UART_EndTxTransfer
                0x00000000080068b0       0x50 ./Drivers/STM32F4xx_HAL_Driver/Src/stm32f4xx_hal_uart.o
 .text.UART_EndRxTransfer
                0x0000000008006900       0xc6 ./Drivers/STM32F4xx_HAL_Driver/Src/stm32f4xx_hal_uart.o
 .text.UART_DMAAbortOnError
                0x00000000080069c6       0x28 ./Drivers/STM32F4xx_HAL_Driver/Src/stm32f4xx_hal_uart.o
 .text.UART_Transmit_IT
                0x00000000080069ee       0xa0 ./Drivers/STM32F4xx_HAL_Driver/Src/stm32f4xx_hal_uart.o
 .text.UART_EndTransmit_IT
                0x0000000008006a8e       0x30 ./Drivers/STM32F4xx_HAL_Driver/Src/stm32f4xx_hal_uart.o
 .text.UART_Receive_IT
                0x0000000008006abe      0x176 ./Drivers/STM32F4xx_HAL_Driver/Src/stm32f4xx_hal_uart.o
 .text.UART_SetConfig
                0x0000000008006c34      0x4e8 ./Drivers/STM32F4xx_HAL_Driver/Src/stm32f4xx_hal_uart.o
 .text.__cxa_pure_virtual
                0x000000000800711c        0x6 c:/st/stm32cubeide_1.7.0/stm32cubeide/plugins/com.st.stm32cube.ide.mcu.externaltools.gnu-tools-for-stm32.10.3-2021.10.win32_1.0.0.202111181127/tools/bin/../lib/gcc/arm-none-eabi/10.3.1/../../../../arm-none-eabi/lib/thumb/v7e-m+fp/hard\libstdc++_nano.a(pure.o)
                0x000000000800711c                __cxa_pure_virtual
 .text._ZN10__cxxabiv111__terminateEPFvvE
                0x0000000008007122        0x8 c:/st/stm32cubeide_1.7.0/stm32cubeide/plugins/com.st.stm32cube.ide.mcu.externaltools.gnu-tools-for-stm32.10.3-2021.10.win32_1.0.0.202111181127/tools/bin/../lib/gcc/arm-none-eabi/10.3.1/../../../../arm-none-eabi/lib/thumb/v7e-m+fp/hard\libstdc++_nano.a(eh_terminate.o)
                0x0000000008007122                __cxxabiv1::__terminate(void (*)())
 *fill*         0x000000000800712a        0x2 
 .text._ZSt13get_terminatev
                0x000000000800712c       0x10 c:/st/stm32cubeide_1.7.0/stm32cubeide/plugins/com.st.stm32cube.ide.mcu.externaltools.gnu-tools-for-stm32.10.3-2021.10.win32_1.0.0.202111181127/tools/bin/../lib/gcc/arm-none-eabi/10.3.1/../../../../arm-none-eabi/lib/thumb/v7e-m+fp/hard\libstdc++_nano.a(eh_terminate.o)
                0x000000000800712c                std::get_terminate()
 .text._ZSt9terminatev
                0x000000000800713c        0xa c:/st/stm32cubeide_1.7.0/stm32cubeide/plugins/com.st.stm32cube.ide.mcu.externaltools.gnu-tools-for-stm32.10.3-2021.10.win32_1.0.0.202111181127/tools/bin/../lib/gcc/arm-none-eabi/10.3.1/../../../../arm-none-eabi/lib/thumb/v7e-m+fp/hard\libstdc++_nano.a(eh_terminate.o)
                0x000000000800713c                std::terminate()
 .text.abort    0x0000000008007146        0xe c:/st/stm32cubeide_1.7.0/stm32cubeide/plugins/com.st.stm32cube.ide.mcu.externaltools.gnu-tools-for-stm32.10.3-2021.10.win32_1.0.0.202111181127/tools/bin/../lib/gcc/arm-none-eabi/10.3.1/../../../../arm-none-eabi/lib/thumb/v7e-m+fp/hard\libc_nano.a(lib_a-abort.o)
                0x0000000008007146                abort
 .text.__errno  0x0000000008007154        0xc c:/st/stm32cubeide_1.7.0/stm32cubeide/plugins/com.st.stm32cube.ide.mcu.externaltools.gnu-tools-for-stm32.10.3-2021.10.win32_1.0.0.202111181127/tools/bin/../lib/gcc/arm-none-eabi/10.3.1/../../../../arm-none-eabi/lib/thumb/v7e-m+fp/hard\libc_nano.a(lib_a-errno.o)
                0x0000000008007154                __errno
 .text.__libc_init_array
                0x0000000008007160       0x48 c:/st/stm32cubeide_1.7.0/stm32cubeide/plugins/com.st.stm32cube.ide.mcu.externaltools.gnu-tools-for-stm32.10.3-2021.10.win32_1.0.0.202111181127/tools/bin/../lib/gcc/arm-none-eabi/10.3.1/../../../../arm-none-eabi/lib/thumb/v7e-m+fp/hard\libc_nano.a(lib_a-init.o)
                0x0000000008007160                __libc_init_array
 .text.memcpy   0x00000000080071a8       0x1c c:/st/stm32cubeide_1.7.0/stm32cubeide/plugins/com.st.stm32cube.ide.mcu.externaltools.gnu-tools-for-stm32.10.3-2021.10.win32_1.0.0.202111181127/tools/bin/../lib/gcc/arm-none-eabi/10.3.1/../../../../arm-none-eabi/lib/thumb/v7e-m+fp/hard\libc_nano.a(lib_a-memcpy-stub.o)
                0x00000000080071a8                memcpy
 .text.memset   0x00000000080071c4       0x10 c:/st/stm32cubeide_1.7.0/stm32cubeide/plugins/com.st.stm32cube.ide.mcu.externaltools.gnu-tools-for-stm32.10.3-2021.10.win32_1.0.0.202111181127/tools/bin/../lib/gcc/arm-none-eabi/10.3.1/../../../../arm-none-eabi/lib/thumb/v7e-m+fp/hard\libc_nano.a(lib_a-memset.o)
                0x00000000080071c4                memset
 .text.realloc  0x00000000080071d4       0x10 c:/st/stm32cubeide_1.7.0/stm32cubeide/plugins/com.st.stm32cube.ide.mcu.externaltools.gnu-tools-for-stm32.10.3-2021.10.win32_1.0.0.202111181127/tools/bin/../lib/gcc/arm-none-eabi/10.3.1/../../../../arm-none-eabi/lib/thumb/v7e-m+fp/hard\libc_nano.a(lib_a-realloc.o)
                0x00000000080071d4                realloc
 .text._raise_r
                0x00000000080071e4       0x50 c:/st/stm32cubeide_1.7.0/stm32cubeide/plugins/com.st.stm32cube.ide.mcu.externaltools.gnu-tools-for-stm32.10.3-2021.10.win32_1.0.0.202111181127/tools/bin/../lib/gcc/arm-none-eabi/10.3.1/../../../../arm-none-eabi/lib/thumb/v7e-m+fp/hard\libc_nano.a(lib_a-signal.o)
                0x00000000080071e4                _raise_r
 .text.raise    0x0000000008007234       0x10 c:/st/stm32cubeide_1.7.0/stm32cubeide/plugins/com.st.stm32cube.ide.mcu.externaltools.gnu-tools-for-stm32.10.3-2021.10.win32_1.0.0.202111181127/tools/bin/../lib/gcc/arm-none-eabi/10.3.1/../../../../arm-none-eabi/lib/thumb/v7e-m+fp/hard\libc_nano.a(lib_a-signal.o)
                0x0000000008007234                raise
 .text._kill_r  0x0000000008007244       0x24 c:/st/stm32cubeide_1.7.0/stm32cubeide/plugins/com.st.stm32cube.ide.mcu.externaltools.gnu-tools-for-stm32.10.3-2021.10.win32_1.0.0.202111181127/tools/bin/../lib/gcc/arm-none-eabi/10.3.1/../../../../arm-none-eabi/lib/thumb/v7e-m+fp/hard\libc_nano.a(lib_a-signalr.o)
                0x0000000008007244                _kill_r
 .text._getpid_r
                0x0000000008007268        0x4 c:/st/stm32cubeide_1.7.0/stm32cubeide/plugins/com.st.stm32cube.ide.mcu.externaltools.gnu-tools-for-stm32.10.3-2021.10.win32_1.0.0.202111181127/tools/bin/../lib/gcc/arm-none-eabi/10.3.1/../../../../arm-none-eabi/lib/thumb/v7e-m+fp/hard\libc_nano.a(lib_a-signalr.o)
                0x0000000008007268                _getpid_r
 .text.sbrk_aligned
                0x000000000800726c       0x40 c:/st/stm32cubeide_1.7.0/stm32cubeide/plugins/com.st.stm32cube.ide.mcu.externaltools.gnu-tools-for-stm32.10.3-2021.10.win32_1.0.0.202111181127/tools/bin/../lib/gcc/arm-none-eabi/10.3.1/../../../../arm-none-eabi/lib/thumb/v7e-m+fp/hard\libc_nano.a(lib_a-nano-mallocr.o)
 .text._malloc_r
                0x00000000080072ac       0xe8 c:/st/stm32cubeide_1.7.0/stm32cubeide/plugins/com.st.stm32cube.ide.mcu.externaltools.gnu-tools-for-stm32.10.3-2021.10.win32_1.0.0.202111181127/tools/bin/../lib/gcc/arm-none-eabi/10.3.1/../../../../arm-none-eabi/lib/thumb/v7e-m+fp/hard\libc_nano.a(lib_a-nano-mallocr.o)
                0x00000000080072ac                _malloc_r
 .text._realloc_r
                0x0000000008007394       0x5e c:/st/stm32cubeide_1.7.0/stm32cubeide/plugins/com.st.stm32cube.ide.mcu.externaltools.gnu-tools-for-stm32.10.3-2021.10.win32_1.0.0.202111181127/tools/bin/../lib/gcc/arm-none-eabi/10.3.1/../../../../arm-none-eabi/lib/thumb/v7e-m+fp/hard\libc_nano.a(lib_a-nano-reallocr.o)
                0x0000000008007394                _realloc_r
 *fill*         0x00000000080073f2        0x2 
 .text._sbrk_r  0x00000000080073f4       0x20 c:/st/stm32cubeide_1.7.0/stm32cubeide/plugins/com.st.stm32cube.ide.mcu.externaltools.gnu-tools-for-stm32.10.3-2021.10.win32_1.0.0.202111181127/tools/bin/../lib/gcc/arm-none-eabi/10.3.1/../../../../arm-none-eabi/lib/thumb/v7e-m+fp/hard\libc_nano.a(lib_a-sbrkr.o)
                0x00000000080073f4                _sbrk_r
 .text.__malloc_lock
                0x0000000008007414        0xc c:/st/stm32cubeide_1.7.0/stm32cubeide/plugins/com.st.stm32cube.ide.mcu.externaltools.gnu-tools-for-stm32.10.3-2021.10.win32_1.0.0.202111181127/tools/bin/../lib/gcc/arm-none-eabi/10.3.1/../../../../arm-none-eabi/lib/thumb/v7e-m+fp/hard\libc_nano.a(lib_a-mlock.o)
                0x0000000008007414                __malloc_lock
 .text.__malloc_unlock
                0x0000000008007420        0xc c:/st/stm32cubeide_1.7.0/stm32cubeide/plugins/com.st.stm32cube.ide.mcu.externaltools.gnu-tools-for-stm32.10.3-2021.10.win32_1.0.0.202111181127/tools/bin/../lib/gcc/arm-none-eabi/10.3.1/../../../../arm-none-eabi/lib/thumb/v7e-m+fp/hard\libc_nano.a(lib_a-mlock.o)
                0x0000000008007420                __malloc_unlock
 .text._free_r  0x000000000800742c       0x98 c:/st/stm32cubeide_1.7.0/stm32cubeide/plugins/com.st.stm32cube.ide.mcu.externaltools.gnu-tools-for-stm32.10.3-2021.10.win32_1.0.0.202111181127/tools/bin/../lib/gcc/arm-none-eabi/10.3.1/../../../../arm-none-eabi/lib/thumb/v7e-m+fp/hard\libc_nano.a(lib_a-nano-freer.o)
                0x000000000800742c                _free_r
 .text._malloc_usable_size_r
                0x00000000080074c4       0x10 c:/st/stm32cubeide_1.7.0/stm32cubeide/plugins/com.st.stm32cube.ide.mcu.externaltools.gnu-tools-for-stm32.10.3-2021.10.win32_1.0.0.202111181127/tools/bin/../lib/gcc/arm-none-eabi/10.3.1/../../../../arm-none-eabi/lib/thumb/v7e-m+fp/hard\libc_nano.a(lib_a-nano-msizer.o)
                0x00000000080074c4                _malloc_usable_size_r
 .text.__retarget_lock_acquire_recursive
                0x00000000080074d4        0x2 c:/st/stm32cubeide_1.7.0/stm32cubeide/plugins/com.st.stm32cube.ide.mcu.externaltools.gnu-tools-for-stm32.10.3-2021.10.win32_1.0.0.202111181127/tools/bin/../lib/gcc/arm-none-eabi/10.3.1/../../../../arm-none-eabi/lib/thumb/v7e-m+fp/hard\libc_nano.a(lib_a-lock.o)
                0x00000000080074d4                __retarget_lock_acquire_recursive
 .text.__retarget_lock_release_recursive
                0x00000000080074d6        0x2 c:/st/stm32cubeide_1.7.0/stm32cubeide/plugins/com.st.stm32cube.ide.mcu.externaltools.gnu-tools-for-stm32.10.3-2021.10.win32_1.0.0.202111181127/tools/bin/../lib/gcc/arm-none-eabi/10.3.1/../../../../arm-none-eabi/lib/thumb/v7e-m+fp/hard\libc_nano.a(lib_a-lock.o)
                0x00000000080074d6                __retarget_lock_release_recursive
 *(.glue_7)
 .glue_7        0x00000000080074d8        0x0 linker stubs
 *(.glue_7t)
 .glue_7t       0x00000000080074d8        0x0 linker stubs
 *(.eh_frame)
 .eh_frame      0x00000000080074d8        0x0 c:/st/stm32cubeide_1.7.0/stm32cubeide/plugins/com.st.stm32cube.ide.mcu.externaltools.gnu-tools-for-stm32.10.3-2021.10.win32_1.0.0.202111181127/tools/bin/../lib/gcc/arm-none-eabi/10.3.1/thumb/v7e-m+fp/hard/crtbegin.o
 *(.init)
 .init          0x00000000080074d8        0x4 c:/st/stm32cubeide_1.7.0/stm32cubeide/plugins/com.st.stm32cube.ide.mcu.externaltools.gnu-tools-for-stm32.10.3-2021.10.win32_1.0.0.202111181127/tools/bin/../lib/gcc/arm-none-eabi/10.3.1/thumb/v7e-m+fp/hard/crti.o
                0x00000000080074d8                _init
 .init          0x00000000080074dc        0x8 c:/st/stm32cubeide_1.7.0/stm32cubeide/plugins/com.st.stm32cube.ide.mcu.externaltools.gnu-tools-for-stm32.10.3-2021.10.win32_1.0.0.202111181127/tools/bin/../lib/gcc/arm-none-eabi/10.3.1/thumb/v7e-m+fp/hard/crtn.o
 *(.fini)
 .fini          0x00000000080074e4        0x4 c:/st/stm32cubeide_1.7.0/stm32cubeide/plugins/com.st.stm32cube.ide.mcu.externaltools.gnu-tools-for-stm32.10.3-2021.10.win32_1.0.0.202111181127/tools/bin/../lib/gcc/arm-none-eabi/10.3.1/thumb/v7e-m+fp/hard/crti.o
                0x00000000080074e4                _fini
 .fini          0x00000000080074e8        0x8 c:/st/stm32cubeide_1.7.0/stm32cubeide/plugins/com.st.stm32cube.ide.mcu.externaltools.gnu-tools-for-stm32.10.3-2021.10.win32_1.0.0.202111181127/tools/bin/../lib/gcc/arm-none-eabi/10.3.1/thumb/v7e-m+fp/hard/crtn.o
                0x00000000080074f0                . = ALIGN (0x4)
                0x00000000080074f0                _etext = .

.vfp11_veneer   0x00000000080074f0        0x0
 .vfp11_veneer  0x00000000080074f0        0x0 linker stubs

.v4_bx          0x00000000080074f0        0x0
 .v4_bx         0x00000000080074f0        0x0 linker stubs

.iplt           0x00000000080074f0        0x0
 .iplt          0x00000000080074f0        0x0 c:/st/stm32cubeide_1.7.0/stm32cubeide/plugins/com.st.stm32cube.ide.mcu.externaltools.gnu-tools-for-stm32.10.3-2021.10.win32_1.0.0.202111181127/tools/bin/../lib/gcc/arm-none-eabi/10.3.1/thumb/v7e-m+fp/hard/crtbegin.o

.rodata         0x00000000080074f0      0x398
                0x00000000080074f0                . = ALIGN (0x4)
 *(.rodata)
 .rodata        0x00000000080074f0      0x22a ./Core/Src/mainpp.o
 *(.rodata*)
 *fill*         0x000000000800771a        0x2 
 .rodata._ZN14rosserial_msgsL12REQUESTPARAME
                0x000000000800771c       0x1c ./Core/Src/mainpp.o
 .rodata._ZTVN3ros10SubscriberIN13freeway_joyfw10stm_am_msgEvEE
                0x0000000008007738       0x18 ./Core/Src/mainpp.o
                0x0000000008007738                vtable for ros::Subscriber<freeway_joyfw::stm_am_msg, void>
 .rodata._ZTVN3ros11NodeHandle_I13STM32HardwareLi25ELi25ELi1024ELi1024EEE
                0x0000000008007750       0x14 ./Core/Src/mainpp.o
                0x0000000008007750                vtable for ros::NodeHandle_<STM32Hardware, 25, 25, 1024, 1024>
 .rodata._ZTVN13freeway_joyfw10stm_am_msgE
                0x0000000008007764       0x18 ./Core/Src/mainpp.o
                0x0000000008007764                vtable for freeway_joyfw::stm_am_msg
 .rodata._ZTVN13freeway_joyfw10stm_fw_msgE
                0x000000000800777c       0x18 ./Core/Src/mainpp.o
                0x000000000800777c                vtable for freeway_joyfw::stm_fw_msg
 .rodata._ZTVN13geometry_msgs5TwistE
                0x0000000008007794       0x18 ./Core/Src/mainpp.o
                0x0000000008007794                vtable for geometry_msgs::Twist
 .rodata._ZTVN13geometry_msgs7Vector3E
                0x00000000080077ac       0x18 ./Core/Src/mainpp.o
                0x00000000080077ac                vtable for geometry_msgs::Vector3
 .rodata._ZTVN3ros11Subscriber_E
                0x00000000080077c4       0x18 ./Core/Src/mainpp.o
                0x00000000080077c4                vtable for ros::Subscriber_
 .rodata._ZTVN3ros15NodeHandleBase_E
                0x00000000080077dc       0x14 ./Core/Src/mainpp.o
                0x00000000080077dc                vtable for ros::NodeHandleBase_
 .rodata._ZTVN14rosserial_msgs20RequestParamResponseE
                0x00000000080077f0       0x18 ./Core/Src/mainpp.o
                0x00000000080077f0                vtable for rosserial_msgs::RequestParamResponse
 .rodata._ZTVN14rosserial_msgs3LogE
                0x0000000008007808       0x18 ./Core/Src/mainpp.o
                0x0000000008007808                vtable for rosserial_msgs::Log
 .rodata._ZTVN14rosserial_msgs9TopicInfoE
                0x0000000008007820       0x18 ./Core/Src/mainpp.o
                0x0000000008007820                vtable for rosserial_msgs::TopicInfo
 .rodata._ZTVN8std_msgs4TimeE
                0x0000000008007838       0x18 ./Core/Src/mainpp.o
                0x0000000008007838                vtable for std_msgs::Time
 .rodata._ZTVN3ros3MsgE
                0x0000000008007850       0x18 ./Core/Src/mainpp.o
                0x0000000008007850                vtable for ros::Msg
 .rodata.AHBPrescTable
                0x0000000008007868       0x10 ./Core/Src/system_stm32f4xx.o
                0x0000000008007868                AHBPrescTable
 .rodata.APBPrescTable
                0x0000000008007878        0x8 ./Core/Src/system_stm32f4xx.o
                0x0000000008007878                APBPrescTable
 .rodata.flagBitshiftOffset.0
                0x0000000008007880        0x8 ./Drivers/STM32F4xx_HAL_Driver/Src/stm32f4xx_hal_dma.o
                0x0000000008007888                . = ALIGN (0x4)

.ARM.extab      0x0000000008007888        0x0
                0x0000000008007888                . = ALIGN (0x4)
 *(.ARM.extab* .gnu.linkonce.armextab.*)
                0x0000000008007888                . = ALIGN (0x4)

.ARM            0x0000000008007888        0x8
                0x0000000008007888                . = ALIGN (0x4)
                0x0000000008007888                __exidx_start = .
 *(.ARM.exidx*)
 .ARM.exidx     0x0000000008007888        0x8 c:/st/stm32cubeide_1.7.0/stm32cubeide/plugins/com.st.stm32cube.ide.mcu.externaltools.gnu-tools-for-stm32.10.3-2021.10.win32_1.0.0.202111181127/tools/bin/../lib/gcc/arm-none-eabi/10.3.1/thumb/v7e-m+fp/hard\libgcc.a(_udivmoddi4.o)
                0x0000000008007890                __exidx_end = .
                0x0000000008007890                . = ALIGN (0x4)

.rel.dyn        0x0000000008007890        0x0
 .rel.iplt      0x0000000008007890        0x0 c:/st/stm32cubeide_1.7.0/stm32cubeide/plugins/com.st.stm32cube.ide.mcu.externaltools.gnu-tools-for-stm32.10.3-2021.10.win32_1.0.0.202111181127/tools/bin/../lib/gcc/arm-none-eabi/10.3.1/thumb/v7e-m+fp/hard/crtbegin.o

.preinit_array  0x0000000008007890        0x0
                0x0000000008007890                . = ALIGN (0x4)
                0x0000000008007890                PROVIDE (__preinit_array_start = .)
 *(.preinit_array*)
                0x0000000008007890                PROVIDE (__preinit_array_end = .)
                0x0000000008007890                . = ALIGN (0x4)

.init_array     0x0000000008007890        0xc
                0x0000000008007890                . = ALIGN (0x4)
                0x0000000008007890                PROVIDE (__init_array_start = .)
 *(SORT_BY_NAME(.init_array.*))
 *(.init_array*)
 .init_array    0x0000000008007890        0x4 c:/st/stm32cubeide_1.7.0/stm32cubeide/plugins/com.st.stm32cube.ide.mcu.externaltools.gnu-tools-for-stm32.10.3-2021.10.win32_1.0.0.202111181127/tools/bin/../lib/gcc/arm-none-eabi/10.3.1/thumb/v7e-m+fp/hard/crtbegin.o
 .init_array    0x0000000008007894        0x4 ./Core/Inc/ros_lib/BufferedSerial.o
 .init_array    0x0000000008007898        0x4 ./Core/Src/mainpp.o
                0x000000000800789c                PROVIDE (__init_array_end = .)
                0x000000000800789c                . = ALIGN (0x4)

.fini_array     0x000000000800789c        0x4
                0x000000000800789c                . = ALIGN (0x4)
                [!provide]                        PROVIDE (__fini_array_start = .)
 *(SORT_BY_NAME(.fini_array.*))
 *(.fini_array*)
 .fini_array    0x000000000800789c        0x4 c:/st/stm32cubeide_1.7.0/stm32cubeide/plugins/com.st.stm32cube.ide.mcu.externaltools.gnu-tools-for-stm32.10.3-2021.10.win32_1.0.0.202111181127/tools/bin/../lib/gcc/arm-none-eabi/10.3.1/thumb/v7e-m+fp/hard/crtbegin.o
                [!provide]                        PROVIDE (__fini_array_end = .)
                0x00000000080078a0                . = ALIGN (0x4)
                0x00000000080078a0                _sidata = LOADADDR (.data)

.data           0x0000000020000000       0x90 load address 0x00000000080078a0
                0x0000000020000000                . = ALIGN (0x4)
                0x0000000020000000                _sdata = .
 *(.data)
 *(.data*)
 .data.td       0x0000000020000000        0x1 ./Core/Src/mainpp.o
                0x0000000020000000                td
 *fill*         0x0000000020000001        0x7 
 .data.l_scale_
                0x0000000020000008        0x8 ./Core/Src/mainpp.o
                0x0000000020000008                l_scale_
 .data.a_scale_
                0x0000000020000010        0x8 ./Core/Src/mainpp.o
                0x0000000020000010                a_scale_
 .data._ZZ22HAL_GPIO_EXTI_CallbackE8pin_stat
                0x0000000020000018        0x1 ./Core/Src/mainpp.o
 .data._ZZ23HAL_GPIO_EXTI_Callback3E8pin_stat
                0x0000000020000019        0x1 ./Core/Src/mainpp.o
 *fill*         0x000000002000001a        0x2 
 .data.SystemCoreClock
                0x000000002000001c        0x4 ./Core/Src/system_stm32f4xx.o
                0x000000002000001c                SystemCoreClock
 .data.uwTickPrio
                0x0000000020000020        0x4 ./Drivers/STM32F4xx_HAL_Driver/Src/stm32f4xx_hal.o
                0x0000000020000020                uwTickPrio
 .data.uwTickFreq
                0x0000000020000024        0x1 ./Drivers/STM32F4xx_HAL_Driver/Src/stm32f4xx_hal.o
                0x0000000020000024                uwTickFreq
 *fill*         0x0000000020000025        0x3 
 .data._ZN10__cxxabiv119__terminate_handlerE
                0x0000000020000028        0x4 c:/st/stm32cubeide_1.7.0/stm32cubeide/plugins/com.st.stm32cube.ide.mcu.externaltools.gnu-tools-for-stm32.10.3-2021.10.win32_1.0.0.202111181127/tools/bin/../lib/gcc/arm-none-eabi/10.3.1/../../../../arm-none-eabi/lib/thumb/v7e-m+fp/hard\libstdc++_nano.a(eh_term_handler.o)
                0x0000000020000028                __cxxabiv1::__terminate_handler
 .data._impure_ptr
                0x000000002000002c        0x4 c:/st/stm32cubeide_1.7.0/stm32cubeide/plugins/com.st.stm32cube.ide.mcu.externaltools.gnu-tools-for-stm32.10.3-2021.10.win32_1.0.0.202111181127/tools/bin/../lib/gcc/arm-none-eabi/10.3.1/../../../../arm-none-eabi/lib/thumb/v7e-m+fp/hard\libc_nano.a(lib_a-impure.o)
                0x000000002000002c                _impure_ptr
 .data.impure_data
                0x0000000020000030       0x60 c:/st/stm32cubeide_1.7.0/stm32cubeide/plugins/com.st.stm32cube.ide.mcu.externaltools.gnu-tools-for-stm32.10.3-2021.10.win32_1.0.0.202111181127/tools/bin/../lib/gcc/arm-none-eabi/10.3.1/../../../../arm-none-eabi/lib/thumb/v7e-m+fp/hard\libc_nano.a(lib_a-impure.o)
 *(.RamFunc)
 *(.RamFunc*)
                0x0000000020000090                . = ALIGN (0x4)
                0x0000000020000090                _edata = .

.igot.plt       0x0000000020000090        0x0 load address 0x0000000008007930
 .igot.plt      0x0000000020000090        0x0 c:/st/stm32cubeide_1.7.0/stm32cubeide/plugins/com.st.stm32cube.ide.mcu.externaltools.gnu-tools-for-stm32.10.3-2021.10.win32_1.0.0.202111181127/tools/bin/../lib/gcc/arm-none-eabi/10.3.1/thumb/v7e-m+fp/hard/crtbegin.o
                0x0000000020000090                . = ALIGN (0x4)

.bss            0x0000000020000090     0x13cc load address 0x0000000008007930
                0x0000000020000090                _sbss = .
                0x0000000020000090                __bss_start__ = _sbss
 *(.bss)
 .bss           0x0000000020000090       0x1c c:/st/stm32cubeide_1.7.0/stm32cubeide/plugins/com.st.stm32cube.ide.mcu.externaltools.gnu-tools-for-stm32.10.3-2021.10.win32_1.0.0.202111181127/tools/bin/../lib/gcc/arm-none-eabi/10.3.1/thumb/v7e-m+fp/hard/crtbegin.o
 *(.bss*)
 .bss.buff_serial
                0x00000000200000ac      0x80c ./Core/Inc/ros_lib/BufferedSerial.o
                0x00000000200000ac                buff_serial
 .bss._ZZN14BufferedSerial15flush_tx_bufferEvE5mutex
                0x00000000200008b8        0x1 ./Core/Inc/ros_lib/BufferedSerial.o
 *fill*         0x00000000200008b9        0x3 
 .bss.hadc1     0x00000000200008bc       0x48 ./Core/Src/main.o
                0x00000000200008bc                hadc1
 .bss.hdma_adc1
                0x0000000020000904       0x60 ./Core/Src/main.o
                0x0000000020000904                hdma_adc1
 .bss.huart3    0x0000000020000964       0x44 ./Core/Src/main.o
                0x0000000020000964                huart3
 .bss.hdma_usart3_rx
                0x00000000200009a8       0x60 ./Core/Src/main.o
                0x00000000200009a8                hdma_usart3_rx
 .bss.hdma_usart3_tx
                0x0000000020000a08       0x60 ./Core/Src/main.o
                0x0000000020000a08                hdma_usart3_tx
 .bss.XY        0x0000000020000a68        0x8 ./Core/Src/main.o
                0x0000000020000a68                XY
 .bss.x_val     0x0000000020000a70        0x4 ./Core/Src/main.o
                0x0000000020000a70                x_val
 .bss.y_val     0x0000000020000a74        0x4 ./Core/Src/main.o
                0x0000000020000a74                y_val
 .bss.nh        0x0000000020000a78      0x930 ./Core/Src/mainpp.o
                0x0000000020000a78                nh
 .bss.cmd_vel_msg
                0x00000000200013a8       0x24 ./Core/Src/mainpp.o
                0x00000000200013a8                cmd_vel_msg
 .bss.stm_pub_msg
                0x00000000200013cc       0x2c ./Core/Src/mainpp.o
                0x00000000200013cc                stm_pub_msg
 .bss.freeway_diagnostics
                0x00000000200013f8       0x14 ./Core/Src/mainpp.o
                0x00000000200013f8                freeway_diagnostics
 .bss.e_stop_status
                0x000000002000140c        0x4 ./Core/Src/mainpp.o
                0x000000002000140c                e_stop_status
 .bss.am_status
                0x0000000020001410        0x4 ./Core/Src/mainpp.o
                0x0000000020001410                am_status
 .bss.fd        0x0000000020001414        0x1 ./Core/Src/mainpp.o
                0x0000000020001414                fd
 *fill*         0x0000000020001415        0x3 
 .bss.axis_X    0x0000000020001418        0x8 ./Core/Src/mainpp.o
                0x0000000020001418                axis_X
 .bss.axis_Y    0x0000000020001420        0x8 ./Core/Src/mainpp.o
                0x0000000020001420                axis_Y
 .bss.am_status_sub
                0x0000000020001428       0x1c ./Core/Src/mainpp.o
                0x0000000020001428                am_status_sub
 .bss.__sbrk_heap_end
                0x0000000020001444        0x4 ./Core/Src/sysmem.o
 .bss.uwTick    0x0000000020001448        0x4 ./Drivers/STM32F4xx_HAL_Driver/Src/stm32f4xx_hal.o
                0x0000000020001448                uwTick
 .bss.__malloc_free_list
                0x000000002000144c        0x4 c:/st/stm32cubeide_1.7.0/stm32cubeide/plugins/com.st.stm32cube.ide.mcu.externaltools.gnu-tools-for-stm32.10.3-2021.10.win32_1.0.0.202111181127/tools/bin/../lib/gcc/arm-none-eabi/10.3.1/../../../../arm-none-eabi/lib/thumb/v7e-m+fp/hard\libc_nano.a(lib_a-nano-mallocr.o)
                0x000000002000144c                __malloc_free_list
 .bss.__malloc_sbrk_start
                0x0000000020001450        0x4 c:/st/stm32cubeide_1.7.0/stm32cubeide/plugins/com.st.stm32cube.ide.mcu.externaltools.gnu-tools-for-stm32.10.3-2021.10.win32_1.0.0.202111181127/tools/bin/../lib/gcc/arm-none-eabi/10.3.1/../../../../arm-none-eabi/lib/thumb/v7e-m+fp/hard\libc_nano.a(lib_a-nano-mallocr.o)
                0x0000000020001450                __malloc_sbrk_start
 .bss.errno     0x0000000020001454        0x4 c:/st/stm32cubeide_1.7.0/stm32cubeide/plugins/com.st.stm32cube.ide.mcu.externaltools.gnu-tools-for-stm32.10.3-2021.10.win32_1.0.0.202111181127/tools/bin/../lib/gcc/arm-none-eabi/10.3.1/../../../../arm-none-eabi/lib/thumb/v7e-m+fp/hard\libc_nano.a(lib_a-reent.o)
                0x0000000020001454                errno
 .bss.__lock___malloc_recursive_mutex
                0x0000000020001458        0x1 c:/st/stm32cubeide_1.7.0/stm32cubeide/plugins/com.st.stm32cube.ide.mcu.externaltools.gnu-tools-for-stm32.10.3-2021.10.win32_1.0.0.202111181127/tools/bin/../lib/gcc/arm-none-eabi/10.3.1/../../../../arm-none-eabi/lib/thumb/v7e-m+fp/hard\libc_nano.a(lib_a-lock.o)
                0x0000000020001458                __lock___malloc_recursive_mutex
 *(COMMON)
                0x000000002000145c                . = ALIGN (0x4)
 *fill*         0x0000000020001459        0x3 
                0x000000002000145c                _ebss = .
                0x000000002000145c                __bss_end__ = _ebss

._user_heap_stack
                0x000000002000145c      0x604 load address 0x0000000008007930
                0x0000000020001460                . = ALIGN (0x8)
 *fill*         0x000000002000145c        0x4 
                [!provide]                        PROVIDE (end = .)
                0x0000000020001460                PROVIDE (_end = .)
                0x0000000020001660                . = (. + _Min_Heap_Size)
 *fill*         0x0000000020001460      0x200 
                0x0000000020001a60                . = (. + _Min_Stack_Size)
 *fill*         0x0000000020001660      0x400 
                0x0000000020001a60                . = ALIGN (0x8)

/DISCARD/
 libc.a(*)
 libm.a(*)
 libgcc.a(*)

.ARM.attributes
                0x0000000000000000       0x30
 *(.ARM.attributes)
 .ARM.attributes
                0x0000000000000000       0x1e c:/st/stm32cubeide_1.7.0/stm32cubeide/plugins/com.st.stm32cube.ide.mcu.externaltools.gnu-tools-for-stm32.10.3-2021.10.win32_1.0.0.202111181127/tools/bin/../lib/gcc/arm-none-eabi/10.3.1/thumb/v7e-m+fp/hard/crti.o
 .ARM.attributes
                0x000000000000001e       0x34 c:/st/stm32cubeide_1.7.0/stm32cubeide/plugins/com.st.stm32cube.ide.mcu.externaltools.gnu-tools-for-stm32.10.3-2021.10.win32_1.0.0.202111181127/tools/bin/../lib/gcc/arm-none-eabi/10.3.1/thumb/v7e-m+fp/hard/crtbegin.o
 .ARM.attributes
                0x0000000000000052       0x34 ./Core/Inc/ros_lib/BufferedSerial.o
 .ARM.attributes
                0x0000000000000086       0x34 ./Core/Inc/ros_lib/time.o
 .ARM.attributes
                0x00000000000000ba       0x34 ./Core/Src/main.o
 .ARM.attributes
                0x00000000000000ee       0x34 ./Core/Src/mainpp.o
 .ARM.attributes
                0x0000000000000122       0x34 ./Core/Src/stm32f4xx_hal_msp.o
 .ARM.attributes
                0x0000000000000156       0x34 ./Core/Src/stm32f4xx_it.o
 .ARM.attributes
                0x000000000000018a       0x34 ./Core/Src/syscalls.o
 .ARM.attributes
                0x00000000000001be       0x34 ./Core/Src/sysmem.o
 .ARM.attributes
                0x00000000000001f2       0x34 ./Core/Src/system_stm32f4xx.o
 .ARM.attributes
                0x0000000000000226       0x21 ./Core/Startup/startup_stm32f446retx.o
 .ARM.attributes
                0x0000000000000247       0x34 ./Drivers/STM32F4xx_HAL_Driver/Src/stm32f4xx_hal.o
 .ARM.attributes
                0x000000000000027b       0x34 ./Drivers/STM32F4xx_HAL_Driver/Src/stm32f4xx_hal_adc.o
 .ARM.attributes
                0x00000000000002af       0x34 ./Drivers/STM32F4xx_HAL_Driver/Src/stm32f4xx_hal_cortex.o
 .ARM.attributes
                0x00000000000002e3       0x34 ./Drivers/STM32F4xx_HAL_Driver/Src/stm32f4xx_hal_dma.o
 .ARM.attributes
                0x0000000000000317       0x34 ./Drivers/STM32F4xx_HAL_Driver/Src/stm32f4xx_hal_gpio.o
 .ARM.attributes
                0x000000000000034b       0x34 ./Drivers/STM32F4xx_HAL_Driver/Src/stm32f4xx_hal_rcc.o
 .ARM.attributes
                0x000000000000037f       0x34 ./Drivers/STM32F4xx_HAL_Driver/Src/stm32f4xx_hal_rcc_ex.o
 .ARM.attributes
                0x00000000000003b3       0x34 ./Drivers/STM32F4xx_HAL_Driver/Src/stm32f4xx_hal_uart.o
 .ARM.attributes
                0x00000000000003e7       0x34 c:/st/stm32cubeide_1.7.0/stm32cubeide/plugins/com.st.stm32cube.ide.mcu.externaltools.gnu-tools-for-stm32.10.3-2021.10.win32_1.0.0.202111181127/tools/bin/../lib/gcc/arm-none-eabi/10.3.1/../../../../arm-none-eabi/lib/thumb/v7e-m+fp/hard\libstdc++_nano.a(pure.o)
 .ARM.attributes
                0x000000000000041b       0x34 c:/st/stm32cubeide_1.7.0/stm32cubeide/plugins/com.st.stm32cube.ide.mcu.externaltools.gnu-tools-for-stm32.10.3-2021.10.win32_1.0.0.202111181127/tools/bin/../lib/gcc/arm-none-eabi/10.3.1/../../../../arm-none-eabi/lib/thumb/v7e-m+fp/hard\libstdc++_nano.a(eh_terminate.o)
 .ARM.attributes
                0x000000000000044f       0x34 c:/st/stm32cubeide_1.7.0/stm32cubeide/plugins/com.st.stm32cube.ide.mcu.externaltools.gnu-tools-for-stm32.10.3-2021.10.win32_1.0.0.202111181127/tools/bin/../lib/gcc/arm-none-eabi/10.3.1/../../../../arm-none-eabi/lib/thumb/v7e-m+fp/hard\libstdc++_nano.a(eh_term_handler.o)
 .ARM.attributes
                0x0000000000000483       0x34 c:/st/stm32cubeide_1.7.0/stm32cubeide/plugins/com.st.stm32cube.ide.mcu.externaltools.gnu-tools-for-stm32.10.3-2021.10.win32_1.0.0.202111181127/tools/bin/../lib/gcc/arm-none-eabi/10.3.1/../../../../arm-none-eabi/lib/thumb/v7e-m+fp/hard\libc_nano.a(lib_a-abort.o)
 .ARM.attributes
                0x00000000000004b7       0x34 c:/st/stm32cubeide_1.7.0/stm32cubeide/plugins/com.st.stm32cube.ide.mcu.externaltools.gnu-tools-for-stm32.10.3-2021.10.win32_1.0.0.202111181127/tools/bin/../lib/gcc/arm-none-eabi/10.3.1/../../../../arm-none-eabi/lib/thumb/v7e-m+fp/hard\libc_nano.a(lib_a-errno.o)
 .ARM.attributes
                0x00000000000004eb       0x34 c:/st/stm32cubeide_1.7.0/stm32cubeide/plugins/com.st.stm32cube.ide.mcu.externaltools.gnu-tools-for-stm32.10.3-2021.10.win32_1.0.0.202111181127/tools/bin/../lib/gcc/arm-none-eabi/10.3.1/../../../../arm-none-eabi/lib/thumb/v7e-m+fp/hard\libc_nano.a(lib_a-impure.o)
 .ARM.attributes
                0x000000000000051f       0x34 c:/st/stm32cubeide_1.7.0/stm32cubeide/plugins/com.st.stm32cube.ide.mcu.externaltools.gnu-tools-for-stm32.10.3-2021.10.win32_1.0.0.202111181127/tools/bin/../lib/gcc/arm-none-eabi/10.3.1/../../../../arm-none-eabi/lib/thumb/v7e-m+fp/hard\libc_nano.a(lib_a-init.o)
 .ARM.attributes
                0x0000000000000553       0x34 c:/st/stm32cubeide_1.7.0/stm32cubeide/plugins/com.st.stm32cube.ide.mcu.externaltools.gnu-tools-for-stm32.10.3-2021.10.win32_1.0.0.202111181127/tools/bin/../lib/gcc/arm-none-eabi/10.3.1/../../../../arm-none-eabi/lib/thumb/v7e-m+fp/hard\libc_nano.a(lib_a-memcpy-stub.o)
 .ARM.attributes
                0x0000000000000587       0x34 c:/st/stm32cubeide_1.7.0/stm32cubeide/plugins/com.st.stm32cube.ide.mcu.externaltools.gnu-tools-for-stm32.10.3-2021.10.win32_1.0.0.202111181127/tools/bin/../lib/gcc/arm-none-eabi/10.3.1/../../../../arm-none-eabi/lib/thumb/v7e-m+fp/hard\libc_nano.a(lib_a-memset.o)
 .ARM.attributes
                0x00000000000005bb       0x34 c:/st/stm32cubeide_1.7.0/stm32cubeide/plugins/com.st.stm32cube.ide.mcu.externaltools.gnu-tools-for-stm32.10.3-2021.10.win32_1.0.0.202111181127/tools/bin/../lib/gcc/arm-none-eabi/10.3.1/../../../../arm-none-eabi/lib/thumb/v7e-m+fp/hard\libc_nano.a(lib_a-realloc.o)
 .ARM.attributes
                0x00000000000005ef       0x34 c:/st/stm32cubeide_1.7.0/stm32cubeide/plugins/com.st.stm32cube.ide.mcu.externaltools.gnu-tools-for-stm32.10.3-2021.10.win32_1.0.0.202111181127/tools/bin/../lib/gcc/arm-none-eabi/10.3.1/../../../../arm-none-eabi/lib/thumb/v7e-m+fp/hard\libc_nano.a(lib_a-signal.o)
 .ARM.attributes
                0x0000000000000623       0x34 c:/st/stm32cubeide_1.7.0/stm32cubeide/plugins/com.st.stm32cube.ide.mcu.externaltools.gnu-tools-for-stm32.10.3-2021.10.win32_1.0.0.202111181127/tools/bin/../lib/gcc/arm-none-eabi/10.3.1/../../../../arm-none-eabi/lib/thumb/v7e-m+fp/hard\libc_nano.a(lib_a-signalr.o)
 .ARM.attributes
                0x0000000000000657       0x17 c:/st/stm32cubeide_1.7.0/stm32cubeide/plugins/com.st.stm32cube.ide.mcu.externaltools.gnu-tools-for-stm32.10.3-2021.10.win32_1.0.0.202111181127/tools/bin/../lib/gcc/arm-none-eabi/10.3.1/../../../../arm-none-eabi/lib/thumb/v7e-m+fp/hard\libc_nano.a(lib_a-strlen.o)
 .ARM.attributes
                0x000000000000066e       0x34 c:/st/stm32cubeide_1.7.0/stm32cubeide/plugins/com.st.stm32cube.ide.mcu.externaltools.gnu-tools-for-stm32.10.3-2021.10.win32_1.0.0.202111181127/tools/bin/../lib/gcc/arm-none-eabi/10.3.1/../../../../arm-none-eabi/lib/thumb/v7e-m+fp/hard\libc_nano.a(lib_a-nano-mallocr.o)
 .ARM.attributes
                0x00000000000006a2       0x34 c:/st/stm32cubeide_1.7.0/stm32cubeide/plugins/com.st.stm32cube.ide.mcu.externaltools.gnu-tools-for-stm32.10.3-2021.10.win32_1.0.0.202111181127/tools/bin/../lib/gcc/arm-none-eabi/10.3.1/../../../../arm-none-eabi/lib/thumb/v7e-m+fp/hard\libc_nano.a(lib_a-nano-reallocr.o)
 .ARM.attributes
                0x00000000000006d6       0x34 c:/st/stm32cubeide_1.7.0/stm32cubeide/plugins/com.st.stm32cube.ide.mcu.externaltools.gnu-tools-for-stm32.10.3-2021.10.win32_1.0.0.202111181127/tools/bin/../lib/gcc/arm-none-eabi/10.3.1/../../../../arm-none-eabi/lib/thumb/v7e-m+fp/hard\libc_nano.a(lib_a-reent.o)
 .ARM.attributes
                0x000000000000070a       0x34 c:/st/stm32cubeide_1.7.0/stm32cubeide/plugins/com.st.stm32cube.ide.mcu.externaltools.gnu-tools-for-stm32.10.3-2021.10.win32_1.0.0.202111181127/tools/bin/../lib/gcc/arm-none-eabi/10.3.1/../../../../arm-none-eabi/lib/thumb/v7e-m+fp/hard\libc_nano.a(lib_a-sbrkr.o)
 .ARM.attributes
                0x000000000000073e       0x34 c:/st/stm32cubeide_1.7.0/stm32cubeide/plugins/com.st.stm32cube.ide.mcu.externaltools.gnu-tools-for-stm32.10.3-2021.10.win32_1.0.0.202111181127/tools/bin/../lib/gcc/arm-none-eabi/10.3.1/../../../../arm-none-eabi/lib/thumb/v7e-m+fp/hard\libc_nano.a(lib_a-mlock.o)
 .ARM.attributes
                0x0000000000000772       0x34 c:/st/stm32cubeide_1.7.0/stm32cubeide/plugins/com.st.stm32cube.ide.mcu.externaltools.gnu-tools-for-stm32.10.3-2021.10.win32_1.0.0.202111181127/tools/bin/../lib/gcc/arm-none-eabi/10.3.1/../../../../arm-none-eabi/lib/thumb/v7e-m+fp/hard\libc_nano.a(lib_a-nano-freer.o)
 .ARM.attributes
                0x00000000000007a6       0x34 c:/st/stm32cubeide_1.7.0/stm32cubeide/plugins/com.st.stm32cube.ide.mcu.externaltools.gnu-tools-for-stm32.10.3-2021.10.win32_1.0.0.202111181127/tools/bin/../lib/gcc/arm-none-eabi/10.3.1/../../../../arm-none-eabi/lib/thumb/v7e-m+fp/hard\libc_nano.a(lib_a-nano-msizer.o)
 .ARM.attributes
                0x00000000000007da       0x34 c:/st/stm32cubeide_1.7.0/stm32cubeide/plugins/com.st.stm32cube.ide.mcu.externaltools.gnu-tools-for-stm32.10.3-2021.10.win32_1.0.0.202111181127/tools/bin/../lib/gcc/arm-none-eabi/10.3.1/../../../../arm-none-eabi/lib/thumb/v7e-m+fp/hard\libc_nano.a(lib_a-lock.o)
 .ARM.attributes
                0x000000000000080e       0x1e c:/st/stm32cubeide_1.7.0/stm32cubeide/plugins/com.st.stm32cube.ide.mcu.externaltools.gnu-tools-for-stm32.10.3-2021.10.win32_1.0.0.202111181127/tools/bin/../lib/gcc/arm-none-eabi/10.3.1/thumb/v7e-m+fp/hard\libgcc.a(_arm_muldf3.o)
 .ARM.attributes
                0x000000000000082c       0x1e c:/st/stm32cubeide_1.7.0/stm32cubeide/plugins/com.st.stm32cube.ide.mcu.externaltools.gnu-tools-for-stm32.10.3-2021.10.win32_1.0.0.202111181127/tools/bin/../lib/gcc/arm-none-eabi/10.3.1/thumb/v7e-m+fp/hard\libgcc.a(_arm_addsubdf3.o)
 .ARM.attributes
                0x000000000000084a       0x1e c:/st/stm32cubeide_1.7.0/stm32cubeide/plugins/com.st.stm32cube.ide.mcu.externaltools.gnu-tools-for-stm32.10.3-2021.10.win32_1.0.0.202111181127/tools/bin/../lib/gcc/arm-none-eabi/10.3.1/thumb/v7e-m+fp/hard\libgcc.a(_arm_truncdfsf2.o)
 .ARM.attributes
                0x0000000000000868       0x1e c:/st/stm32cubeide_1.7.0/stm32cubeide/plugins/com.st.stm32cube.ide.mcu.externaltools.gnu-tools-for-stm32.10.3-2021.10.win32_1.0.0.202111181127/tools/bin/../lib/gcc/arm-none-eabi/10.3.1/thumb/v7e-m+fp/hard\libgcc.a(_aeabi_uldivmod.o)
 .ARM.attributes
                0x0000000000000886       0x34 c:/st/stm32cubeide_1.7.0/stm32cubeide/plugins/com.st.stm32cube.ide.mcu.externaltools.gnu-tools-for-stm32.10.3-2021.10.win32_1.0.0.202111181127/tools/bin/../lib/gcc/arm-none-eabi/10.3.1/thumb/v7e-m+fp/hard\libgcc.a(_udivmoddi4.o)
 .ARM.attributes
                0x00000000000008ba       0x1e c:/st/stm32cubeide_1.7.0/stm32cubeide/plugins/com.st.stm32cube.ide.mcu.externaltools.gnu-tools-for-stm32.10.3-2021.10.win32_1.0.0.202111181127/tools/bin/../lib/gcc/arm-none-eabi/10.3.1/thumb/v7e-m+fp/hard\libgcc.a(_dvmd_tls.o)
 .ARM.attributes
                0x00000000000008d8       0x1e c:/st/stm32cubeide_1.7.0/stm32cubeide/plugins/com.st.stm32cube.ide.mcu.externaltools.gnu-tools-for-stm32.10.3-2021.10.win32_1.0.0.202111181127/tools/bin/../lib/gcc/arm-none-eabi/10.3.1/thumb/v7e-m+fp/hard/crtn.o
OUTPUT(check.elf elf32-littlearm)
LOAD linker stubs
LOAD c:/st/stm32cubeide_1.7.0/stm32cubeide/plugins/com.st.stm32cube.ide.mcu.externaltools.gnu-tools-for-stm32.10.3-2021.10.win32_1.0.0.202111181127/tools/bin/../lib/gcc/arm-none-eabi/10.3.1/../../../../arm-none-eabi/lib/thumb/v7e-m+fp/hard\libc.a
LOAD c:/st/stm32cubeide_1.7.0/stm32cubeide/plugins/com.st.stm32cube.ide.mcu.externaltools.gnu-tools-for-stm32.10.3-2021.10.win32_1.0.0.202111181127/tools/bin/../lib/gcc/arm-none-eabi/10.3.1/../../../../arm-none-eabi/lib/thumb/v7e-m+fp/hard\libm.a
LOAD c:/st/stm32cubeide_1.7.0/stm32cubeide/plugins/com.st.stm32cube.ide.mcu.externaltools.gnu-tools-for-stm32.10.3-2021.10.win32_1.0.0.202111181127/tools/bin/../lib/gcc/arm-none-eabi/10.3.1/thumb/v7e-m+fp/hard\libgcc.a

.debug_info     0x0000000000000000    0x140d1
 .debug_info    0x0000000000000000      0xa95 ./Core/Inc/ros_lib/BufferedSerial.o
 .debug_info    0x0000000000000a95     0x1b15 ./Core/Inc/ros_lib/time.o
 .debug_info    0x00000000000025aa     0x1306 ./Core/Src/main.o
 .debug_info    0x00000000000038b0     0x6738 ./Core/Src/mainpp.o
 .debug_info    0x0000000000009fe8      0xfd4 ./Core/Src/stm32f4xx_hal_msp.o
 .debug_info    0x000000000000afbc      0x71c ./Core/Src/stm32f4xx_it.o
 .debug_info    0x000000000000b6d8      0x6e0 ./Core/Src/syscalls.o
 .debug_info    0x000000000000bdb8      0x171 ./Core/Src/sysmem.o
 .debug_info    0x000000000000bf29      0x55b ./Core/Src/system_stm32f4xx.o
 .debug_info    0x000000000000c484       0x22 ./Core/Startup/startup_stm32f446retx.o
 .debug_info    0x000000000000c4a6      0x9d2 ./Drivers/STM32F4xx_HAL_Driver/Src/stm32f4xx_hal.o
 .debug_info    0x000000000000ce78      0xd70 ./Drivers/STM32F4xx_HAL_Driver/Src/stm32f4xx_hal_adc.o
 .debug_info    0x000000000000dbe8      0xe39 ./Drivers/STM32F4xx_HAL_Driver/Src/stm32f4xx_hal_cortex.o
 .debug_info    0x000000000000ea21      0x94f ./Drivers/STM32F4xx_HAL_Driver/Src/stm32f4xx_hal_dma.o
 .debug_info    0x000000000000f370      0x80e ./Drivers/STM32F4xx_HAL_Driver/Src/stm32f4xx_hal_gpio.o
 .debug_info    0x000000000000fb7e      0x9ab ./Drivers/STM32F4xx_HAL_Driver/Src/stm32f4xx_hal_rcc.o
 .debug_info    0x0000000000010529      0x9ec ./Drivers/STM32F4xx_HAL_Driver/Src/stm32f4xx_hal_rcc_ex.o