C:/Users/user/Documents/STM32CubeIDE/workspace_1.7.0/check/Core/Inc/ros_lib/STM32Hardware.h:18:3:STM32Hardware::STM32Hardware()	16	static
C:/Users/user/Documents/STM32CubeIDE/workspace_1.7.0/check/Core/Inc/ros_lib/STM32Hardware.h:21:8:void STM32Hardware::init()	16	static
C:/Users/user/Documents/STM32CubeIDE/workspace_1.7.0/check/Core/Inc/ros_lib/STM32Hardware.h:24:7:int STM32Hardware::read()	16	static
C:/Users/user/Documents/STM32CubeIDE/workspace_1.7.0/check/Core/Inc/ros_lib/STM32Hardware.h:27:8:void STM32Hardware::write(uint8_t*, int)	24	static
C:/Users/user/Documents/STM32CubeIDE/workspace_1.7.0/check/Core/Inc/ros_lib/STM32Hardware.h:30:17:long unsigned int STM32Hardware::time()	16	static
C:/Users/user/Documents/STM32CubeIDE/workspace_1.7.0/check/Core/Inc/ros_lib/ros/msg.h:64:14:static int ros::Msg::serializeAvrFloat64(unsigned char*, float)	32	static
C:/Users/user/Documents/STM32CubeIDE/workspace_1.7.0/check/Core/Inc/ros_lib/ros/msg.h:102:14:static int ros::Msg::deserializeAvrFloat64(const unsigned char*, float*)	24	static
C:/Users/user/Documents/STM32CubeIDE/workspace_1.7.0/check/Core/Inc/ros_lib/ros/time.h:51:3:ros::Time::Time()	16	static
C:/Users/user/Documents/STM32CubeIDE/workspace_1.7.0/check/Core/Inc/ros_lib/ros/msg.h:45:7:constexpr ros::Msg::Msg()	16	static
C:/Users/user/Documents/STM32CubeIDE/workspace_1.7.0/check/Core/Inc/ros_lib/std_msgs/Time.h:19:5:std_msgs::Time::Time()	16	static
C:/Users/user/Documents/STM32CubeIDE/workspace_1.7.0/check/Core/Inc/ros_lib/std_msgs/Time.h:24:17:virtual int std_msgs::Time::serialize(unsigned char*) const	24	static
C:/Users/user/Documents/STM32CubeIDE/workspace_1.7.0/check/Core/Inc/ros_lib/std_msgs/Time.h:40:17:virtual int std_msgs::Time::deserialize(unsigned char*)	24	static
C:/Users/user/Documents/STM32CubeIDE/workspace_1.7.0/check/Core/Inc/ros_lib/std_msgs/Time.h:56:18:virtual const char* std_msgs::Time::getType()	16	static
C:/Users/user/Documents/STM32CubeIDE/workspace_1.7.0/check/Core/Inc/ros_lib/std_msgs/Time.h:57:18:virtual const char* std_msgs::Time::getMD5()	16	static
C:/Users/user/Documents/STM32CubeIDE/workspace_1.7.0/check/Core/Inc/ros_lib/rosserial_msgs/TopicInfo.h:34:5:rosserial_msgs::TopicInfo::TopicInfo()	16	static
C:/Users/user/Documents/STM32CubeIDE/workspace_1.7.0/check/Core/Inc/ros_lib/rosserial_msgs/TopicInfo.h:43:17:virtual int rosserial_msgs::TopicInfo::serialize(unsigned char*) const	40	static
C:/Users/user/Documents/STM32CubeIDE/workspace_1.7.0/check/Core/Inc/ros_lib/rosserial_msgs/TopicInfo.h:77:17:virtual int rosserial_msgs::TopicInfo::deserialize(unsigned char*)	48	static
C:/Users/user/Documents/STM32CubeIDE/workspace_1.7.0/check/Core/Inc/ros_lib/rosserial_msgs/TopicInfo.h:124:18:virtual const char* rosserial_msgs::TopicInfo::getType()	16	static
C:/Users/user/Documents/STM32CubeIDE/workspace_1.7.0/check/Core/Inc/ros_lib/rosserial_msgs/TopicInfo.h:125:18:virtual const char* rosserial_msgs::TopicInfo::getMD5()	16	static
C:/Users/user/Documents/STM32CubeIDE/workspace_1.7.0/check/Core/Inc/ros_lib/rosserial_msgs/Log.h:25:5:rosserial_msgs::Log::Log()	16	static
C:/Users/user/Documents/STM32CubeIDE/workspace_1.7.0/check/Core/Inc/ros_lib/rosserial_msgs/Log.h:31:17:virtual int rosserial_msgs::Log::serialize(unsigned char*) const	24	static
C:/Users/user/Documents/STM32CubeIDE/workspace_1.7.0/check/Core/Inc/ros_lib/rosserial_msgs/Log.h:44:17:virtual int rosserial_msgs::Log::deserialize(unsigned char*)	32	static
C:/Users/user/Documents/STM32CubeIDE/workspace_1.7.0/check/Core/Inc/ros_lib/rosserial_msgs/Log.h:61:18:virtual const char* rosserial_msgs::Log::getType()	16	static
C:/Users/user/Documents/STM32CubeIDE/workspace_1.7.0/check/Core/Inc/ros_lib/rosserial_msgs/Log.h:62:18:virtual const char* rosserial_msgs::Log::getMD5()	16	static
C:/Users/user/Documents/STM32CubeIDE/workspace_1.7.0/check/Core/Inc/ros_lib/rosserial_msgs/RequestParam.h:71:5:rosserial_msgs::RequestParamResponse::RequestParamResponse()	16	static
C:/Users/user/Documents/STM32CubeIDE/workspace_1.7.0/check/Core/Inc/ros_lib/rosserial_msgs/RequestParam.h:78:17:virtual int rosserial_msgs::RequestParamResponse::serialize(unsigned char*) const	48	static
C:/Users/user/Documents/STM32CubeIDE/workspace_1.7.0/check/Core/Inc/ros_lib/rosserial_msgs/RequestParam.h:130:17:virtual int rosserial_msgs::RequestParamResponse::deserialize(unsigned char*)	64	static
C:/Users/user/Documents/STM32CubeIDE/workspace_1.7.0/check/Core/Inc/ros_lib/rosserial_msgs/RequestParam.h:200:18:virtual const char* rosserial_msgs::RequestParamResponse::getType()	16	static
C:/Users/user/Documents/STM32CubeIDE/workspace_1.7.0/check/Core/Inc/ros_lib/rosserial_msgs/RequestParam.h:201:18:virtual const char* rosserial_msgs::RequestParamResponse::getMD5()	16	static
C:/Users/user/Documents/STM32CubeIDE/workspace_1.7.0/check/Core/Inc/ros_lib/ros/publisher.h:48:3:ros::Publisher::Publisher(const char*, ros::Msg*, int)	24	static
C:/Users/user/Documents/STM32CubeIDE/workspace_1.7.0/check/Core/Inc/ros_lib/ros/publisher.h:53:7:int ros::Publisher::publish(const ros::Msg*)	16	static
C:/Users/user/Documents/STM32CubeIDE/workspace_1.7.0/check/Core/Inc/ros_lib/ros/publisher.h:57:7:int ros::Publisher::getEndpointType()	16	static
C:/Users/user/Documents/STM32CubeIDE/workspace_1.7.0/check/Core/Inc/ros_lib/geometry_msgs/Vector3.h:22:5:geometry_msgs::Vector3::Vector3()	16	static
C:/Users/user/Documents/STM32CubeIDE/workspace_1.7.0/check/Core/Inc/ros_lib/geometry_msgs/Vector3.h:29:17:virtual int geometry_msgs::Vector3::serialize(unsigned char*) const	24	static
C:/Users/user/Documents/STM32CubeIDE/workspace_1.7.0/check/Core/Inc/ros_lib/geometry_msgs/Vector3.h:38:17:virtual int geometry_msgs::Vector3::deserialize(unsigned char*)	24	static
C:/Users/user/Documents/STM32CubeIDE/workspace_1.7.0/check/Core/Inc/ros_lib/geometry_msgs/Vector3.h:47:18:virtual const char* geometry_msgs::Vector3::getType()	16	static
C:/Users/user/Documents/STM32CubeIDE/workspace_1.7.0/check/Core/Inc/ros_lib/geometry_msgs/Vector3.h:48:18:virtual const char* geometry_msgs::Vector3::getMD5()	16	static
C:/Users/user/Documents/STM32CubeIDE/workspace_1.7.0/check/Core/Inc/ros_lib/geometry_msgs/Twist.h:21:5:geometry_msgs::Twist::Twist()	16	static
C:/Users/user/Documents/STM32CubeIDE/workspace_1.7.0/check/Core/Inc/ros_lib/geometry_msgs/Twist.h:27:17:virtual int geometry_msgs::Twist::serialize(unsigned char*) const	24	static
C:/Users/user/Documents/STM32CubeIDE/workspace_1.7.0/check/Core/Inc/ros_lib/geometry_msgs/Twist.h:35:17:virtual int geometry_msgs::Twist::deserialize(unsigned char*)	24	static
C:/Users/user/Documents/STM32CubeIDE/workspace_1.7.0/check/Core/Inc/ros_lib/geometry_msgs/Twist.h:43:18:virtual const char* geometry_msgs::Twist::getType()	16	static
C:/Users/user/Documents/STM32CubeIDE/workspace_1.7.0/check/Core/Inc/ros_lib/geometry_msgs/Twist.h:44:18:virtual const char* geometry_msgs::Twist::getMD5()	16	static
C:/Users/user/Documents/STM32CubeIDE/workspace_1.7.0/check/Core/Inc/ros_lib/freeway_joyfw/stm_fw_msg.h:23:5:freeway_joyfw::stm_fw_msg::stm_fw_msg()	16	static
C:/Users/user/Documents/STM32CubeIDE/workspace_1.7.0/check/Core/Inc/ros_lib/freeway_joyfw/stm_fw_msg.h:30:17:virtual int freeway_joyfw::stm_fw_msg::serialize(unsigned char*) const	32	static
C:/Users/user/Documents/STM32CubeIDE/workspace_1.7.0/check/Core/Inc/ros_lib/freeway_joyfw/stm_fw_msg.h:51:17:virtual int freeway_joyfw::stm_fw_msg::deserialize(unsigned char*)	32	static
C:/Users/user/Documents/STM32CubeIDE/workspace_1.7.0/check/Core/Inc/ros_lib/freeway_joyfw/stm_fw_msg.h:74:18:virtual const char* freeway_joyfw::stm_fw_msg::getType()	16	static
C:/Users/user/Documents/STM32CubeIDE/workspace_1.7.0/check/Core/Inc/ros_lib/freeway_joyfw/stm_fw_msg.h:75:18:virtual const char* freeway_joyfw::stm_fw_msg::getMD5()	16	static
C:/Users/user/Documents/STM32CubeIDE/workspace_1.7.0/check/Core/Inc/ros_lib/freeway_joyfw/stm_am_msg.h:18:5:freeway_joyfw::stm_am_msg::stm_am_msg()	16	static
C:/Users/user/Documents/STM32CubeIDE/workspace_1.7.0/check/Core/Inc/ros_lib/freeway_joyfw/stm_am_msg.h:23:17:virtual int freeway_joyfw::stm_am_msg::serialize(unsigned char*) const	24	static
C:/Users/user/Documents/STM32CubeIDE/workspace_1.7.0/check/Core/Inc/ros_lib/freeway_joyfw/stm_am_msg.h:36:17:virtual int freeway_joyfw::stm_am_msg::deserialize(unsigned char*)	24	static
C:/Users/user/Documents/STM32CubeIDE/workspace_1.7.0/check/Core/Inc/ros_lib/freeway_joyfw/stm_am_msg.h:50:18:virtual const char* freeway_joyfw::stm_am_msg::getType()	16	static
C:/Users/user/Documents/STM32CubeIDE/workspace_1.7.0/check/Core/Inc/ros_lib/freeway_joyfw/stm_am_msg.h:51:18:virtual const char* freeway_joyfw::stm_am_msg::getMD5()	16	static
../Core/Src/mainpp.cpp:55:6:void am_status_cb(const freeway_joyfw::stm_am_msg&)	24	static
../Core/Src/mainpp.cpp:61:6:long int map(uint32_t, long int, long int, long int, long int)	24	static
../Core/Src/mainpp.cpp:67:6:void setup()	8	static
../Core/Src/mainpp.cpp:80:6:void loop(uint32_t, uint32_t)	32	static
../Core/Src/mainpp.cpp:112:6:void HAL_GPIO_EXTI_Callback(uint16_t)	24	static
../Core/Src/mainpp.cpp:153:6:void HAL_GPIO_EXTI_Callback3(uint16_t)	24	static
C:/Users/user/Documents/STM32CubeIDE/workspace_1.7.0/check/Core/Inc/ros_lib/ros/msg.h:129:15:static void ros::Msg::varToArr(A, V) [with A = unsigned char*; V = long unsigned int]	24	static
C:/Users/user/Documents/STM32CubeIDE/workspace_1.7.0/check/Core/Inc/ros_lib/ros/msg.h:137:15:static void ros::Msg::arrToVar(V&, A) [with V = long unsigned int; A = unsigned char*]	24	static
C:/Users/user/Documents/STM32CubeIDE/workspace_1.7.0/check/Core/Inc/ros_lib/ros/node_handle.h:50:7:constexpr ros::NodeHandleBase_::NodeHandleBase_()	16	static
C:/Users/user/Documents/STM32CubeIDE/workspace_1.7.0/check/Core/Inc/ros_lib/ros/node_handle.h:128:3:ros::NodeHandle_<Hardware, MAX_SUBSCRIBERS, MAX_PUBLISHERS, INPUT_SIZE, OUTPUT_SIZE>::NodeHandle_() [with Hardware = STM32Hardware; int MAX_SUBSCRIBERS = 25; int MAX_PUBLISHERS = 25; int INPUT_SIZE = 1024; int OUTPUT_SIZE = 1024]	32	static
C:/Users/user/Documents/STM32CubeIDE/workspace_1.7.0/check/Core/Inc/ros_lib/ros/subscriber.h:44:7:ros::Subscriber_::Subscriber_()	16	static
C:/Users/user/Documents/STM32CubeIDE/workspace_1.7.0/check/Core/Inc/ros_lib/ros/subscriber.h:107:3:ros::Subscriber<MsgT, void>::Subscriber(const char*, ros::Subscriber<MsgT, void>::CallbackT, int) [with MsgT = freeway_joyfw::stm_am_msg]	24	static
C:/Users/user/Documents/STM32CubeIDE/workspace_1.7.0/check/Core/Inc/ros_lib/ros/node_handle.h:159:8:void ros::NodeHandle_<Hardware, MAX_SUBSCRIBERS, MAX_PUBLISHERS, INPUT_SIZE, OUTPUT_SIZE>::initNode() [with Hardware = STM32Hardware; int MAX_SUBSCRIBERS = 25; int MAX_PUBLISHERS = 25; int INPUT_SIZE = 1024; int OUTPUT_SIZE = 1024]	16	static
C:/Users/user/Documents/STM32CubeIDE/workspace_1.7.0/check/Core/Inc/ros_lib/ros/node_handle.h:432:8:bool ros::NodeHandle_<Hardware, MAX_SUBSCRIBERS, MAX_PUBLISHERS, INPUT_SIZE, OUTPUT_SIZE>::subscribe(SubscriberT&) [with SubscriberT = ros::Subscriber<freeway_joyfw::stm_am_msg>; Hardware = STM32Hardware; int MAX_SUBSCRIBERS = 25; int MAX_PUBLISHERS = 25; int INPUT_SIZE = 1024; int OUTPUT_SIZE = 1024]	24	static
C:/Users/user/Documents/STM32CubeIDE/workspace_1.7.0/check/Core/Inc/ros_lib/ros/node_handle.h:415:8:bool ros::NodeHandle_<Hardware, MAX_SUBSCRIBERS, MAX_PUBLISHERS, INPUT_SIZE, OUTPUT_SIZE>::advertise(ros::Publisher&) [with Hardware = STM32Hardware; int MAX_SUBSCRIBERS = 25; int MAX_PUBLISHERS = 25; int INPUT_SIZE = 1024; int OUTPUT_SIZE = 1024]	24	static
C:/Users/user/Documents/STM32CubeIDE/workspace_1.7.0/check/Core/Inc/ros_lib/ros/node_handle.h:212:15:int ros::NodeHandle_<Hardware, MAX_SUBSCRIBERS, MAX_PUBLISHERS, INPUT_SIZE, OUTPUT_SIZE>::spinOnce() [with Hardware = STM32Hardware; int MAX_SUBSCRIBERS = 25; int MAX_PUBLISHERS = 25; int INPUT_SIZE = 1024; int OUTPUT_SIZE = 1024]	24	static
C:/Users/user/Documents/STM32CubeIDE/workspace_1.7.0/check/Core/Inc/ros_lib/ros/node_handle.h:372:8:void ros::NodeHandle_<Hardware, MAX_SUBSCRIBERS, MAX_PUBLISHERS, INPUT_SIZE, OUTPUT_SIZE>::requestSyncTime() [with Hardware = STM32Hardware; int MAX_SUBSCRIBERS = 25; int MAX_PUBLISHERS = 25; int INPUT_SIZE = 1024; int OUTPUT_SIZE = 1024]	32	static
C:/Users/user/Documents/STM32CubeIDE/workspace_1.7.0/check/Core/Inc/ros_lib/ros/node_handle.h:480:8:void ros::NodeHandle_<Hardware, MAX_SUBSCRIBERS, MAX_PUBLISHERS, INPUT_SIZE, OUTPUT_SIZE>::negotiateTopics() [with Hardware = STM32Hardware; int MAX_SUBSCRIBERS = 25; int MAX_PUBLISHERS = 25; int INPUT_SIZE = 1024; int OUTPUT_SIZE = 1024]	56	static
C:/Users/user/Documents/STM32CubeIDE/workspace_1.7.0/check/Core/Inc/ros_lib/ros/node_handle.h:379:8:void ros::NodeHandle_<Hardware, MAX_SUBSCRIBERS, MAX_PUBLISHERS, INPUT_SIZE, OUTPUT_SIZE>::syncTime(uint8_t*) [with Hardware = STM32Hardware; int MAX_SUBSCRIBERS = 25; int MAX_PUBLISHERS = 25; int INPUT_SIZE = 1024; int OUTPUT_SIZE = 1024]	32	static
C:/Users/user/Documents/STM32CubeIDE/workspace_1.7.0/check/Core/Inc/ros_lib/ros/node_handle.h:511:15:int ros::NodeHandle_<Hardware, MAX_SUBSCRIBERS, MAX_PUBLISHERS, INPUT_SIZE, OUTPUT_SIZE>::publish(int, const ros::Msg*) [with Hardware = STM32Hardware; int MAX_SUBSCRIBERS = 25; int MAX_PUBLISHERS = 25; int INPUT_SIZE = 1024; int OUTPUT_SIZE = 1024]	40	static
C:/Users/user/Documents/STM32CubeIDE/workspace_1.7.0/check/Core/Inc/ros_lib/ros/node_handle.h:402:8:void ros::NodeHandle_<Hardware, MAX_SUBSCRIBERS, MAX_PUBLISHERS, INPUT_SIZE, OUTPUT_SIZE>::setNow(ros::Time&) [with Hardware = STM32Hardware; int MAX_SUBSCRIBERS = 25; int MAX_PUBLISHERS = 25; int INPUT_SIZE = 1024; int OUTPUT_SIZE = 1024]	24	static
C:/Users/user/Documents/STM32CubeIDE/workspace_1.7.0/check/Core/Inc/ros_lib/ros/node_handle.h:573:8:void ros::NodeHandle_<Hardware, MAX_SUBSCRIBERS, MAX_PUBLISHERS, INPUT_SIZE, OUTPUT_SIZE>::logerror(const char*) [with Hardware = STM32Hardware; int MAX_SUBSCRIBERS = 25; int MAX_PUBLISHERS = 25; int INPUT_SIZE = 1024; int OUTPUT_SIZE = 1024]	16	static
C:/Users/user/Documents/STM32CubeIDE/workspace_1.7.0/check/Core/Inc/ros_lib/ros/node_handle.h:552:8:void ros::NodeHandle_<Hardware, MAX_SUBSCRIBERS, MAX_PUBLISHERS, INPUT_SIZE, OUTPUT_SIZE>::log(char, const char*) [with Hardware = STM32Hardware; int MAX_SUBSCRIBERS = 25; int MAX_PUBLISHERS = 25; int INPUT_SIZE = 1024; int OUTPUT_SIZE = 1024]	40	static
../Core/Src/mainpp.cpp:166:1:void __static_initialization_and_destruction_0(int, int)	16	static
C:/Users/user/Documents/STM32CubeIDE/workspace_1.7.0/check/Core/Inc/ros_lib/ros/subscriber.h:114:16:void ros::Subscriber<MsgT, void>::callback(unsigned char*) [with MsgT = freeway_joyfw::stm_am_msg]	16	static
C:/Users/user/Documents/STM32CubeIDE/workspace_1.7.0/check/Core/Inc/ros_lib/ros/subscriber.h:128:15:int ros::Subscriber<MsgT, void>::getEndpointType() [with MsgT = freeway_joyfw::stm_am_msg]	16	static
C:/Users/user/Documents/STM32CubeIDE/workspace_1.7.0/check/Core/Inc/ros_lib/ros/subscriber.h:120:24:const char* ros::Subscriber<MsgT, void>::getMsgType() [with MsgT = freeway_joyfw::stm_am_msg]	16	static
C:/Users/user/Documents/STM32CubeIDE/workspace_1.7.0/check/Core/Inc/ros_lib/ros/subscriber.h:124:24:const char* ros::Subscriber<MsgT, void>::getMsgMD5() [with MsgT = freeway_joyfw::stm_am_msg]	16	static
C:/Users/user/Documents/STM32CubeIDE/workspace_1.7.0/check/Core/Inc/ros_lib/ros/node_handle.h:363:16:bool ros::NodeHandle_<Hardware, MAX_SUBSCRIBERS, MAX_PUBLISHERS, INPUT_SIZE, OUTPUT_SIZE>::connected() [with Hardware = STM32Hardware; int MAX_SUBSCRIBERS = 25; int MAX_PUBLISHERS = 25; int INPUT_SIZE = 1024; int OUTPUT_SIZE = 1024]	16	static
../Core/Src/mainpp.cpp:166:1:cpp)	8	static
